<html>
<body>
<pre>
<h1>µVision Build Log</h1>
<h2>Tool Versions:</h2>
IDE-Version: ¦ÌVision V5.38.0.0
Copyright (C) 2022 ARM Ltd and ARM Germany GmbH. All rights reserved.
License Information: W Q, S, LIC=D0D7S-LH3TQ-Z9GG9-4UI8Q-VUYX4-LQ4SG
 
Tool Versions:
Toolchain:       MDK-ARM Plus  Version: 5.38.0.0
Toolchain Path:  D:\Keil_v5\ARM\ARMCC\Bin
C Compiler:      Armcc.exe V5.06 update 7 (build 960)
Assembler:       Armasm.exe V5.06 update 7 (build 960)
Linker/Locator:  ArmLink.exe V5.06 update 7 (build 960)
Library Manager: ArmAr.exe V5.06 update 7 (build 960)
Hex Converter:   FromElf.exe V5.06 update 7 (build 960)
CPU DLL:         
Dialog DLL:      
Target DLL:      Segger\JL2CM3.dll V2.99.42.0
Dialog DLL:      TCM.DLL V1.56.4.0
 
<h2>Project:</h2>
F:\1_Project\XF\nRF52810\nRF5_SDK_17.0.2_d674dde\examples\dfu\secure_bootloader\pca10040e_s112_ble\arm5_no_packs\secure_bootloader_ble_s112_pca10040e.uvprojx
Project File Date:  11/07/2023

<h2>Output:</h2>
*** Using Compiler 'V5.06 update 7 (build 960)', folder: 'D:\Keil_v5\ARM\ARMCC\Bin'
Rebuild target 'nrf52810_xxaa_s112'
compiling dfu_public_key.c...
compiling ble_srv_common.c...
compiling nrf_bootloader_app_start.c...
compiling nrf_crypto_ecc.c...
compiling nrf_bootloader_app_start_final.c...
compiling boards.c...
compiling nrf_bootloader_fw_activation.c...
compiling nrf_bootloader_dfu_timers.c...
compiling nrf_bootloader_wdt.c...
compiling nrf_bootloader_info.c...
compiling main.c...
compiling oberon_backend_ecc.c...
compiling oberon_backend_ecdsa.c...
compiling oberon_backend_eddsa.c...
compiling oberon_backend_ecdh.c...
compiling nrf_bootloader.c...
compiling nrf_crypto_shared.c...
compiling nrf_crypto_init.c...
compiling oberon_backend_chacha_poly_aead.c...
compiling nrf_crypto_ecdsa.c...
compiling nrf_crypto_hash.c...
compiling oberon_backend_hash.c...
compiling dfu-cc.pb.c...
compiling nrf_sw_backend_hash.c...
compiling micro_ecc_backend_ecdsa.c...
compiling oberon_backend_hmac.c...
compiling micro_ecc_backend_ecdh.c...
compiling micro_ecc_backend_ecc.c...
compiling nrf_dfu_handling_error.c...
compiling nrf_dfu_mbr.c...
compiling nrf_dfu_flash.c...
compiling nrf_dfu.c...
compiling nrf_dfu_transport.c...
compiling nrf_dfu_settings_svci.c...
compiling nrf_dfu_ble.c...
compiling nrf_dfu_settings.c...
compiling nrf_dfu_utils.c...
compiling nrf_dfu_req_handler.c...
compiling nrf_dfu_validation.c...
compiling nrf_nvmc.c...
compiling app_error_weak.c...
compiling nrfx_atomic.c...
compiling app_scheduler.c...
compiling app_util_platform.c...
compiling nrf_assert.c...
compiling crc32.c...
compiling nrf_dfu_ver_validation.c...
compiling mem_manager.c...
compiling nrf_atfifo.c...
compiling nrf_atomic.c...
compiling nrf_fstorage.c...
compiling nrf_balloc.c...
compiling nrf_queue.c...
compiling nrf_fstorage_sd.c...
compiling nrf_section_iter.c...
compiling nrf_fstorage_nvmc.c...
compiling nrf_ringbuf.c...
compiling sha256.c...
compiling nrf_strerror.c...
compiling pb_common.c...
assembling arm_startup_nrf52810.s...
compiling nrf_dfu_svci.c...
compiling pb_decode.c...
compiling nrf_svc_handler.c...
compiling nrf_sdh_soc.c...
compiling nrf_sdh.c...
compiling nrf_dfu_svci_handler.c...
compiling nrf_sdh_ble.c...
compiling system_nrf52810.c...
linking...
Program Size: Code=21472 RO-data=2264 RW-data=188 ZI-data=19768  
FromELF: creating hex file...
".\_build\nrf52810_xxaa_s112.axf" - 0 Error(s), 0 Warning(s).

<h2>Software Packages used:</h2>

Package Vendor: ARM
                http://www.keil.com/pack/ARM.CMSIS.5.6.0.pack
                ARM.CMSIS.5.6.0
                CMSIS (Cortex Microcontroller Software Interface Standard)
   * Component: CORE Version: 5.3.0

Package Vendor: NordicSemiconductor
                http://developer.nordicsemi.com/nRF5_SDK/pieces/nRF_DeviceFamilyPack/NordicSemiconductor.nRF_DeviceFamilyPack.8.35.0.pack
                NordicSemiconductor.nRF_DeviceFamilyPack.8.35.0
                Nordic Semiconductor nRF ARM devices Device Family Pack with BSD license.
   * Component: Startup Version: 8.35.0

<h2>Collection of Component include folders:</h2>
  ./RTE/_nrf52810_xxaa_s112
  C:/Users/DELL/AppData/Local/Arm/Packs/ARM/CMSIS/5.6.0/CMSIS/Core/Include
  C:/Users/DELL/AppData/Local/Arm/Packs/NordicSemiconductor/nRF_DeviceFamilyPack/8.35.0/Device/Include

<h2>Collection of Component Files used:</h2>

   * Component: ARM::CMSIS:CORE:5.3.0

   * Component: NordicSemiconductor::Device:Startup:8.35.0
      Source file:   Device/Source/system_nrf52810.c
      Include file:  Device/Include/system_nrf.h
      Source file:   Device/Source/arm/arm_startup_nrf52810.s
      Include file:  Device/Include/system_nrf52810.h
Build Time Elapsed:  00:00:12
</pre>
</body>
</html>
