Component: ARM Compiler 5.06 update 7 (build 960) Tool: armlink [4d3601]

==============================================================================

Section Cross References

    main.o(i.app_error_fault_handler) refers to boards.o(i.bsp_board_leds_on) for bsp_board_leds_on
    main.o(i.app_error_fault_handler) refers to app_error.o(i.app_error_save_and_stop) for app_error_save_and_stop
    main.o(i.bsp_evt_handler) refers to memcpya.o(.text) for __aeabi_memcpy4
    main.o(i.bsp_evt_handler) refers to nrfx_pwm.o(i.nrfx_pwm_uninit) for nrfx_pwm_uninit
    main.o(i.bsp_evt_handler) refers to main.o(.constdata) for .constdata
    main.o(i.bsp_evt_handler) refers to main.o(.data) for .data
    main.o(i.demo1) refers to nrf_log_frontend.o(i.nrf_log_frontend_std_0) for nrf_log_frontend_std_0
    main.o(i.demo1) refers to nrfx_pwm.o(i.nrfx_pwm_init) for nrfx_pwm_init
    main.o(i.demo1) refers to app_error.o(i.app_error_handler_bare) for app_error_handler_bare
    main.o(i.demo1) refers to nrfx_pwm.o(i.nrfx_pwm_simple_playback) for nrfx_pwm_simple_playback
    main.o(i.demo1) refers to nrf_log_frontend.o(log_const_data) for m_nrf_log_app_logs_data_const
    main.o(i.demo1) refers to main.o(.constdata) for .constdata
    main.o(i.demo1) refers to main.o(i.demo1_handler) for demo1_handler
    main.o(i.demo1) refers to main.o(.data) for .data
    main.o(i.demo1_handler) refers to main.o(.data) for .data
    main.o(i.demo2) refers to nrf_log_frontend.o(i.nrf_log_frontend_std_0) for nrf_log_frontend_std_0
    main.o(i.demo2) refers to nrfx_pwm.o(i.nrfx_pwm_init) for nrfx_pwm_init
    main.o(i.demo2) refers to app_error.o(i.app_error_handler_bare) for app_error_handler_bare
    main.o(i.demo2) refers to nrfx_pwm.o(i.nrfx_pwm_complex_playback) for nrfx_pwm_complex_playback
    main.o(i.demo2) refers to nrf_log_frontend.o(log_const_data) for m_nrf_log_app_logs_data_const
    main.o(i.demo2) refers to main.o(.constdata) for .constdata
    main.o(i.demo2) refers to main.o(.data) for .data
    main.o(i.demo2) refers to main.o(.bss) for .bss
    main.o(i.demo3) refers to nrf_log_frontend.o(i.nrf_log_frontend_std_0) for nrf_log_frontend_std_0
    main.o(i.demo3) refers to nrfx_pwm.o(i.nrfx_pwm_init) for nrfx_pwm_init
    main.o(i.demo3) refers to app_error.o(i.app_error_handler_bare) for app_error_handler_bare
    main.o(i.demo3) refers to nrfx_pwm.o(i.nrfx_pwm_simple_playback) for nrfx_pwm_simple_playback
    main.o(i.demo3) refers to nrf_log_frontend.o(log_const_data) for m_nrf_log_app_logs_data_const
    main.o(i.demo3) refers to main.o(.constdata) for .constdata
    main.o(i.demo3) refers to main.o(.data) for .data
    main.o(i.demo4) refers to nrf_log_frontend.o(i.nrf_log_frontend_std_0) for nrf_log_frontend_std_0
    main.o(i.demo4) refers to nrfx_pwm.o(i.nrfx_pwm_init) for nrfx_pwm_init
    main.o(i.demo4) refers to app_error.o(i.app_error_handler_bare) for app_error_handler_bare
    main.o(i.demo4) refers to nrfx_pwm.o(i.nrfx_pwm_simple_playback) for nrfx_pwm_simple_playback
    main.o(i.demo4) refers to nrfx_pwm.o(i.nrfx_pwm_complex_playback) for nrfx_pwm_complex_playback
    main.o(i.demo4) refers to nrf_log_frontend.o(log_const_data) for m_nrf_log_app_logs_data_const
    main.o(i.demo4) refers to main.o(.constdata) for .constdata
    main.o(i.demo4) refers to main.o(.data) for .data
    main.o(i.demo4) refers to main.o(.bss) for .bss
    main.o(i.demo5) refers to nrf_log_frontend.o(i.nrf_log_frontend_std_0) for nrf_log_frontend_std_0
    main.o(i.demo5) refers to nrfx_pwm.o(i.nrfx_pwm_init) for nrfx_pwm_init
    main.o(i.demo5) refers to app_error.o(i.app_error_handler_bare) for app_error_handler_bare
    main.o(i.demo5) refers to nrfx_pwm.o(i.nrfx_pwm_simple_playback) for nrfx_pwm_simple_playback
    main.o(i.demo5) refers to nrf_log_frontend.o(log_const_data) for m_nrf_log_app_logs_data_const
    main.o(i.demo5) refers to main.o(.constdata) for .constdata
    main.o(i.demo5) refers to main.o(.data) for .data
    main.o(i.main) refers to nrf_log_frontend.o(i.nrf_log_init) for nrf_log_init
    main.o(i.main) refers to app_error.o(i.app_error_handler_bare) for app_error_handler_bare
    main.o(i.main) refers to nrf_log_default_backends.o(i.nrf_log_default_backends_init) for nrf_log_default_backends_init
    main.o(i.main) refers to nrf_drv_clock.o(i.nrf_drv_clock_init) for nrf_drv_clock_init
    main.o(i.main) refers to nrf_drv_clock.o(i.nrf_drv_clock_lfclk_request) for nrf_drv_clock_lfclk_request
    main.o(i.main) refers to app_timer2.o(i.app_timer_init) for app_timer_init
    main.o(i.main) refers to bsp.o(i.bsp_init) for bsp_init
    main.o(i.main) refers to bsp.o(i.bsp_buttons_enable) for bsp_buttons_enable
    main.o(i.main) refers to nrf_log_frontend.o(i.nrf_log_frontend_std_0) for nrf_log_frontend_std_0
    main.o(i.main) refers to main.o(i.demo1) for demo1
    main.o(i.main) refers to nrf_log_frontend.o(i.nrf_log_frontend_dequeue) for nrf_log_frontend_dequeue
[...]
    i.pin_in_use_by_te                       0x000037e8   Section        0  nrfx_gpiote.o(i.pin_in_use_by_te)
    pin_in_use_by_te                         0x000037e9   Thumb Code    20  nrfx_gpiote.o(i.pin_in_use_by_te)
    i.port_event_handle                      0x00003800   Section        0  nrfx_gpiote.o(i.port_event_handle)
    port_event_handle                        0x00003801   Thumb Code   176  nrfx_gpiote.o(i.port_event_handle)
    i.port_handler_polarity_get              0x000038b4   Section        0  nrfx_gpiote.o(i.port_handler_polarity_get)
    port_handler_polarity_get                0x000038b5   Thumb Code    12  nrfx_gpiote.o(i.port_handler_polarity_get)
    i.postfix_process                        0x000038c4   Section        0  nrf_log_str_formatter.o(i.postfix_process)
    postfix_process                          0x000038c5   Thumb Code    48  nrf_log_str_formatter.o(i.postfix_process)
    i.prefix_process                         0x00003900   Section        0  nrf_log_str_formatter.o(i.prefix_process)
    prefix_process                           0x00003901   Thumb Code    90  nrf_log_str_formatter.o(i.prefix_process)
    i.prs_box_get                            0x00003998   Section        0  nrfx_prs.o(i.prs_box_get)
    prs_box_get                              0x00003999   Thumb Code    14  nrfx_prs.o(i.prs_box_get)
    i.rtc_irq                                0x000039b0   Section        0  app_timer2.o(i.rtc_irq)
    rtc_irq                                  0x000039b1   Thumb Code    88  app_timer2.o(i.rtc_irq)
    i.rtc_schedule                           0x00003a0c   Section        0  app_timer2.o(i.rtc_schedule)
    rtc_schedule                             0x00003a0d   Thumb Code    92  app_timer2.o(i.rtc_schedule)
    i.rtc_update                             0x00003a70   Section        0  app_timer2.o(i.rtc_update)
    rtc_update                               0x00003a71   Thumb Code   108  app_timer2.o(i.rtc_update)
    i.rx_byte                                0x00003ae4   Section        0  nrfx_uart.o(i.rx_byte)
    rx_byte                                  0x00003ae5   Thumb Code    50  nrfx_uart.o(i.rx_byte)
    i.rx_done_event                          0x00003b16   Section        0  nrfx_uart.o(i.rx_done_event)
    rx_done_event                            0x00003b17   Thumb Code    22  nrfx_uart.o(i.rx_done_event)
    i.rx_done_event                          0x00003b2c   Section        0  nrfx_uarte.o(i.rx_done_event)
    rx_done_event                            0x00003b2d   Thumb Code    22  nrfx_uarte.o(i.rx_done_event)
    i.serial_tx                              0x00003b44   Section        0  nrf_log_backend_uart.o(i.serial_tx)
    serial_tx                                0x00003b45   Thumb Code    54  nrf_log_backend_uart.o(i.serial_tx)
    i.sortlist_pop                           0x00003b84   Section        0  app_timer2.o(i.sortlist_pop)
    sortlist_pop                             0x00003b85   Thumb Code     6  app_timer2.o(i.sortlist_pop)
    i.start_playback                         0x00003b90   Section        0  nrfx_pwm.o(i.start_playback)
    start_playback                           0x00003b91   Thumb Code    76  nrfx_pwm.o(i.start_playback)
    i.state_set                              0x00003bdc   Section        0  app_button.o(i.state_set)
    state_set                                0x00003bdd   Thumb Code    44  app_button.o(i.state_set)
    i.std_n                                  0x00003c0c   Section        0  nrf_log_frontend.o(i.std_n)
    std_n                                    0x00003c0d   Thumb Code   140  nrf_log_frontend.o(i.std_n)
    i.timer_expire                           0x00003ca0   Section        0  app_timer2.o(i.timer_expire)
    timer_expire                             0x00003ca1   Thumb Code    80  app_timer2.o(i.timer_expire)
    i.timer_req_process                      0x00003cf8   Section        0  app_timer2.o(i.timer_req_process)
    timer_req_process                        0x00003cf9   Thumb Code   110  app_timer2.o(i.timer_req_process)
    i.timer_req_schedule                     0x00003d70   Section        0  app_timer2.o(i.timer_req_schedule)
    timer_req_schedule                       0x00003d71   Thumb Code    46  app_timer2.o(i.timer_req_schedule)
    i.timer_start                            0x00003da8   Section        0  app_button.o(i.timer_start)
    timer_start                              0x00003da9   Thumb Code    16  app_button.o(i.timer_start)
    i.tx_byte                                0x00003dc0   Section        0  nrfx_uart.o(i.tx_byte)
    tx_byte                                  0x00003dc1   Thumb Code    32  nrfx_uart.o(i.tx_byte)
    i.tx_done_event                          0x00003de0   Section        0  nrfx_uart.o(i.tx_done_event)
    tx_done_event                            0x00003de1   Thumb Code    26  nrfx_uart.o(i.tx_done_event)
    i.tx_done_event                          0x00003dfa   Section        0  nrfx_uarte.o(i.tx_done_event)
    tx_done_event                            0x00003dfb   Thumb Code    26  nrfx_uarte.o(i.tx_done_event)
    i.uart_evt_handler                       0x00003e14   Section        0  nrf_drv_uart.o(i.uart_evt_handler)
    uart_evt_handler                         0x00003e15   Thumb Code    42  nrf_drv_uart.o(i.uart_evt_handler)
    i.uart_evt_handler                       0x00003e44   Section        0  nrf_log_backend_uart.o(i.uart_evt_handler)
    uart_evt_handler                         0x00003e45   Thumb Code     8  nrf_log_backend_uart.o(i.uart_evt_handler)
    i.uart_init                              0x00003e50   Section        0  nrf_log_backend_uart.o(i.uart_init)
    uart_init                                0x00003e51   Thumb Code    66  nrf_log_backend_uart.o(i.uart_init)
    i.uart_irq_handler                       0x00003ea0   Section        0  nrfx_uart.o(i.uart_irq_handler)
    uart_irq_handler                         0x00003ea1   Thumb Code   298  nrfx_uart.o(i.uart_irq_handler)
    i.uarte_evt_handler                      0x00003fcc   Section        0  nrf_drv_uart.o(i.uarte_evt_handler)
    uarte_evt_handler                        0x00003fcd   Thumb Code    42  nrf_drv_uart.o(i.uarte_evt_handler)
    i.uarte_irq_handler                      0x00003ffc   Section        0  nrfx_uarte.o(i.uarte_irq_handler)
    uarte_irq_handler                        0x00003ffd   Thumb Code   274  nrfx_uarte.o(i.uarte_irq_handler)
    i.unsigned_print                         0x00004110   Section        0  nrf_fprintf_format.o(i.unsigned_print)
    unsigned_print                           0x00004111   Thumb Code   176  nrf_fprintf_format.o(i.unsigned_print)
    i.usr_event                              0x000041c4   Section        0  app_button.o(i.usr_event)
    usr_event                                0x000041c5   Thumb Code    32  app_button.o(i.usr_event)
    .constdata                               0x000041e4   Section      240  main.o(.constdata)
    m_demo1_seq                              0x000041e4   Data          16  main.o(.constdata)
    .constdata                               0x000042d4   Section        8  boards.o(.constdata)
    m_board_led_list                         0x000042d4   Data           4  boards.o(.constdata)
    m_board_btn_list                         0x000042d8   Data           4  boards.o(.constdata)
    .constdata                               0x000042dc   Section       44  bsp.o(.constdata)
    m_bsp_leds_tmr                           0x000042dc   Data           4  bsp.o(.constdata)
    m_bsp_alert_tmr                          0x000042e0   Data           4  bsp.o(.constdata)
    m_bsp_button_tmr                         0x000042e4   Data           4  bsp.o(.constdata)
    app_buttons                              0x000042e8   Data          32  bsp.o(.constdata)
    .constdata                               0x00004308   Section        4  nrfx_gpiote.o(.constdata)
    .constdata                               0x0000430c   Section        4  nrfx_uart.o(.constdata)
    irq_handlers                             0x0000430c   Data           4  nrfx_uart.o(.constdata)
    .constdata                               0x00004310   Section        4  nrfx_uarte.o(.constdata)
    irq_handlers                             0x00004310   Data           4  nrfx_uarte.o(.constdata)
    .constdata                               0x00004314   Section        8  app_button.o(.constdata)
    m_detection_delay_timer_id               0x00004318   Data           4  app_button.o(.constdata)
    .constdata                               0x0000431c   Section       20  app_timer2.o(.constdata)
    m_req_fifo                               0x0000431c   Data           4  app_timer2.o(.constdata)
    m_app_timer_sortlist                     0x00004324   Data          12  app_timer2.o(.constdata)
    .constdata                               0x00004330   Section        6  drv_rtc.o(.constdata)
    delay_machine_code                       0x00004330   Data           6  drv_rtc.o(.constdata)
    .constdata                               0x00004336   Section       16  nrf_fprintf_format.o(.constdata)
    _aV2C                                    0x00004336   Data          16  nrf_fprintf_format.o(.constdata)
    .constdata                               0x00004348   Section       12  nrf_log_backend_uart.o(.constdata)
    .constdata                               0x00004354   Section       32  nrf_log_backend_uart.o(.constdata)
    .constdata                               0x00004374   Section       12  nrf_log_frontend.o(.constdata)
    m_log_push_ringbuf                       0x00004374   Data          12  nrf_log_frontend.o(.constdata)
    .constdata                               0x00004380   Section      129  ctype_o.o(.constdata)
    .constdata                               0x00004404   Section        4  ctype_o.o(.constdata)
    table                                    0x00004404   Data           4  ctype_o.o(.constdata)
    .conststring                             0x00004408   Section      102  nrf_log_str_formatter.o(.conststring)
    .conststrlit                             0x00004470   Section        6  nrf_drv_clock.o(.conststrlit)
    .conststrlit                             0x00004478   Section        6  nrfx_clock.o(.conststrlit)
    .conststrlit                             0x00004480   Section        7  nrfx_gpiote.o(.conststrlit)
    .conststrlit                             0x00004488   Section        4  nrfx_prs.o(.conststrlit)
    .conststrlit                             0x0000448c   Section        4  nrfx_pwm.o(.conststrlit)
    .conststrlit                             0x00004490   Section        5  nrfx_uart.o(.conststrlit)
    .conststrlit                             0x00004498   Section        6  nrfx_uarte.o(.conststrlit)
    .conststrlit                             0x000044a0   Section       11  app_button.o(.conststrlit)
    .conststrlit                             0x000044ac   Section       10  app_timer2.o(.conststrlit)
    .conststrlit                             0x000044b8   Section        9  nrf_sortlist.o(.conststrlit)
    .conststrlit                             0x000044c4   Section       17  nrf_log_default_backends.o(.conststrlit)
    .conststrlit                             0x000044d8   Section        4  nrf_log_frontend.o(.conststrlit)
    log_backends                             0x000044fc   Section       16  nrf_log_default_backends.o(log_backends)
    __tagsym$$used                           0x000044fc   Number         0  nrf_log_default_backends.o(log_backends)
    uart_log_backend                         0x000044fc   Data          16  nrf_log_default_backends.o(log_backends)
    log_const_data                           0x0000450c   Section        8  nrf_drv_clock.o(log_const_data)
    __tagsym$$used                           0x0000450c   Number         0  nrf_drv_clock.o(log_const_data)
    log_const_data                           0x00004514   Section        8  nrfx_clock.o(log_const_data)
    __tagsym$$used                           0x00004514   Number         0  nrfx_clock.o(log_const_data)
    log_const_data                           0x0000451c   Section        8  nrfx_gpiote.o(log_const_data)
    __tagsym$$used                           0x0000451c   Number         0  nrfx_gpiote.o(log_const_data)
    log_const_data                           0x00004524   Section        8  nrfx_prs.o(log_const_data)
    __tagsym$$used                           0x00004524   Number         0  nrfx_prs.o(log_const_data)
    log_const_data                           0x0000452c   Section        8  nrfx_pwm.o(log_const_data)
    __tagsym$$used                           0x0000452c   Number         0  nrfx_pwm.o(log_const_data)
    log_const_data                           0x00004534   Section        8  nrfx_uart.o(log_const_data)
    __tagsym$$used                           0x00004534   Number         0  nrfx_uart.o(log_const_data)
    log_const_data                           0x0000453c   Section        8  nrfx_uarte.o(log_const_data)
    __tagsym$$used                           0x0000453c   Number         0  nrfx_uarte.o(log_const_data)
    log_const_data                           0x00004544   Section        8  app_button.o(log_const_data)
    __tagsym$$used                           0x00004544   Number         0  app_button.o(log_const_data)
    log_const_data                           0x0000454c   Section        8  app_timer2.o(log_const_data)
    __tagsym$$used                           0x0000454c   Number         0  app_timer2.o(log_const_data)
    log_const_data                           0x00004554   Section        8  nrf_sortlist.o(log_const_data)
    __tagsym$$used                           0x00004554   Number         0  nrf_sortlist.o(log_const_data)
    log_const_data                           0x0000455c   Section        8  nrf_log_frontend.o(log_const_data)
    __tagsym$$used                           0x0000455c   Number         0  nrf_log_frontend.o(log_const_data)
    nrf_balloc                               0x00004564   Section       20  nrf_log_frontend.o(nrf_balloc)
    __tagsym$$used                           0x00004564   Number         0  nrf_log_frontend.o(nrf_balloc)
    .data                                    0x20000000   Section       36  main.o(.data)
    m_used                                   0x20000000   Data           1  main.o(.data)
    demo_idx                                 0x20000001   Data           1  main.o(.data)
    m_demo1_phase                            0x20000002   Data           1  main.o(.data)
    m_pwm0                                   0x20000004   Data           8  main.o(.data)
    m_pwm1                                   0x2000000c   Data           8  main.o(.data)
    m_pwm2                                   0x20000014   Data           8  main.o(.data)
    m_demo1_seq_values                       0x2000001c   Data           8  main.o(.data)
    .data                                    0x20000024   Section       12  main.o(.data)
    seq1_values                              0x20000024   Data          12  main.o(.data)
    .data                                    0x20000030   Section       12  main.o(.data)
    seq_values                               0x20000030   Data          12  main.o(.data)
    .data                                    0x2000003c   Section       16  main.o(.data)
    pwm0_seq_values                          0x2000003c   Data          16  main.o(.data)
    .data                                    0x2000004c   Section        4  main.o(.data)
    stay_off_values                          0x2000004c   Data           4  main.o(.data)
    .data                                    0x20000050   Section       32  main.o(.data)
    seq_values                               0x20000050   Data          32  main.o(.data)
    .data                                    0x20000070   Section       16  bsp.o(.data)
    m_stable_state                           0x20000070   Data           1  bsp.o(.data)
    m_leds_clear                             0x20000071   Data           1  bsp.o(.data)
    m_alert_on                               0x20000072   Data           1  bsp.o(.data)
    current_long_push_pin_no                 0x20000073   Data           1  bsp.o(.data)
    m_indication_type                        0x20000074   Data           4  bsp.o(.data)
    m_registered_callback                    0x20000078   Data           4  bsp.o(.data)
    release_event_at_push                    0x2000007c   Data           4  bsp.o(.data)
    .data                                    0x20000080   Section       12  nrf_drv_uart.o(.data)
    m_handlers                               0x20000084   Data           4  nrf_drv_uart.o(.data)
    m_contexts                               0x20000088   Data           4  nrf_drv_uart.o(.data)
    .data                                    0x2000008c   Section        8  nrfx_clock.o(.data)
    m_clock_cb                               0x2000008c   Data           8  nrfx_clock.o(.data)
    .data                                    0x20000094   Section        8  nrfx_prs.o(.data)
    m_prs_box_4                              0x20000094   Data           8  nrfx_prs.o(.data)
    .data                                    0x200000a0   Section       24  app_button.o(.data)
    m_button_count                           0x200000a0   Data           1  app_button.o(.data)
    mp_buttons                               0x200000a4   Data           4  app_button.o(.data)
    m_detection_delay                        0x200000a8   Data           4  app_button.o(.data)
    m_pin_active                             0x200000b0   Data           8  app_button.o(.data)
    .data                                    0x200000b8   Section       32  app_timer2.o(.data)
    m_global_active                          0x200000b8   Data           1  app_timer2.o(.data)
    mp_active_timer                          0x200000bc   Data           4  app_timer2.o(.data)
    m_rtc_inst                               0x200000c0   Data           8  app_timer2.o(.data)
    m_base_counter                           0x200000c8   Data           8  app_timer2.o(.data)
    m_stamp64                                0x200000d0   Data           8  app_timer2.o(.data)
    .data                                    0x200000d8   Section        4  app_timer2.o(.data)
    m_app_timer_sortlist_sortlist_cb         0x200000d8   Data           4  app_timer2.o(.data)
    .data                                    0x200000dc   Section        4  app_util_platform.o(.data)
    m_in_critical_region                     0x200000dc   Data           4  app_util_platform.o(.data)
    .data                                    0x200000e0   Section       12  drv_rtc.o(.data)
    m_handlers                               0x200000e0   Data           4  drv_rtc.o(.data)
    m_cb                                     0x200000e4   Data           8  drv_rtc.o(.data)
    .data                                    0x200000ec   Section       24  nrf_log_backend_uart.o(.data)
    m_xfer_done                              0x200000ec   Data           1  nrf_log_backend_uart.o(.data)
    m_async_mode                             0x200000ed   Data           1  nrf_log_backend_uart.o(.data)
    .data                                    0x20000104   Section        8  nrf_log_default_backends.o(.data)
    log_backend_cb_uart_log_backend          0x20000104   Data           8  nrf_log_default_backends.o(.data)
    .data                                    0x2000010c   Section        4  nrf_log_frontend.o(.data)
    m_buffer_mask                            0x2000010c   Data           4  nrf_log_frontend.o(.data)
    .data                                    0x20000110   Section        8  nrf_log_frontend.o(.data)
    log_mempool_nrf_balloc_pool_stack        0x20000110   Data           8  nrf_log_frontend.o(.data)
    .data                                    0x20000118   Section        8  nrf_log_frontend.o(.data)
    log_mempool_nrf_balloc_cb                0x20000118   Data           8  nrf_log_frontend.o(.data)
    .data                                    0x20000120   Section       64  nrf_log_str_formatter.o(.data)
    m_freq                                   0x20000120   Data           4  nrf_log_str_formatter.o(.data)
    m_timestamp_div                          0x20000124   Data           4  nrf_log_str_formatter.o(.data)
    severity_names                           0x20000128   Data          20  nrf_log_str_formatter.o(.data)
    m_colors                                 0x2000013c   Data          36  nrf_log_str_formatter.o(.data)
    .data                                    0x20000160   Section        4  system_nrf52.o(.data)
    __tagsym$$used                           0x20000160   Number         0  system_nrf52.o(.data)
    .bss                                     0x20000164   Section      250  main.o(.bss)
    seq0_values                              0x20000164   Data          50  main.o(.bss)
    fade_in_out_values                       0x20000196   Data         200  main.o(.bss)
    .bss                                     0x20000260   Section       32  bsp.o(.bss)
    m_bsp_leds_tmr_data                      0x20000260   Data          32  bsp.o(.bss)
    .bss                                     0x20000280   Section       32  bsp.o(.bss)
    m_bsp_alert_tmr_data                     0x20000280   Data          32  bsp.o(.bss)
    .bss                                     0x200002a0   Section       12  bsp.o(.bss)
    m_events_list                            0x200002a0   Data          12  bsp.o(.bss)
    .bss                                     0x200002b0   Section       32  bsp.o(.bss)
    m_bsp_button_tmr_data                    0x200002b0   Data          32  bsp.o(.bss)
    .bss                                     0x200002d0   Section       20  nrf_drv_clock.o(.bss)
    m_clock_cb                               0x200002d0   Data          20  nrf_drv_clock.o(.bss)
    .bss                                     0x200002e4   Section       92  nrfx_gpiote.o(.bss)
    m_cb                                     0x200002e4   Data          92  nrfx_gpiote.o(.bss)
    .bss                                     0x20000340   Section       24  nrfx_pwm.o(.bss)
    m_cb                                     0x20000340   Data          24  nrfx_pwm.o(.bss)
    .bss                                     0x20000358   Section       44  nrfx_uart.o(.bss)
    m_cb                                     0x20000358   Data          44  nrfx_uart.o(.bss)
    .bss                                     0x20000384   Section       36  nrfx_uarte.o(.bss)
    m_cb                                     0x20000384   Data          36  nrfx_uarte.o(.bss)
    .bss                                     0x200003a8   Section       32  app_button.o(.bss)
    m_detection_delay_timer_id_data          0x200003a8   Data          32  app_button.o(.bss)
    .bss                                     0x200003c8   Section       16  app_button.o(.bss)
    m_pin_states                             0x200003c8   Data          16  app_button.o(.bss)
    .bss                                     0x200003d8   Section       32  app_error.o(.bss)
    m_error_data                             0x200003d8   Data          32  app_error.o(.bss)
    .bss                                     0x200003f8   Section       16  app_timer2.o(.bss)
    m_req_fifo_inst                          0x200003f8   Data          16  app_timer2.o(.bss)
    .bss                                     0x20000408   Section       88  app_timer2.o(.bss)
    m_req_fifo_data                          0x20000408   Data          88  app_timer2.o(.bss)
    .bss                                     0x20000460   Section       64  nrf_log_backend_uart.o(.bss)
    m_string_buff                            0x20000460   Data          64  nrf_log_backend_uart.o(.bss)
    .bss                                     0x200004a0   Section      192  nrf_log_frontend.o(.bss)
    log_mempool_nrf_balloc_pool_mem          0x200004a0   Data         192  nrf_log_frontend.o(.bss)
    .bss                                     0x20000560   Section      128  nrf_log_frontend.o(.bss)
    m_log_push_ringbuf_buf                   0x20000560   Data         128  nrf_log_frontend.o(.bss)
    .bss                                     0x200005e0   Section       24  nrf_log_frontend.o(.bss)
    m_log_push_ringbuf_cb                    0x200005e0   Data          24  nrf_log_frontend.o(.bss)
    .bss                                     0x200005f8   Section     1056  nrf_log_frontend.o(.bss)
    m_log_data                               0x200005f8   Data        1056  nrf_log_frontend.o(.bss)
    STACK                                    0x20000a18   Section     8192  arm_startup_nrf52.o(STACK)

    Global Symbols

    Symbol Name                              Value     Ov Type        Size  Object(Section)

    BuildAttributes$$THM_ISAv4$E$P$D$K$B$S$7EM$VFPi3$EXTD16$VFPS$VFMA$PE$A:L22UL41UL21$X:L11$S22US41US21$IEEE1$IW$USESV6$~STKCKD$USESV7$~SHL$OSPACE$EBA8$MICROLIB$REQ8$EABIv2 0x00000000   Number         0  anon$$obj.o ABSOLUTE
    __ARM_use_no_argv                        0x00000000   Number         0  main.o ABSOLUTE
    __Vectors                                0x00000000   Data           4  arm_startup_nrf52.o(RESET)
    __use_no_errno                           0x00000000   Number         0  useno.o ABSOLUTE
    __use_no_exception_handling              0x00000000   Number         0  useno.o ABSOLUTE
    __use_no_fp                              0x00000000   Number         0  useno.o ABSOLUTE
    __use_no_heap                            0x00000000   Number         0  useno.o ABSOLUTE
    __use_no_heap_region                     0x00000000   Number         0  useno.o ABSOLUTE
    __use_no_semihosting                     0x00000000   Number         0  useno.o ABSOLUTE
    __use_no_semihosting_swi                 0x00000000   Number         0  useno.o ABSOLUTE
    __use_no_signal_handling                 0x00000000   Number         0  useno.o ABSOLUTE
    __arm_fini_                               - Undefined Weak Reference
    __cpp_initialize__aeabi_                  - Undefined Weak Reference
    __cxa_finalize                            - Undefined Weak Reference
    _clock_init                               - Undefined Weak Reference
    _microlib_exit                            - Undefined Weak Reference
    log_dynamic_data$$Base                    - Undefined Reference
    __Vectors_End                            0x00000200   Data           0  arm_startup_nrf52.o(RESET)
    __Vectors_Size                           0x00000200   Number         0  arm_startup_nrf52.o ABSOLUTE
    __main                                   0x00000201   Thumb Code     0  entry.o(.ARM.Collect$$$$00000000)
    _main_stk                                0x00000201   Thumb Code     0  entry2.o(.ARM.Collect$$$$00000001)
    _main_scatterload                        0x00000205   Thumb Code     0  entry5.o(.ARM.Collect$$$$00000004)
    __main_after_scatterload                 0x00000209   Thumb Code     0  entry5.o(.ARM.Collect$$$$00000004)
    _main_clock                              0x00000209   Thumb Code     0  entry7b.o(.ARM.Collect$$$$00000008)
    _main_cpp_init                           0x00000209   Thumb Code     0  entry8b.o(.ARM.Collect$$$$0000000A)
    _main_init                               0x00000209   Thumb Code     0  entry9a.o(.ARM.Collect$$$$0000000B)
    __rt_lib_shutdown_fini                   0x00000211   Thumb Code     0  entry12b.o(.ARM.Collect$$$$0000000E)
    __rt_final_cpp                           0x00000215   Thumb Code     0  entry10a.o(.ARM.Collect$$$$0000000F)
    __rt_final_exit                          0x00000215   Thumb Code     0  entry11a.o(.ARM.Collect$$$$00000011)
    __asm___12_nrf_atfifo_c_51f461e1__nrf_atfifo_wspace_req 0x00000219   Thumb Code    56  nrf_atfifo.o(.emb_text)
    __asm___12_nrf_atfifo_c_51f461e1__nrf_atfifo_wspace_close 0x00000251   Thumb Code    18  nrf_atfifo.o(.emb_text)
    __asm___12_nrf_atfifo_c_51f461e1__nrf_atfifo_rspace_req 0x00000263   Thumb Code    58  nrf_atfifo.o(.emb_text)
    __asm___12_nrf_atfifo_c_51f461e1__nrf_atfifo_rspace_close 0x0000029d   Thumb Code    18  nrf_atfifo.o(.emb_text)
    __asm___12_nrf_atfifo_c_51f461e1__nrf_atfifo_space_clear 0x000002af   Thumb Code    50  nrf_atfifo.o(.emb_text)
    __asm___12_nrf_atomic_c_85ca2469__nrf_atomic_internal_mov 0x000002e1   Thumb Code    24  nrf_atomic.o(.emb_text)
    __asm___12_nrf_atomic_c_85ca2469__nrf_atomic_internal_orr 0x000002f9   Thumb Code    26  nrf_atomic.o(.emb_text)
    __asm___12_nrf_atomic_c_85ca2469__nrf_atomic_internal_and 0x00000313   Thumb Code    26  nrf_atomic.o(.emb_text)
    __asm___12_nrf_atomic_c_85ca2469__nrf_atomic_internal_eor 0x0000032d   Thumb Code    26  nrf_atomic.o(.emb_text)
    __asm___12_nrf_atomic_c_85ca2469__nrf_atomic_internal_add 0x00000347   Thumb Code    26  nrf_atomic.o(.emb_text)
    __asm___12_nrf_atomic_c_85ca2469__nrf_atomic_internal_sub 0x00000361   Thumb Code    26  nrf_atomic.o(.emb_text)
    __asm___12_nrf_atomic_c_85ca2469__nrf_atomic_internal_cmp_exch 0x0000037b   Thumb Code    42  nrf_atomic.o(.emb_text)
    __asm___12_nrf_atomic_c_85ca2469__nrf_atomic_internal_sub_hs 0x000003a5   Thumb Code    30  nrf_atomic.o(.emb_text)
    Reset_Handler                            0x000003c5   Thumb Code     8  arm_startup_nrf52.o(.text)
    NMI_Handler                              0x000003cd   Thumb Code     2  arm_startup_nrf52.o(.text)
    HardFault_Handler                        0x000003cf   Thumb Code     2  arm_startup_nrf52.o(.text)
    MemoryManagement_Handler                 0x000003d1   Thumb Code     2  arm_startup_nrf52.o(.text)
    BusFault_Handler                         0x000003d3   Thumb Code     2  arm_startup_nrf52.o(.text)
    UsageFault_Handler                       0x000003d5   Thumb Code     2  arm_startup_nrf52.o(.text)
    SVC_Handler                              0x000003d7   Thumb Code     2  arm_startup_nrf52.o(.text)
    DebugMon_Handler                         0x000003d9   Thumb Code     2  arm_startup_nrf52.o(.text)
    PendSV_Handler                           0x000003db   Thumb Code     2  arm_startup_nrf52.o(.text)
    SysTick_Handler                          0x000003dd   Thumb Code     2  arm_startup_nrf52.o(.text)
    CCM_AAR_IRQHandler                       0x000003df   Thumb Code     0  arm_startup_nrf52.o(.text)
    COMP_LPCOMP_IRQHandler                   0x000003df   Thumb Code     0  arm_startup_nrf52.o(.text)
    ECB_IRQHandler                           0x000003df   Thumb Code     0  arm_startup_nrf52.o(.text)
    FPU_IRQHandler                           0x000003df   Thumb Code     0  arm_startup_nrf52.o(.text)
    I2S_IRQHandler                           0x000003df   Thumb Code     0  arm_startup_nrf52.o(.text)
    MWU_IRQHandler                           0x000003df   Thumb Code     0  arm_startup_nrf52.o(.text)
    NFCT_IRQHandler                          0x000003df   Thumb Code     0  arm_startup_nrf52.o(.text)
    PDM_IRQHandler                           0x000003df   Thumb Code     0  arm_startup_nrf52.o(.text)
    QDEC_IRQHandler                          0x000003df   Thumb Code     0  arm_startup_nrf52.o(.text)
    RADIO_IRQHandler                         0x000003df   Thumb Code     0  arm_startup_nrf52.o(.text)
    RNG_IRQHandler                           0x000003df   Thumb Code     0  arm_startup_nrf52.o(.text)
    RTC0_IRQHandler                          0x000003df   Thumb Code     0  arm_startup_nrf52.o(.text)
    RTC2_IRQHandler                          0x000003df   Thumb Code     0  arm_startup_nrf52.o(.text)
    SAADC_IRQHandler                         0x000003df   Thumb Code     0  arm_startup_nrf52.o(.text)
    SPIM0_SPIS0_TWIM0_TWIS0_SPI0_TWI0_IRQHandler 0x000003df   Thumb Code     0  arm_startup_nrf52.o(.text)
    SPIM1_SPIS1_TWIM1_TWIS1_SPI1_TWI1_IRQHandler 0x000003df   Thumb Code     0  arm_startup_nrf52.o(.text)
    SPIM2_SPIS2_SPI2_IRQHandler              0x000003df   Thumb Code     0  arm_startup_nrf52.o(.text)
    SWI0_EGU0_IRQHandler                     0x000003df   Thumb Code     0  arm_startup_nrf52.o(.text)
    SWI1_EGU1_IRQHandler                     0x000003df   Thumb Code     0  arm_startup_nrf52.o(.text)
    SWI2_EGU2_IRQHandler                     0x000003df   Thumb Code     0  arm_startup_nrf52.o(.text)
    SWI3_EGU3_IRQHandler                     0x000003df   Thumb Code     0  arm_startup_nrf52.o(.text)
    SWI4_EGU4_IRQHandler                     0x000003df   Thumb Code     0  arm_startup_nrf52.o(.text)
    SWI5_EGU5_IRQHandler                     0x000003df   Thumb Code     0  arm_startup_nrf52.o(.text)
    TEMP_IRQHandler                          0x000003df   Thumb Code     0  arm_startup_nrf52.o(.text)
    TIMER0_IRQHandler                        0x000003df   Thumb Code     0  arm_startup_nrf52.o(.text)
    TIMER1_IRQHandler                        0x000003df   Thumb Code     0  arm_startup_nrf52.o(.text)
    TIMER2_IRQHandler                        0x000003df   Thumb Code     0  arm_startup_nrf52.o(.text)
    TIMER3_IRQHandler                        0x000003df   Thumb Code     0  arm_startup_nrf52.o(.text)
    TIMER4_IRQHandler                        0x000003df   Thumb Code     0  arm_startup_nrf52.o(.text)
    WDT_IRQHandler                           0x000003df   Thumb Code     0  arm_startup_nrf52.o(.text)
    __aeabi_uldivmod                         0x000003e9   Thumb Code    98  uldiv.o(.text)
    __aeabi_llsl                             0x0000044b   Thumb Code    30  llshl.o(.text)
    _ll_shift_l                              0x0000044b   Thumb Code     0  llshl.o(.text)
    __rt_ctype_table                         0x00000469   Thumb Code     4  ctype_o.o(.text)
    __aeabi_memcpy                           0x00000471   Thumb Code    36  memcpya.o(.text)
    __aeabi_memcpy4                          0x00000471   Thumb Code     0  memcpya.o(.text)
    __aeabi_memcpy8                          0x00000471   Thumb Code     0  memcpya.o(.text)
    __aeabi_memset                           0x00000495   Thumb Code    14  memseta.o(.text)
    __aeabi_memset4                          0x00000495   Thumb Code     0  memseta.o(.text)
    __aeabi_memset8                          0x00000495   Thumb Code     0  memseta.o(.text)
    __aeabi_memclr                           0x000004a3   Thumb Code     4  memseta.o(.text)
    __aeabi_memclr4                          0x000004a3   Thumb Code     0  memseta.o(.text)
    __aeabi_memclr8                          0x000004a3   Thumb Code     0  memseta.o(.text)
    _memset$wrapper                          0x000004a7   Thumb Code    18  memseta.o(.text)
    strlen                                   0x000004b9   Thumb Code    14  strlen.o(.text)
    __aeabi_llsr                             0x000004c7   Thumb Code    32  llushr.o(.text)
    _ll_ushift_r                             0x000004c7   Thumb Code     0  llushr.o(.text)
    __scatterload                            0x000004e9   Thumb Code    28  init.o(.text)
    __scatterload_rt2                        0x000004e9   Thumb Code     0  init.o(.text)
    __decompress                             0x0000050d   Thumb Code     0  __dczerorl2.o(.text)
    __decompress1                            0x0000050d   Thumb Code    86  __dczerorl2.o(.text)
    GPIOTE_IRQHandler                        0x00000565   Thumb Code   154  nrfx_gpiote.o(i.GPIOTE_IRQHandler)
    POWER_CLOCK_IRQHandler                   0x00000609   Thumb Code    82  nrfx_clock.o(i.POWER_CLOCK_IRQHandler)
    PWM0_IRQHandler                          0x00000661   Thumb Code     8  nrfx_pwm.o(i.PWM0_IRQHandler)
    PWM1_IRQHandler                          0x00000671   Thumb Code     8  nrfx_pwm.o(i.PWM1_IRQHandler)
    PWM2_IRQHandler                          0x00000681   Thumb Code     8  nrfx_pwm.o(i.PWM2_IRQHandler)
    RTC1_IRQHandler                          0x00000691   Thumb Code    12  drv_rtc.o(i.RTC1_IRQHandler)
    SystemInit                               0x000006a1   Thumb Code   736  system_nrf52.o(i.SystemInit)
    UARTE0_UART0_IRQHandler                  0x000009c9   Thumb Code     6  nrfx_prs.o(i.UARTE0_UART0_IRQHandler)
    __scatterload_copy                       0x000009d5   Thumb Code    14  handlers.o(i.__scatterload_copy)
    __scatterload_null                       0x000009e3   Thumb Code     2  handlers.o(i.__scatterload_null)
    __scatterload_zeroinit                   0x000009e5   Thumb Code    14  handlers.o(i.__scatterload_zeroinit)
    app_button_enable                        0x000009f9   Thumb Code    32  app_button.o(i.app_button_enable)
    app_button_init                          0x00000a1d   Thumb Code   106  app_button.o(i.app_button_init)
    app_error_fault_handler                  0x00000a9d   Thumb Code    26  main.o(i.app_error_fault_handler)
    app_error_handler_bare                   0x00000ab7   Thumb Code    22  app_error.o(i.app_error_handler_bare)
    app_error_save_and_stop                  0x00000acd   Thumb Code    96  app_error.o(i.app_error_save_and_stop)
    app_timer_cnt_get                        0x00000b31   Thumb Code     6  app_timer2.o(i.app_timer_cnt_get)
    app_timer_create                         0x00000b3d   Thumb Code    22  app_timer2.o(i.app_timer_create)
    app_timer_init                           0x00000b55   Thumb Code    70  app_timer2.o(i.app_timer_init)
    app_timer_start                          0x00000bb1   Thumb Code    48  app_timer2.o(i.app_timer_start)
    app_timer_stop                           0x00000be1   Thumb Code    12  app_timer2.o(i.app_timer_stop)
    app_util_critical_region_enter           0x00000bed   Thumb Code     4  app_util_platform.o(i.app_util_critical_region_enter)
    app_util_critical_region_exit            0x00000bf1   Thumb Code     4  app_util_platform.o(i.app_util_critical_region_exit)
    app_util_disable_irq                     0x00000bf5   Thumb Code    12  app_util_platform.o(i.app_util_disable_irq)
    app_util_enable_irq                      0x00000c05   Thumb Code    14  app_util_platform.o(i.app_util_enable_irq)
    bsp_board_init                           0x00000d29   Thumb Code    80  boards.o(i.bsp_board_init)
    bsp_board_led_invert                     0x00000d7d   Thumb Code    32  boards.o(i.bsp_board_led_invert)
    bsp_board_led_off                        0x00000da1   Thumb Code    10  boards.o(i.bsp_board_led_off)
    bsp_board_led_on                         0x00000db1   Thumb Code    10  boards.o(i.bsp_board_led_on)
    bsp_board_led_state_get                  0x00000dc1   Thumb Code    28  boards.o(i.bsp_board_led_state_get)
    bsp_board_leds_off                       0x00000de1   Thumb Code    18  boards.o(i.bsp_board_leds_off)
    bsp_board_leds_on                        0x00000df3   Thumb Code    18  boards.o(i.bsp_board_leds_on)
    bsp_board_pin_to_button_idx              0x00000e05   Thumb Code    30  boards.o(i.bsp_board_pin_to_button_idx)
    bsp_buttons_enable                       0x00000eb9   Thumb Code     4  bsp.o(i.bsp_buttons_enable)
    bsp_event_to_button_action_assign        0x00000ebd   Thumb Code    64  bsp.o(i.bsp_event_to_button_action_assign)
    bsp_init                                 0x00000f79   Thumb Code   128  bsp.o(i.bsp_init)
    buffer_is_empty                          0x00001291   Thumb Code    18  nrf_log_frontend.o(i.buffer_is_empty)
    drv_rtc_compare_disable                  0x00001845   Thumb Code    20  drv_rtc.o(i.drv_rtc_compare_disable)
    drv_rtc_compare_pending                  0x00001859   Thumb Code    14  drv_rtc.o(i.drv_rtc_compare_pending)
    drv_rtc_compare_set                      0x00001867   Thumb Code    80  drv_rtc.o(i.drv_rtc_compare_set)
    drv_rtc_counter_get                      0x000018b7   Thumb Code     8  drv_rtc.o(i.drv_rtc_counter_get)
    drv_rtc_init                             0x000018c1   Thumb Code   148  drv_rtc.o(i.drv_rtc_init)
    drv_rtc_irq_trigger                      0x00001999   Thumb Code    30  drv_rtc.o(i.drv_rtc_irq_trigger)
    drv_rtc_overflow_enable                  0x000019b7   Thumb Code     8  drv_rtc.o(i.drv_rtc_overflow_enable)
    drv_rtc_overflow_pending                 0x000019bf   Thumb Code     8  drv_rtc.o(i.drv_rtc_overflow_pending)
    drv_rtc_start                            0x000019c7   Thumb Code     8  drv_rtc.o(i.drv_rtc_start)
    drv_rtc_stop                             0x000019cf   Thumb Code     8  drv_rtc.o(i.drv_rtc_stop)
    drv_rtc_windowed_compare_set             0x000019d7   Thumb Code   222  drv_rtc.o(i.drv_rtc_windowed_compare_set)
    evt_handle                               0x00001ac9   Thumb Code   206  app_button.o(i.evt_handle)
    main                                     0x00001f25   Thumb Code   110  main.o(i.main)
    nrf_atfifo_init                          0x00002069   Thumb Code    38  nrf_atfifo.o(i.nrf_atfifo_init)
    nrf_atfifo_item_alloc                    0x0000208f   Thumb Code    22  nrf_atfifo.o(i.nrf_atfifo_item_alloc)
    nrf_atfifo_item_free                     0x000020a5   Thumb Code    22  nrf_atfifo.o(i.nrf_atfifo_item_free)
    nrf_atfifo_item_get                      0x000020bb   Thumb Code    22  nrf_atfifo.o(i.nrf_atfifo_item_get)
    nrf_atfifo_item_put                      0x000020d1   Thumb Code    22  nrf_atfifo.o(i.nrf_atfifo_item_put)
    nrf_atomic_flag_clear_fetch              0x000020e7   Thumb Code     6  nrf_atomic.o(i.nrf_atomic_flag_clear_fetch)
    nrf_atomic_flag_set                      0x000020ed   Thumb Code     6  nrf_atomic.o(i.nrf_atomic_flag_set)
    nrf_atomic_u32_add                       0x000020f3   Thumb Code    12  nrf_atomic.o(i.nrf_atomic_u32_add)
    nrf_atomic_u32_fetch_and                 0x000020ff   Thumb Code    10  nrf_atomic.o(i.nrf_atomic_u32_fetch_and)
    nrf_atomic_u32_fetch_store               0x00002109   Thumb Code    10  nrf_atomic.o(i.nrf_atomic_u32_fetch_store)
    nrf_atomic_u32_or                        0x00002113   Thumb Code    12  nrf_atomic.o(i.nrf_atomic_u32_or)
    nrf_atomic_u32_sub                       0x0000211f   Thumb Code    12  nrf_atomic.o(i.nrf_atomic_u32_sub)
    nrf_balloc_alloc                         0x0000212b   Thumb Code    62  nrf_balloc.o(i.nrf_balloc_alloc)
    nrf_balloc_free                          0x00002169   Thumb Code    42  nrf_balloc.o(i.nrf_balloc_free)
    nrf_balloc_init                          0x00002193   Thumb Code    48  nrf_balloc.o(i.nrf_balloc_init)
    nrf_drv_clock_init                       0x000021f1   Thumb Code    50  nrf_drv_clock.o(i.nrf_drv_clock_init)
    nrf_drv_clock_lfclk_request              0x0000222d   Thumb Code    68  nrf_drv_clock.o(i.nrf_drv_clock_lfclk_request)
    nrf_drv_uart_init                        0x00002275   Thumb Code    90  nrf_drv_uart.o(i.nrf_drv_uart_init)
    nrf_fprintf                              0x000022dd   Thumb Code    26  nrf_fprintf.o(i.nrf_fprintf)
    nrf_fprintf_buffer_flush                 0x000022f7   Thumb Code    24  nrf_fprintf.o(i.nrf_fprintf_buffer_flush)
    nrf_fprintf_fmt                          0x0000230f   Thumb Code   474  nrf_fprintf_format.o(i.nrf_fprintf_fmt)
    nrf_log_backend_add                      0x00002691   Thumb Code    86  nrf_log_frontend.o(i.nrf_log_backend_add)
    nrf_log_backend_serial_put               0x000026ed   Thumb Code   194  nrf_log_backend_serial.o(i.nrf_log_backend_serial_put)
    nrf_log_backend_uart_init                0x000027b1   Thumb Code     6  nrf_log_backend_uart.o(i.nrf_log_backend_uart_init)
    nrf_log_color_id_get                     0x000027fd   Thumb Code    42  nrf_log_frontend.o(i.nrf_log_color_id_get)
    nrf_log_default_backends_init            0x0000282d   Thumb Code    24  nrf_log_default_backends.o(i.nrf_log_default_backends_init)
    nrf_log_frontend_dequeue                 0x00002849   Thumb Code   518  nrf_log_frontend.o(i.nrf_log_frontend_dequeue)
    nrf_log_frontend_std_0                   0x00002a79   Thumb Code     8  nrf_log_frontend.o(i.nrf_log_frontend_std_0)
    nrf_log_hexdump_entry_process            0x00002a81   Thumb Code   150  nrf_log_str_formatter.o(i.nrf_log_hexdump_entry_process)
    nrf_log_init                             0x00002b31   Thumb Code    28  nrf_log_frontend.o(i.nrf_log_init)
    nrf_log_module_cnt_get                   0x00002b59   Thumb Code    10  nrf_log_frontend.o(i.nrf_log_module_cnt_get)
    nrf_log_module_name_get                  0x00002b6d   Thumb Code    24  nrf_log_frontend.o(i.nrf_log_module_name_get)
    nrf_log_std_entry_process                0x00002b89   Thumb Code   182  nrf_log_str_formatter.o(i.nrf_log_std_entry_process)
    nrf_memobj_alloc                         0x00002c3f   Thumb Code    96  nrf_memobj.o(i.nrf_memobj_alloc)
    nrf_memobj_free                          0x00002c9f   Thumb Code    50  nrf_memobj.o(i.nrf_memobj_free)
    nrf_memobj_get                           0x00002cd1   Thumb Code     8  nrf_memobj.o(i.nrf_memobj_get)
    nrf_memobj_pool_init                     0x00002cd9   Thumb Code     4  nrf_memobj.o(i.nrf_memobj_pool_init)
    nrf_memobj_put                           0x00002cdd   Thumb Code    30  nrf_memobj.o(i.nrf_memobj_put)
    nrf_memobj_read                          0x00002cfb   Thumb Code    16  nrf_memobj.o(i.nrf_memobj_read)
    nrf_memobj_write                         0x00002d0b   Thumb Code    16  nrf_memobj.o(i.nrf_memobj_write)
    nrf_ringbuf_init                         0x00002d4f   Thumb Code    28  nrf_ringbuf.o(i.nrf_ringbuf_init)
    nrf_sortlist_add                         0x00002d77   Thumb Code    34  nrf_sortlist.o(i.nrf_sortlist_add)
    nrf_sortlist_peek                        0x00002d99   Thumb Code     6  nrf_sortlist.o(i.nrf_sortlist_peek)
    nrf_sortlist_pop                         0x00002d9f   Thumb Code    14  nrf_sortlist.o(i.nrf_sortlist_pop)
    nrf_sortlist_remove                      0x00002dad   Thumb Code    30  nrf_sortlist.o(i.nrf_sortlist_remove)
    nrfx_clock_enable                        0x00002e15   Thumb Code    34  nrfx_clock.o(i.nrfx_clock_enable)
    nrfx_clock_init                          0x00002e41   Thumb Code    26  nrfx_clock.o(i.nrfx_clock_init)
    nrfx_clock_lfclk_start                   0x00002e61   Thumb Code    64  nrfx_clock.o(i.nrfx_clock_lfclk_start)
    nrfx_gpiote_in_event_enable              0x00002ebd   Thumb Code   152  nrfx_gpiote.o(i.nrfx_gpiote_in_event_enable)
    nrfx_gpiote_in_init                      0x00002f5d   Thumb Code   190  nrfx_gpiote.o(i.nrfx_gpiote_in_init)
    nrfx_gpiote_in_is_set                    0x00003029   Thumb Code    20  nrfx_gpiote.o(i.nrfx_gpiote_in_is_set)
    nrfx_gpiote_init                         0x0000303d   Thumb Code   102  nrfx_gpiote.o(i.nrfx_gpiote_init)
    nrfx_gpiote_is_init                      0x000030b1   Thumb Code    14  nrfx_gpiote.o(i.nrfx_gpiote_is_init)
    nrfx_prs_acquire                         0x000030d5   Thumb Code    48  nrfx_prs.o(i.nrfx_prs_acquire)
    nrfx_prs_release                         0x00003105   Thumb Code    18  nrfx_prs.o(i.nrfx_prs_release)
    nrfx_pwm_complex_playback                0x00003119   Thumb Code    86  nrfx_pwm.o(i.nrfx_pwm_complex_playback)
    nrfx_pwm_init                            0x00003175   Thumb Code   210  nrfx_pwm.o(i.nrfx_pwm_init)
    nrfx_pwm_simple_playback                 0x0000324d   Thumb Code   106  nrfx_pwm.o(i.nrfx_pwm_simple_playback)
    nrfx_pwm_uninit                          0x000032bd   Thumb Code    60  nrfx_pwm.o(i.nrfx_pwm_uninit)
    nrfx_uart_0_irq_handler                  0x000032fd   Thumb Code     8  nrfx_uart.o(i.nrfx_uart_0_irq_handler)
    nrfx_uart_init                           0x0000330d   Thumb Code   200  nrfx_uart.o(i.nrfx_uart_init)
    nrfx_uart_tx                             0x000033e1   Thumb Code   162  nrfx_uart.o(i.nrfx_uart_tx)
    nrfx_uart_tx_in_progress                 0x00003489   Thumb Code    26  nrfx_uart.o(i.nrfx_uart_tx_in_progress)
    nrfx_uart_uninit                         0x000034a9   Thumb Code   182  nrfx_uart.o(i.nrfx_uart_uninit)
    nrfx_uarte_0_irq_handler                 0x00003569   Thumb Code     8  nrfx_uarte.o(i.nrfx_uarte_0_irq_handler)
    nrfx_uarte_init                          0x00003579   Thumb Code   100  nrfx_uarte.o(i.nrfx_uarte_init)
    nrfx_uarte_tx                            0x000035e5   Thumb Code   166  nrfx_uarte.o(i.nrfx_uarte_tx)
    nrfx_uarte_tx_in_progress                0x00003691   Thumb Code    22  nrfx_uarte.o(i.nrfx_uarte_tx_in_progress)
    nrfx_uarte_uninit                        0x000036ad   Thumb Code   254  nrfx_uarte.o(i.nrfx_uarte_uninit)
    nrf_log_backend_uart_api                 0x00004348   Data          12  nrf_log_backend_uart.o(.constdata)
    __ctype_table                            0x00004380   Data         129  ctype_o.o(.constdata)
    Region$$Table$$Base                      0x000044dc   Number         0  anon$$obj.o(Region$$Table)
    Region$$Table$$Limit                     0x000044fc   Number         0  anon$$obj.o(Region$$Table)
    log_const_data$$Base                     0x0000450c   Number         0  nrf_drv_clock.o(log_const_data)
    m_nrf_log_clock_logs_data_const          0x0000450c   Data           8  nrf_drv_clock.o(log_const_data)
    m_nrf_log_CLOCK_logs_data_const          0x00004514   Data           8  nrfx_clock.o(log_const_data)
    m_nrf_log_GPIOTE_logs_data_const         0x0000451c   Data           8  nrfx_gpiote.o(log_const_data)
    m_nrf_log_PRS_logs_data_const            0x00004524   Data           8  nrfx_prs.o(log_const_data)
    m_nrf_log_PWM_logs_data_const            0x0000452c   Data           8  nrfx_pwm.o(log_const_data)
    m_nrf_log_UART_logs_data_const           0x00004534   Data           8  nrfx_uart.o(log_const_data)
    m_nrf_log_UARTE_logs_data_const          0x0000453c   Data           8  nrfx_uarte.o(log_const_data)
    m_nrf_log_app_button_logs_data_const     0x00004544   Data           8  app_button.o(log_const_data)
    m_nrf_log_app_timer_logs_data_const      0x0000454c   Data           8  app_timer2.o(log_const_data)
    m_nrf_log_sortlist_logs_data_const       0x00004554   Data           8  nrf_sortlist.o(log_const_data)
    m_nrf_log_app_logs_data_const            0x0000455c   Data           8  nrf_log_frontend.o(log_const_data)
    log_const_data$$Limit                    0x00004564   Number         0  nrf_log_frontend.o(log_const_data)
    log_mempool                              0x00004564   Data          20  nrf_log_frontend.o(nrf_balloc)
    nrf_drv_uart_use_easy_dma                0x20000080   Data           1  nrf_drv_uart.o(.data)
    m_uart                                   0x200000f0   Data          20  nrf_log_backend_uart.o(.data)
    SystemCoreClock                          0x20000160   Data           4  system_nrf52.o(.data)
    __initial_sp                             0x20002a18   Data           0  arm_startup_nrf52.o(STACK)



==============================================================================

Memory Map of the image

  Image Entry point : 0x00000201

  Load Region LR_IROM1 (Base: 0x00000000, Size: 0x000046dc, Max: 0x00080000, ABSOLUTE, COMPRESSED[0x000045dc])

    Execution Region ER_IROM1 (Exec base: 0x00000000, Load base: 0x00000000, Size: 0x00004578, Max: 0x00080000, ABSOLUTE)

    Exec Addr    Load Addr    Size         Type   Attr      Idx    E Section Name        Object

    0x00000000   0x00000000   0x00000200   Data   RO         3916    RESET               arm_startup_nrf52.o
    0x00000200   0x00000200   0x00000000   Code   RO         3972  * .ARM.Collect$$$$00000000  mc_w.l(entry.o)
    0x00000200   0x00000200   0x00000004   Code   RO         4024    .ARM.Collect$$$$00000001  mc_w.l(entry2.o)
    0x00000204   0x00000204   0x00000004   Code   RO         4027    .ARM.Collect$$$$00000004  mc_w.l(entry5.o)
    0x00000208   0x00000208   0x00000000   Code   RO         4029    .ARM.Collect$$$$00000008  mc_w.l(entry7b.o)
    0x00000208   0x00000208   0x00000000   Code   RO         4031    .ARM.Collect$$$$0000000A  mc_w.l(entry8b.o)
    0x00000208   0x00000208   0x00000008   Code   RO         4032    .ARM.Collect$$$$0000000B  mc_w.l(entry9a.o)
    0x00000210   0x00000210   0x00000004   Code   RO         4039    .ARM.Collect$$$$0000000E  mc_w.l(entry12b.o)
    0x00000214   0x00000214   0x00000000   Code   RO         4034    .ARM.Collect$$$$0000000F  mc_w.l(entry10a.o)
    0x00000214   0x00000214   0x00000000   Code   RO         4036    .ARM.Collect$$$$00000011  mc_w.l(entry11a.o)
    0x00000214   0x00000214   0x00000004   Code   RO         4025    .ARM.Collect$$$$00002712  mc_w.l(entry2.o)
    0x00000218   0x00000218   0x000000c8   Code   RO         2598    .emb_text           nrf_atfifo.o
    0x000002e0   0x000002e0   0x000000e2   Code   RO         2668    .emb_text           nrf_atomic.o
    0x000003c2   0x000003c2   0x00000002   PAD
    0x000003c4   0x000003c4   0x00000024   Code   RO         3917    .text               arm_startup_nrf52.o
    0x000003e8   0x000003e8   0x00000062   Code   RO         3980    .text               mc_w.l(uldiv.o)
    0x0000044a   0x0000044a   0x0000001e   Code   RO         3982    .text               mc_w.l(llshl.o)
    0x00000468   0x00000468   0x00000008   Code   RO         3984    .text               mc_w.l(ctype_o.o)
    0x00000470   0x00000470   0x00000024   Code   RO         4012    .text               mc_w.l(memcpya.o)
    0x00000494   0x00000494   0x00000024   Code   RO         4014    .text               mc_w.l(memseta.o)
    0x000004b8   0x000004b8   0x0000000e   Code   RO         4016    .text               mc_w.l(strlen.o)
    0x000004c6   0x000004c6   0x00000020   Code   RO         4041    .text               mc_w.l(llushr.o)
    0x000004e6   0x000004e6   0x00000002   PAD
    0x000004e8   0x000004e8   0x00000024   Code   RO         4044    .text               mc_w.l(init.o)
    0x0000050c   0x0000050c   0x00000056   Code   RO         4054    .text               mc_w.l(__dczerorl2.o)
    0x00000562   0x00000562   0x00000002   PAD
    0x00000564   0x00000564   0x000000a4   Code   RO         1107    i.GPIOTE_IRQHandler  nrfx_gpiote.o
    0x00000608   0x00000608   0x00000058   Code   RO          968    i.POWER_CLOCK_IRQHandler  nrfx_clock.o
    0x00000660   0x00000660   0x00000010   Code   RO         1466    i.PWM0_IRQHandler   nrfx_pwm.o
    0x00000670   0x00000670   0x00000010   Code   RO         1467    i.PWM1_IRQHandler   nrfx_pwm.o
    0x00000680   0x00000680   0x00000010   Code   RO         1468    i.PWM2_IRQHandler   nrfx_pwm.o
    0x00000690   0x00000690   0x00000010   Code   RO         2402    i.RTC1_IRQHandler   drv_rtc.o
    0x000006a0   0x000006a0   0x00000328   Code   RO         3925    i.SystemInit        system_nrf52.o
    0x000009c8   0x000009c8   0x0000000c   Code   RO         1412    i.UARTE0_UART0_IRQHandler  nrfx_prs.o
    0x000009d4   0x000009d4   0x0000000e   Code   RO         4048    i.__scatterload_copy  mc_w.l(handlers.o)
    0x000009e2   0x000009e2   0x00000002   Code   RO         4049    i.__scatterload_null  mc_w.l(handlers.o)
    0x000009e4   0x000009e4   0x0000000e   Code   RO         4050    i.__scatterload_zeroinit  mc_w.l(handlers.o)
    0x000009f2   0x000009f2   0x00000006   Code   RO          405    i.alert_timer_handler  bsp.o
    0x000009f8   0x000009f8   0x00000024   Code   RO         1940    i.app_button_enable  app_button.o
    0x00000a1c   0x00000a1c   0x00000080   Code   RO         1941    i.app_button_init   app_button.o
    0x00000a9c   0x00000a9c   0x0000001a   Code   RO            4    i.app_error_fault_handler  main.o
    0x00000ab6   0x00000ab6   0x00000016   Code   RO         2060    i.app_error_handler_bare  app_error.o
    0x00000acc   0x00000acc   0x00000064   Code   RO         2061    i.app_error_save_and_stop  app_error.o
    0x00000b30   0x00000b30   0x0000000c   Code   RO         2199    i.app_timer_cnt_get  app_timer2.o
    0x00000b3c   0x00000b3c   0x00000016   Code   RO         2200    i.app_timer_create  app_timer2.o
    0x00000b52   0x00000b52   0x00000002   PAD
    0x00000b54   0x00000b54   0x0000005c   Code   RO         2201    i.app_timer_init    app_timer2.o
    0x00000bb0   0x00000bb0   0x00000030   Code   RO         2204    i.app_timer_start   app_timer2.o
    0x00000be0   0x00000be0   0x0000000c   Code   RO         2205    i.app_timer_stop    app_timer2.o
    0x00000bec   0x00000bec   0x00000004   Code   RO         2340    i.app_util_critical_region_enter  app_util_platform.o
    0x00000bf0   0x00000bf0   0x00000004   Code   RO         2341    i.app_util_critical_region_exit  app_util_platform.o
    0x00000bf4   0x00000bf4   0x00000010   Code   RO         2342    i.app_util_disable_irq  app_util_platform.o
    0x00000c04   0x00000c04   0x00000014   Code   RO         2343    i.app_util_enable_irq  app_util_platform.o
    0x00000c18   0x00000c18   0x00000088   Code   RO         1594    i.apply_config      nrfx_uart.o
    0x00000ca0   0x00000ca0   0x00000088   Code   RO         1779    i.apply_config      nrfx_uarte.o
    0x00000d28   0x00000d28   0x00000054   Code   RO          297    i.bsp_board_init    boards.o
    0x00000d7c   0x00000d7c   0x00000024   Code   RO          299    i.bsp_board_led_invert  boards.o
    0x00000da0   0x00000da0   0x00000010   Code   RO          300    i.bsp_board_led_off  boards.o
    0x00000db0   0x00000db0   0x00000010   Code   RO          301    i.bsp_board_led_on  boards.o
    0x00000dc0   0x00000dc0   0x00000020   Code   RO          302    i.bsp_board_led_state_get  boards.o
    0x00000de0   0x00000de0   0x00000012   Code   RO          303    i.bsp_board_leds_off  boards.o
    0x00000df2   0x00000df2   0x00000012   Code   RO          304    i.bsp_board_leds_on  boards.o
    0x00000e04   0x00000e04   0x00000024   Code   RO          305    i.bsp_board_pin_to_button_idx  boards.o
    0x00000e28   0x00000e28   0x00000090   Code   RO          406    i.bsp_button_event_handler  bsp.o
    0x00000eb8   0x00000eb8   0x00000004   Code   RO          409    i.bsp_buttons_enable  bsp.o
    0x00000ebc   0x00000ebc   0x00000044   Code   RO          410    i.bsp_event_to_button_action_assign  bsp.o
    0x00000f00   0x00000f00   0x00000078   Code   RO            5    i.bsp_evt_handler   main.o
    0x00000f78   0x00000f78   0x00000094   Code   RO          412    i.bsp_init          bsp.o
    0x0000100c   0x0000100c   0x000001c8   Code   RO          413    i.bsp_led_indication  bsp.o
    0x000011d4   0x000011d4   0x0000008c   Code   RO         3317    i.buf_prealloc      nrf_log_frontend.o
    0x00001260   0x00001260   0x0000002e   Code   RO         2883    i.buffer_add        nrf_fprintf_format.o
    0x0000128e   0x0000128e   0x00000002   PAD
    0x00001290   0x00001290   0x00000018   Code   RO         3318    i.buffer_is_empty   nrf_log_frontend.o
    0x000012a8   0x000012a8   0x00000028   Code   RO         1943    i.button_get        app_button.o
    0x000012d0   0x000012d0   0x00000008   Code   RO          416    i.button_timer_handler  bsp.o
    0x000012d8   0x000012d8   0x0000001c   Code   RO         1108    i.channel_free      nrfx_gpiote.o
    0x000012f4   0x000012f4   0x00000048   Code   RO         1109    i.channel_port_alloc  nrfx_gpiote.o
    0x0000133c   0x0000133c   0x00000010   Code   RO         1110    i.channel_port_get  nrfx_gpiote.o
    0x0000134c   0x0000134c   0x00000028   Code   RO          522    i.clock_clk_started_notify  nrf_drv_clock.o
    0x00001374   0x00001374   0x0000001c   Code   RO          523    i.clock_irq_handler  nrf_drv_clock.o
    0x00001390   0x00001390   0x00000018   Code   RO         2207    i.compare_func      app_timer2.o
    0x000013a8   0x000013a8   0x00000066   Code   RO         1469    i.configure_pins    nrfx_pwm.o
    0x0000140e   0x0000140e   0x00000002   PAD
    0x00001410   0x00001410   0x00000078   Code   RO            6    i.demo1             main.o
    0x00001488   0x00001488   0x00000054   Code   RO            7    i.demo1_handler     main.o
    0x000014dc   0x000014dc   0x000000a4   Code   RO            8    i.demo2             main.o
    0x00001580   0x00001580   0x00000074   Code   RO            9    i.demo3             main.o
    0x000015f4   0x000015f4   0x00000180   Code   RO           10    i.demo4             main.o
    0x00001774   0x00001774   0x00000074   Code   RO           11    i.demo5             main.o
    0x000017e8   0x000017e8   0x00000048   Code   RO         1944    i.detection_delay_timeout_handler  app_button.o
    0x00001830   0x00001830   0x00000014   Code   RO         3319    i.dropped_sat16_get  nrf_log_frontend.o
    0x00001844   0x00001844   0x00000014   Code   RO         2403    i.drv_rtc_compare_disable  drv_rtc.o
    0x00001858   0x00001858   0x0000000e   Code   RO         2406    i.drv_rtc_compare_pending  drv_rtc.o
    0x00001866   0x00001866   0x00000050   Code   RO         2407    i.drv_rtc_compare_set  drv_rtc.o
    0x000018b6   0x000018b6   0x00000008   Code   RO         2408    i.drv_rtc_counter_get  drv_rtc.o
    0x000018be   0x000018be   0x00000002   PAD
    0x000018c0   0x000018c0   0x000000d8   Code   RO         2409    i.drv_rtc_init      drv_rtc.o
    0x00001998   0x00001998   0x0000001e   Code   RO         2410    i.drv_rtc_irq_trigger  drv_rtc.o
    0x000019b6   0x000019b6   0x00000008   Code   RO         2412    i.drv_rtc_overflow_enable  drv_rtc.o
    0x000019be   0x000019be   0x00000008   Code   RO         2413    i.drv_rtc_overflow_pending  drv_rtc.o
    0x000019c6   0x000019c6   0x00000008   Code   RO         2414    i.drv_rtc_start     drv_rtc.o
    0x000019ce   0x000019ce   0x00000008   Code   RO         2415    i.drv_rtc_stop      drv_rtc.o
    0x000019d6   0x000019d6   0x000000de   Code   RO         2420    i.drv_rtc_windowed_compare_set  drv_rtc.o
    0x00001ab4   0x00001ab4   0x00000012   Code   RO         2421    i.evt_enable        drv_rtc.o
    0x00001ac6   0x00001ac6   0x00000002   PAD
    0x00001ac8   0x00001ac8   0x000000d8   Code   RO         1945    i.evt_handle        app_button.o
    0x00001ba0   0x00001ba0   0x00000014   Code   RO         2422    i.evt_pending       drv_rtc.o
    0x00001bb4   0x00001bb4   0x00000034   Code   RO         2208    i.get_now           app_timer2.o
    0x00001be8   0x00001be8   0x0000003c   Code   RO         1946    i.gpiote_event_handler  app_button.o
    0x00001c24   0x00001c24   0x000000a6   Code   RO         2884    i.int_print         nrf_fprintf_format.o
    0x00001cca   0x00001cca   0x00000002   PAD
    0x00001ccc   0x00001ccc   0x00000088   Code   RO         1780    i.interrupts_enable  nrfx_uarte.o
    0x00001d54   0x00001d54   0x00000034   Code   RO         3320    i.invalid_packets_omit  nrf_log_frontend.o
    0x00001d88   0x00001d88   0x0000009c   Code   RO         1470    i.irq_handler       nrfx_pwm.o
    0x00001e24   0x00001e24   0x00000016   Code   RO          524    i.item_enqueue      nrf_drv_clock.o
    0x00001e3a   0x00001e3a   0x00000002   PAD
    0x00001e3c   0x00001e3c   0x00000030   Code   RO          417    i.leds_off          bsp.o
    0x00001e6c   0x00001e6c   0x00000014   Code   RO          418    i.leds_timer_handler  bsp.o
    0x00001e80   0x00001e80   0x000000a4   Code   RO         3321    i.log_skip          nrf_log_frontend.o
    0x00001f24   0x00001f24   0x00000094   Code   RO           12    i.main              main.o
    0x00001fb8   0x00001fb8   0x0000007e   Code   RO         2923    i.memobj_op         nrf_memobj.o
    0x00002036   0x00002036   0x00000002   PAD
    0x00002038   0x00002038   0x00000030   Code   RO         3322    i.module_idx_get    nrf_log_frontend.o
    0x00002068   0x00002068   0x00000026   Code   RO         2602    i.nrf_atfifo_init   nrf_atfifo.o
    0x0000208e   0x0000208e   0x00000016   Code   RO         2603    i.nrf_atfifo_item_alloc  nrf_atfifo.o
    0x000020a4   0x000020a4   0x00000016   Code   RO         2604    i.nrf_atfifo_item_free  nrf_atfifo.o
    0x000020ba   0x000020ba   0x00000016   Code   RO         2605    i.nrf_atfifo_item_get  nrf_atfifo.o
    0x000020d0   0x000020d0   0x00000016   Code   RO         2606    i.nrf_atfifo_item_put  nrf_atfifo.o
    0x000020e6   0x000020e6   0x00000006   Code   RO         2670    i.nrf_atomic_flag_clear_fetch  nrf_atomic.o
    0x000020ec   0x000020ec   0x00000006   Code   RO         2671    i.nrf_atomic_flag_set  nrf_atomic.o
    0x000020f2   0x000020f2   0x0000000c   Code   RO         2673    i.nrf_atomic_u32_add  nrf_atomic.o
    0x000020fe   0x000020fe   0x0000000a   Code   RO         2677    i.nrf_atomic_u32_fetch_and  nrf_atomic.o
    0x00002108   0x00002108   0x0000000a   Code   RO         2679    i.nrf_atomic_u32_fetch_store  nrf_atomic.o
    0x00002112   0x00002112   0x0000000c   Code   RO         2683    i.nrf_atomic_u32_or  nrf_atomic.o
    0x0000211e   0x0000211e   0x0000000c   Code   RO         2685    i.nrf_atomic_u32_sub  nrf_atomic.o
    0x0000212a   0x0000212a   0x0000003e   Code   RO         2807    i.nrf_balloc_alloc  nrf_balloc.o
    0x00002168   0x00002168   0x0000002a   Code   RO         2808    i.nrf_balloc_free   nrf_balloc.o
    0x00002192   0x00002192   0x00000030   Code   RO         2809    i.nrf_balloc_init   nrf_balloc.o
    0x000021c2   0x000021c2   0x00000010   Code   RO         1111    i.nrf_bitmask_bit_is_set  nrfx_gpiote.o
    0x000021d2   0x000021d2   0x0000000e   Code   RO          969    i.nrf_clock_event_check  nrfx_clock.o
    0x000021e0   0x000021e0   0x00000010   Code   RO          970    i.nrf_clock_event_clear  nrfx_clock.o
    0x000021f0   0x000021f0   0x0000003c   Code   RO          530    i.nrf_drv_clock_init  nrf_drv_clock.o
    0x0000222c   0x0000222c   0x00000048   Code   RO          535    i.nrf_drv_clock_lfclk_request  nrf_drv_clock.o
    0x00002274   0x00002274   0x00000068   Code   RO          663    i.nrf_drv_uart_init  nrf_drv_uart.o
    0x000022dc   0x000022dc   0x0000001a   Code   RO         2844    i.nrf_fprintf       nrf_fprintf.o
    0x000022f6   0x000022f6   0x00000018   Code   RO         2845    i.nrf_fprintf_buffer_flush  nrf_fprintf.o
    0x0000230e   0x0000230e   0x000001da   Code   RO         2885    i.nrf_fprintf_fmt   nrf_fprintf_format.o
    0x000024e8   0x000024e8   0x00000024   Code   RO          307    i.nrf_gpio_cfg      boards.o
    0x0000250c   0x0000250c   0x00000024   Code   RO         1112    i.nrf_gpio_cfg      nrfx_gpiote.o
    0x00002530   0x00002530   0x00000024   Code   RO         1595    i.nrf_gpio_cfg      nrfx_uart.o
    0x00002554   0x00002554   0x00000024   Code   RO         1781    i.nrf_gpio_cfg      nrfx_uarte.o
    0x00002578   0x00002578   0x00000012   Code   RO         1596    i.nrf_gpio_cfg_default  nrfx_uart.o
    0x0000258a   0x0000258a   0x00000012   Code   RO         1782    i.nrf_gpio_cfg_default  nrfx_uarte.o
    0x0000259c   0x0000259c   0x00000012   Code   RO         1597    i.nrf_gpio_cfg_input  nrfx_uart.o
    0x000025ae   0x000025ae   0x00000012   Code   RO         1783    i.nrf_gpio_cfg_input  nrfx_uarte.o
    0x000025c0   0x000025c0   0x00000014   Code   RO         1598    i.nrf_gpio_cfg_output  nrfx_uart.o
    0x000025d4   0x000025d4   0x00000014   Code   RO         1784    i.nrf_gpio_cfg_output  nrfx_uarte.o
    0x000025e8   0x000025e8   0x00000022   Code   RO         1114    i.nrf_gpio_cfg_sense_set  nrfx_gpiote.o
    0x0000260a   0x0000260a   0x00000002   PAD
    0x0000260c   0x0000260c   0x0000002c   Code   RO         1115    i.nrf_gpio_latches_read_and_clear  nrfx_gpiote.o
    0x00002638   0x00002638   0x0000001e   Code   RO         1116    i.nrf_gpio_pin_present_check  nrfx_gpiote.o
    0x00002656   0x00002656   0x00000016   Code   RO          308    i.nrf_gpio_pin_write  boards.o
    0x0000266c   0x0000266c   0x00000014   Code   RO         1117    i.nrf_gpiote_event_clear  nrfx_gpiote.o
    0x00002680   0x00002680   0x00000010   Code   RO         1118    i.nrf_gpiote_event_is_set  nrfx_gpiote.o
    0x00002690   0x00002690   0x0000005c   Code   RO         3323    i.nrf_log_backend_add  nrf_log_frontend.o
    0x000026ec   0x000026ec   0x000000c2   Code   RO         3168    i.nrf_log_backend_serial_put  nrf_log_backend_serial.o
    0x000027ae   0x000027ae   0x00000002   Code   RO         3208    i.nrf_log_backend_uart_flush  nrf_log_backend_uart.o
    0x000027b0   0x000027b0   0x00000006   Code   RO         3209    i.nrf_log_backend_uart_init  nrf_log_backend_uart.o
    0x000027b6   0x000027b6   0x00000002   PAD
    0x000027b8   0x000027b8   0x0000002c   Code   RO         3210    i.nrf_log_backend_uart_panic_set  nrf_log_backend_uart.o
    0x000027e4   0x000027e4   0x00000018   Code   RO         3211    i.nrf_log_backend_uart_put  nrf_log_backend_uart.o
    0x000027fc   0x000027fc   0x00000030   Code   RO         3325    i.nrf_log_color_id_get  nrf_log_frontend.o
    0x0000282c   0x0000282c   0x0000001c   Code   RO         3281    i.nrf_log_default_backends_init  nrf_log_default_backends.o
    0x00002848   0x00002848   0x00000230   Code   RO         3326    i.nrf_log_frontend_dequeue  nrf_log_frontend.o
    0x00002a78   0x00002a78   0x00000008   Code   RO         3328    i.nrf_log_frontend_std_0  nrf_log_frontend.o
    0x00002a80   0x00002a80   0x000000b0   Code   RO         3504    i.nrf_log_hexdump_entry_process  nrf_log_str_formatter.o
    0x00002b30   0x00002b30   0x00000028   Code   RO         3335    i.nrf_log_init      nrf_log_frontend.o
    0x00002b58   0x00002b58   0x00000014   Code   RO         3336    i.nrf_log_module_cnt_get  nrf_log_frontend.o
    0x00002b6c   0x00002b6c   0x0000001c   Code   RO         3339    i.nrf_log_module_name_get  nrf_log_frontend.o
    0x00002b88   0x00002b88   0x000000b6   Code   RO         3505    i.nrf_log_std_entry_process  nrf_log_str_formatter.o
    0x00002c3e   0x00002c3e   0x00000060   Code   RO         2924    i.nrf_memobj_alloc  nrf_memobj.o
    0x00002c9e   0x00002c9e   0x00000032   Code   RO         2925    i.nrf_memobj_free   nrf_memobj.o
    0x00002cd0   0x00002cd0   0x00000008   Code   RO         2926    i.nrf_memobj_get    nrf_memobj.o
    0x00002cd8   0x00002cd8   0x00000004   Code   RO         2927    i.nrf_memobj_pool_init  nrf_memobj.o
    0x00002cdc   0x00002cdc   0x0000001e   Code   RO         2928    i.nrf_memobj_put    nrf_memobj.o
    0x00002cfa   0x00002cfa   0x00000010   Code   RO         2929    i.nrf_memobj_read   nrf_memobj.o
    0x00002d0a   0x00002d0a   0x00000010   Code   RO         2930    i.nrf_memobj_write  nrf_memobj.o
    0x00002d1a   0x00002d1a   0x0000000a   Code   RO         1471    i.nrf_pwm_event_check  nrfx_pwm.o
    0x00002d24   0x00002d24   0x0000000c   Code   RO         1472    i.nrf_pwm_event_clear  nrfx_pwm.o
    0x00002d30   0x00002d30   0x0000001e   Code   RO         1473    i.nrf_pwm_sequence_set  nrfx_pwm.o
    0x00002d4e   0x00002d4e   0x0000001c   Code   RO         3003    i.nrf_ringbuf_init  nrf_ringbuf.o
    0x00002d6a   0x00002d6a   0x0000000c   Code   RO         2423    i.nrf_rtc_event_clear  drv_rtc.o
    0x00002d76   0x00002d76   0x00000022   Code   RO         3061    i.nrf_sortlist_add  nrf_sortlist.o
    0x00002d98   0x00002d98   0x00000006   Code   RO         3063    i.nrf_sortlist_peek  nrf_sortlist.o
    0x00002d9e   0x00002d9e   0x0000000e   Code   RO         3064    i.nrf_sortlist_pop  nrf_sortlist.o
    0x00002dac   0x00002dac   0x0000001e   Code   RO         3065    i.nrf_sortlist_remove  nrf_sortlist.o
    0x00002dca   0x00002dca   0x0000000a   Code   RO         1599    i.nrf_uart_event_check  nrfx_uart.o
    0x00002dd4   0x00002dd4   0x0000000c   Code   RO         1600    i.nrf_uart_event_clear  nrfx_uart.o
    0x00002de0   0x00002de0   0x0000000c   Code   RO         1601    i.nrf_uart_int_enable_check  nrfx_uart.o
    0x00002dec   0x00002dec   0x0000000a   Code   RO         1785    i.nrf_uarte_event_check  nrfx_uarte.o
    0x00002df6   0x00002df6   0x0000000c   Code   RO         1786    i.nrf_uarte_event_clear  nrfx_uarte.o
    0x00002e02   0x00002e02   0x00000002   PAD
    0x00002e04   0x00002e04   0x00000010   Code   RO          537    i.nrf_wdt_started   nrf_drv_clock.o
    0x00002e14   0x00002e14   0x0000002c   Code   RO          975    i.nrfx_clock_enable  nrfx_clock.o
    0x00002e40   0x00002e40   0x00000020   Code   RO          978    i.nrfx_clock_init   nrfx_clock.o
    0x00002e60   0x00002e60   0x0000004c   Code   RO          980    i.nrfx_clock_lfclk_start  nrfx_clock.o
    0x00002eac   0x00002eac   0x00000010   Code   RO         2424    i.nrfx_coredep_delay_us  drv_rtc.o
    0x00002ebc   0x00002ebc   0x000000a0   Code   RO         1124    i.nrfx_gpiote_in_event_enable  nrfx_gpiote.o
    0x00002f5c   0x00002f5c   0x000000cc   Code   RO         1126    i.nrfx_gpiote_in_init  nrfx_gpiote.o
    0x00003028   0x00003028   0x00000014   Code   RO         1127    i.nrfx_gpiote_in_is_set  nrfx_gpiote.o
    0x0000303c   0x0000303c   0x00000074   Code   RO         1129    i.nrfx_gpiote_init  nrfx_gpiote.o
    0x000030b0   0x000030b0   0x00000014   Code   RO         1130    i.nrfx_gpiote_is_init  nrfx_gpiote.o
    0x000030c4   0x000030c4   0x00000010   Code   RO         1787    i.nrfx_is_in_ram    nrfx_uarte.o
    0x000030d4   0x000030d4   0x00000030   Code   RO         1413    i.nrfx_prs_acquire  nrfx_prs.o
    0x00003104   0x00003104   0x00000012   Code   RO         1414    i.nrfx_prs_release  nrfx_prs.o
    0x00003116   0x00003116   0x00000002   PAD
    0x00003118   0x00003118   0x0000005c   Code   RO         1474    i.nrfx_pwm_complex_playback  nrfx_pwm.o
    0x00003174   0x00003174   0x000000d8   Code   RO         1475    i.nrfx_pwm_init     nrfx_pwm.o
    0x0000324c   0x0000324c   0x00000070   Code   RO         1477    i.nrfx_pwm_simple_playback  nrfx_pwm.o
    0x000032bc   0x000032bc   0x00000040   Code   RO         1479    i.nrfx_pwm_uninit   nrfx_pwm.o
    0x000032fc   0x000032fc   0x00000010   Code   RO         1602    i.nrfx_uart_0_irq_handler  nrfx_uart.o
    0x0000330c   0x0000330c   0x000000d4   Code   RO         1604    i.nrfx_uart_init    nrfx_uart.o
    0x000033e0   0x000033e0   0x000000a8   Code   RO         1610    i.nrfx_uart_tx      nrfx_uart.o
    0x00003488   0x00003488   0x00000020   Code   RO         1612    i.nrfx_uart_tx_in_progress  nrfx_uart.o
    0x000034a8   0x000034a8   0x000000c0   Code   RO         1613    i.nrfx_uart_uninit  nrfx_uart.o
    0x00003568   0x00003568   0x00000010   Code   RO         1788    i.nrfx_uarte_0_irq_handler  nrfx_uarte.o
    0x00003578   0x00003578   0x0000006c   Code   RO         1790    i.nrfx_uarte_init   nrfx_uarte.o
    0x000035e4   0x000035e4   0x000000ac   Code   RO         1794    i.nrfx_uarte_tx     nrfx_uarte.o
    0x00003690   0x00003690   0x0000001c   Code   RO         1796    i.nrfx_uarte_tx_in_progress  nrfx_uarte.o
    0x000036ac   0x000036ac   0x00000108   Code   RO         1797    i.nrfx_uarte_uninit  nrfx_uarte.o
    0x000037b4   0x000037b4   0x0000001c   Code   RO         1148    i.pin_configured_set  nrfx_gpiote.o
    0x000037d0   0x000037d0   0x00000018   Code   RO         1149    i.pin_in_use_by_port  nrfx_gpiote.o
    0x000037e8   0x000037e8   0x00000018   Code   RO         1150    i.pin_in_use_by_te  nrfx_gpiote.o
    0x00003800   0x00003800   0x000000b4   Code   RO         1151    i.port_event_handle  nrfx_gpiote.o
    0x000038b4   0x000038b4   0x00000010   Code   RO         1152    i.port_handler_polarity_get  nrfx_gpiote.o
    0x000038c4   0x000038c4   0x0000003c   Code   RO         3507    i.postfix_process   nrf_log_str_formatter.o
    0x00003900   0x00003900   0x00000098   Code   RO         3508    i.prefix_process    nrf_log_str_formatter.o
    0x00003998   0x00003998   0x00000018   Code   RO         1415    i.prs_box_get       nrfx_prs.o
    0x000039b0   0x000039b0   0x0000005c   Code   RO         2209    i.rtc_irq           app_timer2.o
    0x00003a0c   0x00003a0c   0x00000064   Code   RO         2210    i.rtc_schedule      app_timer2.o
    0x00003a70   0x00003a70   0x00000074   Code   RO         2211    i.rtc_update        app_timer2.o
    0x00003ae4   0x00003ae4   0x00000032   Code   RO         1614    i.rx_byte           nrfx_uart.o
    0x00003b16   0x00003b16   0x00000016   Code   RO         1615    i.rx_done_event     nrfx_uart.o
    0x00003b2c   0x00003b2c   0x00000016   Code   RO         1798    i.rx_done_event     nrfx_uarte.o
    0x00003b42   0x00003b42   0x00000002   PAD
    0x00003b44   0x00003b44   0x00000040   Code   RO         3212    i.serial_tx         nrf_log_backend_uart.o
    0x00003b84   0x00003b84   0x0000000c   Code   RO         2212    i.sortlist_pop      app_timer2.o
    0x00003b90   0x00003b90   0x0000004c   Code   RO         1480    i.start_playback    nrfx_pwm.o
    0x00003bdc   0x00003bdc   0x00000030   Code   RO         1947    i.state_set         app_button.o
    0x00003c0c   0x00003c0c   0x00000094   Code   RO         3342    i.std_n             nrf_log_frontend.o
    0x00003ca0   0x00003ca0   0x00000058   Code   RO         2213    i.timer_expire      app_timer2.o
    0x00003cf8   0x00003cf8   0x00000078   Code   RO         2214    i.timer_req_process  app_timer2.o
    0x00003d70   0x00003d70   0x00000038   Code   RO         2215    i.timer_req_schedule  app_timer2.o
    0x00003da8   0x00003da8   0x00000018   Code   RO         1948    i.timer_start       app_button.o
    0x00003dc0   0x00003dc0   0x00000020   Code   RO         1617    i.tx_byte           nrfx_uart.o
    0x00003de0   0x00003de0   0x0000001a   Code   RO         1618    i.tx_done_event     nrfx_uart.o
    0x00003dfa   0x00003dfa   0x0000001a   Code   RO         1799    i.tx_done_event     nrfx_uarte.o
    0x00003e14   0x00003e14   0x00000030   Code   RO          664    i.uart_evt_handler  nrf_drv_uart.o
    0x00003e44   0x00003e44   0x0000000c   Code   RO         3213    i.uart_evt_handler  nrf_log_backend_uart.o
    0x00003e50   0x00003e50   0x00000050   Code   RO         3214    i.uart_init         nrf_log_backend_uart.o
    0x00003ea0   0x00003ea0   0x0000012a   Code   RO         1619    i.uart_irq_handler  nrfx_uart.o
    0x00003fca   0x00003fca   0x00000002   PAD
    0x00003fcc   0x00003fcc   0x00000030   Code   RO          665    i.uarte_evt_handler  nrf_drv_uart.o
    0x00003ffc   0x00003ffc   0x00000112   Code   RO         1800    i.uarte_irq_handler  nrfx_uarte.o
    0x0000410e   0x0000410e   0x00000002   PAD
    0x00004110   0x00004110   0x000000b4   Code   RO         2886    i.unsigned_print    nrf_fprintf_format.o
    0x000041c4   0x000041c4   0x00000020   Code   RO         1949    i.usr_event         app_button.o
    0x000041e4   0x000041e4   0x000000f0   Data   RO           14    .constdata          main.o
    0x000042d4   0x000042d4   0x00000008   Data   RO          309    .constdata          boards.o
    0x000042dc   0x000042dc   0x0000002c   Data   RO          424    .constdata          bsp.o
    0x00004308   0x00004308   0x00000004   Data   RO         1154    .constdata          nrfx_gpiote.o
    0x0000430c   0x0000430c   0x00000004   Data   RO         1622    .constdata          nrfx_uart.o
    0x00004310   0x00004310   0x00000004   Data   RO         1803    .constdata          nrfx_uarte.o
    0x00004314   0x00004314   0x00000008   Data   RO         1952    .constdata          app_button.o
    0x0000431c   0x0000431c   0x00000014   Data   RO         2218    .constdata          app_timer2.o
    0x00004330   0x00004330   0x00000006   Data   RO         2425    .constdata          drv_rtc.o
    0x00004336   0x00004336   0x00000010   Data   RO         2887    .constdata          nrf_fprintf_format.o
    0x00004346   0x00004346   0x00000002   PAD
    0x00004348   0x00004348   0x0000000c   Data   RO         3216    .constdata          nrf_log_backend_uart.o
    0x00004354   0x00004354   0x00000020   Data   RO         3217    .constdata          nrf_log_backend_uart.o
    0x00004374   0x00004374   0x0000000c   Data   RO         3347    .constdata          nrf_log_frontend.o
    0x00004380   0x00004380   0x00000081   Data   RO         3985    .constdata          mc_w.l(ctype_o.o)
    0x00004401   0x00004401   0x00000003   PAD
    0x00004404   0x00004404   0x00000004   Data   RO         3986    .constdata          mc_w.l(ctype_o.o)
    0x00004408   0x00004408   0x00000066   Data   RO         3509    .conststring        nrf_log_str_formatter.o
    0x0000446e   0x0000446e   0x00000002   PAD
    0x00004470   0x00004470   0x00000006   Data   RO          543    .conststrlit        nrf_drv_clock.o
    0x00004476   0x00004476   0x00000002   PAD
    0x00004478   0x00004478   0x00000006   Data   RO          985    .conststrlit        nrfx_clock.o
    0x0000447e   0x0000447e   0x00000002   PAD
    0x00004480   0x00004480   0x00000007   Data   RO         1158    .conststrlit        nrfx_gpiote.o
    0x00004487   0x00004487   0x00000001   PAD
    0x00004488   0x00004488   0x00000004   Data   RO         1417    .conststrlit        nrfx_prs.o
    0x0000448c   0x0000448c   0x00000004   Data   RO         1487    .conststrlit        nrfx_pwm.o
    0x00004490   0x00004490   0x00000005   Data   RO         1625    .conststrlit        nrfx_uart.o
    0x00004495   0x00004495   0x00000003   PAD
    0x00004498   0x00004498   0x00000006   Data   RO         1806    .conststrlit        nrfx_uarte.o
    0x0000449e   0x0000449e   0x00000002   PAD
    0x000044a0   0x000044a0   0x0000000b   Data   RO         1953    .conststrlit        app_button.o
    0x000044ab   0x000044ab   0x00000001   PAD
    0x000044ac   0x000044ac   0x0000000a   Data   RO         2219    .conststrlit        app_timer2.o
    0x000044b6   0x000044b6   0x00000002   PAD
    0x000044b8   0x000044b8   0x00000009   Data   RO         3066    .conststrlit        nrf_sortlist.o
    0x000044c1   0x000044c1   0x00000003   PAD
    0x000044c4   0x000044c4   0x00000011   Data   RO         3282    .conststrlit        nrf_log_default_backends.o
    0x000044d5   0x000044d5   0x00000003   PAD
    0x000044d8   0x000044d8   0x00000004   Data   RO         3348    .conststrlit        nrf_log_frontend.o
    0x000044dc   0x000044dc   0x00000020   Data   RO         4046    Region$$Table       anon$$obj.o
    0x000044fc   0x000044fc   0x00000010   Data   RO         3284    log_backends        nrf_log_default_backends.o
    0x0000450c   0x0000450c   0x00000008   Data   RO          544    log_const_data      nrf_drv_clock.o
    0x00004514   0x00004514   0x00000008   Data   RO          987    log_const_data      nrfx_clock.o
    0x0000451c   0x0000451c   0x00000008   Data   RO         1159    log_const_data      nrfx_gpiote.o
    0x00004524   0x00004524   0x00000008   Data   RO         1419    log_const_data      nrfx_prs.o
    0x0000452c   0x0000452c   0x00000008   Data   RO         1488    log_const_data      nrfx_pwm.o
    0x00004534   0x00004534   0x00000008   Data   RO         1626    log_const_data      nrfx_uart.o
    0x0000453c   0x0000453c   0x00000008   Data   RO         1807    log_const_data      nrfx_uarte.o
    0x00004544   0x00004544   0x00000008   Data   RO         1955    log_const_data      app_button.o
    0x0000454c   0x0000454c   0x00000008   Data   RO         2222    log_const_data      app_timer2.o
    0x00004554   0x00004554   0x00000008   Data   RO         3067    log_const_data      nrf_sortlist.o
    0x0000455c   0x0000455c   0x00000008   Data   RO         3352    log_const_data      nrf_log_frontend.o
    0x00004564   0x00004564   0x00000014   Data   RO         3353    nrf_balloc          nrf_log_frontend.o


    Execution Region RW_IRAM1 (Exec base: 0x20000000, Load base: 0x00004578, Size: 0x00002a18, Max: 0x00010000, ABSOLUTE, COMPRESSED[0x00000064])

    Exec Addr    Load Addr    Size         Type   Attr      Idx    E Section Name        Object

    0x20000000   COMPRESSED   0x00000024   Data   RW           15    .data               main.o
    0x20000024   COMPRESSED   0x0000000c   Data   RW           16    .data               main.o
    0x20000030   COMPRESSED   0x0000000c   Data   RW           17    .data               main.o
    0x2000003c   COMPRESSED   0x00000010   Data   RW           18    .data               main.o
    0x2000004c   COMPRESSED   0x00000004   Data   RW           19    .data               main.o
    0x20000050   COMPRESSED   0x00000020   Data   RW           20    .data               main.o
    0x20000070   COMPRESSED   0x00000010   Data   RW          425    .data               bsp.o
    0x20000080   COMPRESSED   0x0000000c   Data   RW          666    .data               nrf_drv_uart.o
    0x2000008c   COMPRESSED   0x00000008   Data   RW          986    .data               nrfx_clock.o
    0x20000094   COMPRESSED   0x00000008   Data   RW         1418    .data               nrfx_prs.o
    0x2000009c   COMPRESSED   0x00000004   PAD
    0x200000a0   COMPRESSED   0x00000018   Data   RW         1954    .data               app_button.o
    0x200000b8   COMPRESSED   0x00000020   Data   RW         2220    .data               app_timer2.o
    0x200000d8   COMPRESSED   0x00000004   Data   RW         2221    .data               app_timer2.o
    0x200000dc   COMPRESSED   0x00000004   Data   RW         2346    .data               app_util_platform.o
    0x200000e0   COMPRESSED   0x0000000c   Data   RW         2426    .data               drv_rtc.o
    0x200000ec   COMPRESSED   0x00000018   Data   RW         3218    .data               nrf_log_backend_uart.o
    0x20000104   COMPRESSED   0x00000008   Data   RW         3283    .data               nrf_log_default_backends.o
    0x2000010c   COMPRESSED   0x00000004   Data   RW         3349    .data               nrf_log_frontend.o
    0x20000110   COMPRESSED   0x00000008   Data   RW         3350    .data               nrf_log_frontend.o
    0x20000118   COMPRESSED   0x00000008   Data   RW         3351    .data               nrf_log_frontend.o
    0x20000120   COMPRESSED   0x00000040   Data   RW         3510    .data               nrf_log_str_formatter.o
    0x20000160   COMPRESSED   0x00000004   Data   RW         3926    .data               system_nrf52.o
    0x20000164        -       0x000000fa   Zero   RW           13    .bss                main.o
    0x2000025e   COMPRESSED   0x00000002   PAD
    0x20000260        -       0x00000020   Zero   RW          420    .bss                bsp.o
    0x20000280        -       0x00000020   Zero   RW          421    .bss                bsp.o
    0x200002a0        -       0x0000000c   Zero   RW          422    .bss                bsp.o
    0x200002ac   COMPRESSED   0x00000004   PAD
    0x200002b0        -       0x00000020   Zero   RW          423    .bss                bsp.o
    0x200002d0        -       0x00000014   Zero   RW          538    .bss                nrf_drv_clock.o
    0x200002e4        -       0x0000005c   Zero   RW         1153    .bss                nrfx_gpiote.o
    0x20000340        -       0x00000018   Zero   RW         1481    .bss                nrfx_pwm.o
    0x20000358        -       0x0000002c   Zero   RW         1620    .bss                nrfx_uart.o
    0x20000384        -       0x00000024   Zero   RW         1801    .bss                nrfx_uarte.o
    0x200003a8        -       0x00000020   Zero   RW         1950    .bss                app_button.o
    0x200003c8        -       0x00000010   Zero   RW         1951    .bss                app_button.o
    0x200003d8        -       0x00000020   Zero   RW         2062    .bss                app_error.o
    0x200003f8        -       0x00000010   Zero   RW         2216    .bss                app_timer2.o
    0x20000408        -       0x00000058   Zero   RW         2217    .bss                app_timer2.o
    0x20000460        -       0x00000040   Zero   RW         3215    .bss                nrf_log_backend_uart.o
    0x200004a0        -       0x000000c0   Zero   RW         3343    .bss                nrf_log_frontend.o
    0x20000560        -       0x00000080   Zero   RW         3344    .bss                nrf_log_frontend.o
    0x200005e0        -       0x00000018   Zero   RW         3345    .bss                nrf_log_frontend.o
    0x200005f8        -       0x00000420   Zero   RW         3346    .bss                nrf_log_frontend.o
    0x20000a18        -       0x00002000   Zero   RW         3914    STACK               arm_startup_nrf52.o


==============================================================================

Image component sizes


      Code (inc. data)   RO Data    RW Data    ZI Data      Debug   Object Name

       656         68         27         24         48      22774   app_button.o
       122          4          0          0         32       4191   app_error.o
         0          0          0          0          0      30079   app_error_weak.o
       846         88         38         36        104      16521   app_timer2.o
        44         10          0          4          0       3308   app_util_platform.o
        36          8        512          0       8192        920   arm_startup_nrf52.o
       314         30          8          0          0      12772   boards.o
       902         80         44         16        108      13472   bsp.o
       704         76          6         12          0      48533   drv_rtc.o
      1278        190        240        112        250      74030   main.o
       326          0          0          0          0       5907   nrf_atfifo.o
       294          0          0          0          0       7811   nrf_atomic.o
       152          0          0          0          0       3548   nrf_balloc.o
       238         28         14          0         20      12541   nrf_drv_clock.o
       200         26          0         12          0      17764   nrf_drv_uart.o
        50          0          0          0          0       3509   nrf_fprintf.o
       866          4         16          0          0       6522   nrf_fprintf_format.o
       194          0          0          0          0      11585   nrf_log_backend_serial.o
       232         44         44         24         64      15846   nrf_log_backend_uart.o
        28          4         33          8          0       3329   nrf_log_default_backends.o
      1392        126         44         20       1400      27104   nrf_log_frontend.o
       570        108        102         64          0       5620   nrf_log_str_formatter.o
       346          0          0          0          0       8043   nrf_memobj.o
         0          0          0          0          0       1472   nrf_nvic.o
        28          0          0          0          0       2351   nrf_ringbuf.o
        84          0         17          0          0       4073   nrf_sortlist.o
       270         34         14          8          0      47169   nrfx_clock.o
      1268        106         19          0         92      65629   nrfx_gpiote.o
       102         16         12          8          0       4424   nrfx_prs.o
       918         46         12          0         24      26947   nrfx_pwm.o
      1310         42         17          0         44      26981   nrfx_uart.o
      1312         42         18          0         36      25931   nrfx_uarte.o
       808         72          0          4          0      13603   system_nrf52.o

    ----------------------------------------------------------------------
     15922       1252       1292        356      10420     574309   Object Totals
         0          0         32          0          0          0   (incl. Generated)
        32          0         23          4          6          0   (incl. Padding)

    ----------------------------------------------------------------------

      Code (inc. data)   RO Data    RW Data    ZI Data      Debug   Library Member Name

        86          0          0          0          0          0   __dczerorl2.o
         8          4        133          0          0         68   ctype_o.o
         0          0          0          0          0          0   entry.o
         0          0          0          0          0          0   entry10a.o
         0          0          0          0          0          0   entry11a.o
         4          0          0          0          0          0   entry12b.o
         8          4          0          0          0          0   entry2.o
         4          0          0          0          0          0   entry5.o
         0          0          0          0          0          0   entry7b.o
         0          0          0          0          0          0   entry8b.o
         8          4          0          0          0          0   entry9a.o
        30          0          0          0          0          0   handlers.o
        36          8          0          0          0         68   init.o
        30          0          0          0          0         68   llshl.o
        32          0          0          0          0         68   llushr.o
        36          0          0          0          0         68   memcpya.o
        36          0          0          0          0        108   memseta.o
        14          0          0          0          0         68   strlen.o
        98          0          0          0          0         92   uldiv.o

    ----------------------------------------------------------------------
       434         20        136          0          0        608   Library Totals
         4          0          3          0          0          0   (incl. Padding)

    ----------------------------------------------------------------------

      Code (inc. data)   RO Data    RW Data    ZI Data      Debug   Library Name

       430         20        133          0          0        608   mc_w.l

    ----------------------------------------------------------------------
       434         20        136          0          0        608   Library Totals

    ----------------------------------------------------------------------

==============================================================================


      Code (inc. data)   RO Data    RW Data    ZI Data      Debug   

     16356       1272       1428        356      10420     553245   Grand Totals
     16356       1272       1428        100      10420     553245   ELF Image Totals (compressed)
     16356       1272       1428        100          0          0   ROM Totals

==============================================================================

    Total RO  Size (Code + RO Data)                17784 (  17.37kB)
    Total RW  Size (RW Data + ZI Data)             10776 (  10.52kB)
    Total ROM Size (Code + RO Data + RW Data)      17884 (  17.46kB)

==============================================================================

