<html>
<body>
<pre>
<h1>µVision Build Log</h1>
<h2>Tool Versions:</h2>
IDE-Version: ¦ÌVision V5.36.0.0
Copyright (C) 2021 ARM Ltd and ARM Germany GmbH. All rights reserved.
License Information: wang m18362973137@163.com, YKZZ, LIC=RC93N-YMJ2V-Y89FK-ZYPI5-66JJS-8FQY4
 
Tool Versions:
Toolchain:       MDK-ARM Plus  Version: 5.36.0.0
Toolchain Path:  D:\Keil_v5\ARM\ARMCC\Bin
C Compiler:      Armcc.exe V5.06 update 7 (build 960)
Assembler:       Armasm.exe V5.06 update 7 (build 960)
Linker/Locator:  ArmLink.exe V5.06 update 7 (build 960)
Library Manager: ArmAr.exe V5.06 update 7 (build 960)
Hex Converter:   FromElf.exe V5.06 update 7 (build 960)
CPU DLL:         
Dialog DLL:      
Target DLL:      Segger\JL2CM3.dll V2.99.40.0
Dialog DLL:      TCM.DLL V1.53.0.0
 
<h2>Project:</h2>
F:\1_Project\XF\nRF52810\nRF5_SDK_17.0.2_d674dde\examples\ble_peripheral\ble_app_buttonless_dfu\pca10040e\s112\arm5_no_packs\ble_app_buttonless_dfu_pca10040e_s112.uvprojx
Project File Date:  10/11/2023

<h2>Output:</h2>
*** Using Compiler 'V5.06 update 7 (build 960)', folder: 'D:\Keil_v5\ARM\ARMCC\Bin'
Rebuild target 'nrf52810_xxaa'
compiling ble_advdata.c...
compiling ble_advertising.c...
compiling bsp.c...
compiling boards.c...
compiling bsp_btn_ble.c...
compiling auth_status_tracker.c...
compiling main.c...
compiling ble_srv_common.c...
compiling ble_conn_params.c...
compiling ble_conn_state.c...
compiling gatts_cache_manager.c...
compiling id_manager.c...
compiling gatt_cache_manager.c...
compiling nrf_ble_gatt.c...
compiling nrf_ble_qwr.c...
compiling peer_id.c...
compiling peer_data_storage.c...
compiling peer_database.c...
compiling pm_buffer.c...
compiling peer_manager.c...
compiling peer_manager_handler.c...
compiling security_manager.c...
compiling security_dispatcher.c...
compiling ble_dfu.c...
compiling ble_dfu_bonded.c...
compiling ble_dfu_unbonded.c...
compiling nrf_drv_clock.c...
compiling nrf_drv_uart.c...
compiling nrfx_atomic.c...
compiling nrfx_prs.c...
compiling nrfx_gpiote.c...
compiling nrfx_clock.c...
compiling nrfx_uart.c...
compiling nrf_drv_twi.c...
compiling nrfx_uarte.c...
compiling nrfx_twi.c...
compiling app_error.c...
compiling app_button.c...
compiling app_error_handler_keil.c...
compiling nrfx_twim.c...
compiling app_scheduler.c...
compiling app_error_weak.c...
compiling app_util_platform.c...
compiling app_timer2.c...
compiling crc16.c...
compiling nrf_assert.c...
compiling nrf_atfifo.c...
compiling drv_rtc.c...
compiling fds.c...
compiling nrf_atflags.c...
compiling nrf_atomic.c...
compiling nrf_fprintf.c...
compiling nrf_balloc.c...
compiling nrf_fprintf_format.c...
compiling nrf_fstorage.c...
compiling nrf_memobj.c...
compiling nrf_fstorage_sd.c...
compiling nrf_section_iter.c...
compiling nrf_pwr_mgmt.c...
compiling nrf_ringbuf.c...
compiling nrf_sortlist.c...
compiling nrf_strerror.c...
compiling nrf_log_backend_rtt.c...
compiling nrf_log_backend_serial.c...
compiling nrf_log_default_backends.c...
compiling nrf_log_backend_uart.c...
compiling nrf_log_frontend.c...
compiling nrf_log_str_formatter.c...
compiling nrf_dfu_svci.c...
compiling SEGGER_RTT.c...
assembling arm_startup_nrf52810.s...
compiling SEGGER_RTT_Syscalls_KEIL.c...
compiling nrf_sdh_soc.c...
compiling SEGGER_RTT_printf.c...
compiling nrf_sdh.c...
compiling nrf_sdh_ble.c...
compiling system_nrf52810.c...
linking...
Program Size: Code=46044 RO-data=8080 RW-data=552 ZI-data=5800  
FromELF: creating hex file...
".\_build\app.axf" - 0 Error(s), 0 Warning(s).

<h2>Software Packages used:</h2>

Package Vendor: ARM
                http://www.keil.com/pack/ARM.CMSIS.5.6.0.pack
                ARM.CMSIS.5.6.0
                CMSIS (Cortex Microcontroller Software Interface Standard)
   * Component: CORE Version: 5.3.0

Package Vendor: NordicSemiconductor
                http://developer.nordicsemi.com/nRF5_SDK/pieces/nRF_DeviceFamilyPack/NordicSemiconductor.nRF_DeviceFamilyPack.8.35.0.pack
                NordicSemiconductor.nRF_DeviceFamilyPack.8.35.0
                Nordic Semiconductor nRF ARM devices Device Family Pack with BSD license.
   * Component: Startup Version: 8.35.0

<h2>Collection of Component include folders:</h2>
  .\RTE\_nrf52810_xxaa
  C:\Users\m1836\AppData\Local\Arm\Packs\ARM\CMSIS\5.6.0\CMSIS\Core\Include
  C:\Users\m1836\AppData\Local\Arm\Packs\NordicSemiconductor\nRF_DeviceFamilyPack\8.35.0\Device\Include

<h2>Collection of Component Files used:</h2>

   * Component: ARM::CMSIS:CORE:5.3.0

   * Component: NordicSemiconductor::Device:Startup:8.35.0
      Source file:   Device\Source\arm\arm_startup_nrf52810.s
      Include file:  Device\Include\system_nrf.h
      Include file:  Device\Include\system_nrf52810.h
      Source file:   Device\Source\system_nrf52810.c
Build Time Elapsed:  00:00:34
</pre>
</body>
</html>
