Component: ARM Compiler 5.06 update 7 (build 960) Tool: armlink [4d3601]

==============================================================================

Section Cross References

    main.o(i.advertising_config_get) refers to memseta.o(.text) for __aeabi_memclr4
    main.o(i.app_shutdown_handler) refers to nrf_log_frontend.o(i.nrf_log_frontend_std_0) for nrf_log_frontend_std_0
    main.o(i.app_shutdown_handler) refers to nrf_log_frontend.o(log_const_data) for m_nrf_log_app_logs_data_const
    main.o(i.assert_nrf_callback) refers to app_error_handler_keil.o(.emb_text) for app_error_handler
    main.o(i.ble_dfu_evt_handler) refers to nrf_log_frontend.o(i.nrf_log_frontend_std_0) for nrf_log_frontend_std_0
    main.o(i.ble_dfu_evt_handler) refers to main.o(i.advertising_config_get) for advertising_config_get
    main.o(i.ble_dfu_evt_handler) refers to ble_advertising.o(i.ble_advertising_modes_config_set) for ble_advertising_modes_config_set
    main.o(i.ble_dfu_evt_handler) refers to ble_conn_state.o(i.ble_conn_state_for_each_connected) for ble_conn_state_for_each_connected
    main.o(i.ble_dfu_evt_handler) refers to nrf_log_frontend.o(i.nrf_log_frontend_std_1) for nrf_log_frontend_std_1
    main.o(i.ble_dfu_evt_handler) refers to nrf_log_frontend.o(log_const_data) for m_nrf_log_app_logs_data_const
    main.o(i.ble_dfu_evt_handler) refers to main.o(.bss) for .bss
    main.o(i.ble_dfu_evt_handler) refers to main.o(i.disconnect) for disconnect
    main.o(i.ble_evt_handler) refers to bsp.o(i.bsp_indication_set) for bsp_indication_set
    main.o(i.ble_evt_handler) refers to app_error.o(i.app_error_handler_bare) for app_error_handler_bare
    main.o(i.ble_evt_handler) refers to nrf_ble_qwr.o(i.nrf_ble_qwr_conn_handle_assign) for nrf_ble_qwr_conn_handle_assign
    main.o(i.ble_evt_handler) refers to main.o(.data) for .data
    main.o(i.ble_evt_handler) refers to main.o(.bss) for .bss
    main.o(i.bsp_event_handler) refers to main.o(i.sleep_mode_enter) for sleep_mode_enter
    main.o(i.bsp_event_handler) refers to app_error.o(i.app_error_handler_bare) for app_error_handler_bare
    main.o(i.bsp_event_handler) refers to ble_advertising.o(i.ble_advertising_restart_without_whitelist) for ble_advertising_restart_without_whitelist
    main.o(i.bsp_event_handler) refers to main.o(.data) for .data
    main.o(i.bsp_event_handler) refers to main.o(.bss) for .bss
    main.o(i.buttonless_dfu_sdh_state_observer) refers to nrf_pwr_mgmt.o(i.nrf_pwr_mgmt_shutdown) for nrf_pwr_mgmt_shutdown
    main.o(i.conn_params_error_handler) refers to app_error.o(i.app_error_handler_bare) for app_error_handler_bare
    main.o(i.disconnect) refers to nrf_log_frontend.o(i.nrf_log_frontend_std_2) for nrf_log_frontend_std_2
    main.o(i.disconnect) refers to nrf_log_frontend.o(log_const_data) for m_nrf_log_app_logs_data_const
    main.o(i.disconnect) refers to main.o(.conststring) for .conststring
    main.o(i.main) refers to nrf_log_frontend.o(i.nrf_log_init) for nrf_log_init
    main.o(i.main) refers to app_error.o(i.app_error_handler_bare) for app_error_handler_bare
    main.o(i.main) refers to nrf_log_default_backends.o(i.nrf_log_default_backends_init) for nrf_log_default_backends_init
    main.o(i.main) refers to ble_dfu_unbonded.o(i.ble_dfu_buttonless_async_svci_init) for ble_dfu_buttonless_async_svci_init
    main.o(i.main) refers to app_timer2.o(i.app_timer_init) for app_timer_init
    main.o(i.main) refers to nrf_pwr_mgmt.o(i.nrf_pwr_mgmt_init) for nrf_pwr_mgmt_init
    main.o(i.main) refers to bsp.o(i.bsp_init) for bsp_init
    main.o(i.main) refers to bsp_btn_ble.o(i.bsp_btn_ble_init) for bsp_btn_ble_init
    main.o(i.main) refers to nrf_sdh.o(i.nrf_sdh_enable_request) for nrf_sdh_enable_request
    main.o(i.main) refers to nrf_sdh_ble.o(i.nrf_sdh_ble_default_cfg_set) for nrf_sdh_ble_default_cfg_set
    main.o(i.main) refers to nrf_sdh_ble.o(i.nrf_sdh_ble_enable) for nrf_sdh_ble_enable
    main.o(i.main) refers to main.o(i.peer_manager_init) for peer_manager_init
    main.o(i.main) refers to nrf_ble_gatt.o(i.nrf_ble_gatt_init) for nrf_ble_gatt_init
    main.o(i.main) refers to memseta.o(.text) for __aeabi_memclr4
    main.o(i.main) refers to main.o(i.advertising_config_get) for advertising_config_get
    main.o(i.main) refers to ble_advertising.o(i.ble_advertising_init) for ble_advertising_init
    main.o(i.main) refers to ble_advertising.o(i.ble_advertising_conn_cfg_tag_set) for ble_advertising_conn_cfg_tag_set
    main.o(i.main) refers to nrf_ble_qwr.o(i.nrf_ble_qwr_init) for nrf_ble_qwr_init
    main.o(i.main) refers to ble_dfu.o(i.ble_dfu_buttonless_init) for ble_dfu_buttonless_init
    main.o(i.main) refers to ble_conn_params.o(i.ble_conn_params_init) for ble_conn_params_init
    main.o(i.main) refers to nrf_log_frontend.o(i.nrf_log_frontend_std_0) for nrf_log_frontend_std_0
    main.o(i.main) refers to peer_manager.o(i.pm_peers_delete) for pm_peers_delete
[...]
    0x000193c4   0x000193c4   0x00000054   Code   RO         7206    .text               arm_startup_nrf52810.o
    0x00019418   0x00019418   0x00000062   Code   RO         7274    .text               mc_w.l(uldiv.o)
    0x0001947a   0x0001947a   0x0000001e   Code   RO         7276    .text               mc_w.l(llshl.o)
    0x00019498   0x00019498   0x00000008   Code   RO         7278    .text               mc_w.l(ctype_o.o)
    0x000194a0   0x000194a0   0x00000024   Code   RO         7306    .text               mc_w.l(memcpya.o)
    0x000194c4   0x000194c4   0x00000024   Code   RO         7308    .text               mc_w.l(memseta.o)
    0x000194e8   0x000194e8   0x0000000e   Code   RO         7310    .text               mc_w.l(strlen.o)
    0x000194f6   0x000194f6   0x0000001a   Code   RO         7314    .text               mc_w.l(memcmp.o)
    0x00019510   0x00019510   0x00000020   Code   RO         7337    .text               mc_w.l(llushr.o)
    0x00019530   0x00019530   0x00000024   Code   RO         7340    .text               mc_w.l(init.o)
    0x00019554   0x00019554   0x00000056   Code   RO         7350    .text               mc_w.l(__dczerorl2.o)
    0x000195aa   0x000195aa   0x00000002   PAD
    0x000195ac   0x000195ac   0x000000a4   Code   RO         3568    i.GPIOTE_IRQHandler  nrfx_gpiote.o
    0x00019650   0x00019650   0x00000058   Code   RO         3429    i.POWER_CLOCK_IRQHandler  nrfx_clock.o
    0x000196a8   0x000196a8   0x00000010   Code   RO         4759    i.RTC1_IRQHandler   drv_rtc.o
    0x000196b8   0x000196b8   0x00000004   Code   RO         6996    i.SWI2_IRQHandler   nrf_sdh.o
    0x000196bc   0x000196bc   0x00000358   Code   RO         7214    i.SystemInit        system_nrf52810.o
    0x00019a14   0x00019a14   0x0000000c   Code   RO         3873    i.UARTE0_UART0_IRQHandler  nrfx_prs.o
    0x00019a20   0x00019a20   0x00000024   Code   RO         7215    i.__NVIC_SystemReset  system_nrf52810.o
    0x00019a44   0x00019a44   0x0000000e   Code   RO         7344    i.__scatterload_copy  mc_w.l(handlers.o)
    0x00019a52   0x00019a52   0x00000002   Code   RO         7345    i.__scatterload_null  mc_w.l(handlers.o)
    0x00019a54   0x00019a54   0x0000000e   Code   RO         7346    i.__scatterload_zeroinit  mc_w.l(handlers.o)
    0x00019a62   0x00019a62   0x00000002   PAD
    0x00019a64   0x00019a64   0x00000024   Code   RO         6997    i.__sd_nvic_app_accessible_irq  nrf_sdh.o
    0x00019a88   0x00019a88   0x0000013c   Code   RO         2466    i._conn_secure      peer_manager_handler.o
    0x00019bc4   0x00019bc4   0x00000026   Code   RO         1526    i.addr_compare      id_manager.o
    0x00019bea   0x00019bea   0x0000000c   Code   RO         5665    i.addr_is_aligned32  nrf_fstorage.o
    0x00019bf6   0x00019bf6   0x00000018   Code   RO         5666    i.addr_is_within_bounds  nrf_fstorage.o
    0x00019c0e   0x00019c0e   0x00000008   Code   RO          867    i.adv_set_data_size_max_get  ble_advertising.o
    0x00019c16   0x00019c16   0x00000036   Code   RO          693    i.advertising_buttons_configure  bsp_btn_ble.o
    0x00019c4c   0x00019c4c   0x0000001c   Code   RO            4    i.advertising_config_get  main.o
    0x00019c68   0x00019c68   0x00000052   Code   RO         1527    i.ah                id_manager.o
    0x00019cba   0x00019cba   0x00000006   Code   RO          576    i.alert_timer_handler  bsp.o
    0x00019cc0   0x00019cc0   0x0000000c   Code   RO         2610    i.allow_repairing   security_dispatcher.o
    0x00019ccc   0x00019ccc   0x00000024   Code   RO         4276    i.app_button_enable  app_button.o
    0x00019cf0   0x00019cf0   0x00000080   Code   RO         4277    i.app_button_init   app_button.o
    0x00019d70   0x00019d70   0x00000084   Code   RO         4434    i.app_error_fault_handler  app_error_weak.o
    0x00019df4   0x00019df4   0x00000016   Code   RO         4374    i.app_error_handler_bare  app_error.o
    0x00019e0a   0x00019e0a   0x00000002   PAD
    0x00019e0c   0x00019e0c   0x00000090   Code   RO            5    i.app_shutdown_handler  main.o
    0x00019e9c   0x00019e9c   0x0000000c   Code   RO         4523    i.app_timer_cnt_get  app_timer2.o
    0x00019ea8   0x00019ea8   0x00000016   Code   RO         4524    i.app_timer_create  app_timer2.o
    0x00019ebe   0x00019ebe   0x00000002   PAD
    0x00019ec0   0x00019ec0   0x0000005c   Code   RO         4525    i.app_timer_init    app_timer2.o
    0x00019f1c   0x00019f1c   0x00000030   Code   RO         4528    i.app_timer_start   app_timer2.o
    0x00019f4c   0x00019f4c   0x0000000c   Code   RO         4529    i.app_timer_stop    app_timer2.o
    0x00019f58   0x00019f58   0x00000048   Code   RO         4664    i.app_util_critical_region_enter  app_util_platform.o
    0x00019fa0   0x00019fa0   0x00000034   Code   RO         4665    i.app_util_critical_region_exit  app_util_platform.o
    0x00019fd4   0x00019fd4   0x00000088   Code   RO         3927    i.apply_config      nrfx_uart.o
    0x0001a05c   0x0001a05c   0x00000088   Code   RO         4115    i.apply_config      nrfx_uarte.o
    0x0001a0e4   0x0001a0e4   0x00000004   Code   RO         1265    i.apply_pending_handle  gatt_cache_manager.o
    0x0001a0e8   0x0001a0e8   0x00000180   Code   RO         2611    i.auth_status_success_process  security_dispatcher.o
    0x0001a268   0x0001a268   0x00000182   Code   RO          761    i.ble_advdata_encode  ble_advdata.o
    0x0001a3ea   0x0001a3ea   0x00000020   Code   RO          763    i.ble_advdata_parse  ble_advdata.o
    0x0001a40a   0x0001a40a   0x00000046   Code   RO          764    i.ble_advdata_search  ble_advdata.o
    0x0001a450   0x0001a450   0x00000006   Code   RO          869    i.ble_advertising_conn_cfg_tag_set  ble_advertising.o
    0x0001a456   0x0001a456   0x000000f8   Code   RO          870    i.ble_advertising_init  ble_advertising.o
    0x0001a54e   0x0001a54e   0x00000008   Code   RO          871    i.ble_advertising_modes_config_set  ble_advertising.o
    0x0001a556   0x0001a556   0x0000006a   Code   RO          872    i.ble_advertising_on_ble_evt  ble_advertising.o
    0x0001a5c0   0x0001a5c0   0x0000003a   Code   RO          874    i.ble_advertising_restart_without_whitelist  ble_advertising.o
    0x0001a5fa   0x0001a5fa   0x00000202   Code   RO          875    i.ble_advertising_start  ble_advertising.o
    0x0001a7fc   0x0001a7fc   0x00000068   Code   RO          960    i.ble_conn_params_init  ble_conn_params.o
    0x0001a864   0x0001a864   0x00000020   Code   RO         1036    i.ble_conn_state_encrypted  ble_conn_state.o
    0x0001a884   0x0001a884   0x00000014   Code   RO         1037    i.ble_conn_state_for_each_connected  ble_conn_state.o
    0x0001a898   0x0001a898   0x0000002c   Code   RO         1038    i.ble_conn_state_for_each_set_user_flag  ble_conn_state.o
    0x0001a8c4   0x0001a8c4   0x00000020   Code   RO         1040    i.ble_conn_state_lesc  ble_conn_state.o
    0x0001a8e4   0x0001a8e4   0x00000020   Code   RO         1041    i.ble_conn_state_mitm_protected  ble_conn_state.o
    0x0001a904   0x0001a904   0x00000010   Code   RO         1044    i.ble_conn_state_role  ble_conn_state.o
    0x0001a914   0x0001a914   0x00000024   Code   RO         1045    i.ble_conn_state_status  ble_conn_state.o
    0x0001a938   0x0001a938   0x00000018   Code   RO         1046    i.ble_conn_state_user_flag_acquire  ble_conn_state.o
    0x0001a950   0x0001a950   0x00000030   Code   RO         1047    i.ble_conn_state_user_flag_get  ble_conn_state.o
    0x0001a980   0x0001a980   0x00000038   Code   RO         1048    i.ble_conn_state_user_flag_set  ble_conn_state.o
    0x0001a9b8   0x0001a9b8   0x00000014   Code   RO         1049    i.ble_conn_state_valid  ble_conn_state.o
    0x0001a9cc   0x0001a9cc   0x00000060   Code   RO          767    i.ble_device_addr_encode  ble_advdata.o
    0x0001aa2c   0x0001aa2c   0x00000024   Code   RO         3024    i.ble_dfu_buttonless_async_svci_init  ble_dfu_unbonded.o
    0x0001aa50   0x0001aa50   0x00000014   Code   RO         3025    i.ble_dfu_buttonless_backend_init  ble_dfu_unbonded.o
    0x0001aa64   0x0001aa64   0x0000002c   Code   RO         2926    i.ble_dfu_buttonless_bootloader_start_finalize  ble_dfu.o
    0x0001aa90   0x0001aa90   0x00000018   Code   RO         3026    i.ble_dfu_buttonless_bootloader_start_prepare  ble_dfu_unbonded.o
    0x0001aaa8   0x0001aaa8   0x00000050   Code   RO         3027    i.ble_dfu_buttonless_char_add  ble_dfu_unbonded.o
    0x0001aaf8   0x0001aaf8   0x00000070   Code   RO         2927    i.ble_dfu_buttonless_init  ble_dfu.o
    0x0001ab68   0x0001ab68   0x00000080   Code   RO         2928    i.ble_dfu_buttonless_on_ble_evt  ble_dfu.o
    0x0001abe8   0x0001abe8   0x000000dc   Code   RO         3028    i.ble_dfu_buttonless_on_ctrl_pt_write  ble_dfu_unbonded.o
    0x0001acc4   0x0001acc4   0x00000060   Code   RO         3029    i.ble_dfu_buttonless_on_sys_evt  ble_dfu_unbonded.o
    0x0001ad24   0x0001ad24   0x00000054   Code   RO         2929    i.ble_dfu_buttonless_resp_send  ble_dfu.o
    0x0001ad78   0x0001ad78   0x00000190   Code   RO            7    i.ble_dfu_evt_handler  main.o
    0x0001af08   0x0001af08   0x00000068   Code   RO            8    i.ble_evt_handler   main.o
    0x0001af70   0x0001af70   0x00000070   Code   RO          694    i.ble_evt_handler   bsp_btn_ble.o
    0x0001afe0   0x0001afe0   0x000000fc   Code   RO          962    i.ble_evt_handler   ble_conn_params.o
    0x0001b0dc   0x0001b0dc   0x00000108   Code   RO         1050    i.ble_evt_handler   ble_conn_state.o
    0x0001b1e4   0x0001b1e4   0x00000028   Code   RO         2160    i.ble_evt_handler   peer_manager.o
    0x0001b20c   0x0001b20c   0x00000008   Code   RO         1204    i.ble_srv_is_indication_enabled  ble_srv_common.o
    0x0001b214   0x0001b214   0x00000008   Code   RO         1205    i.ble_srv_is_notification_enabled  ble_srv_common.o
    0x0001b21c   0x0001b21c   0x0000000c   Code   RO          460    i.bsp_board_button_idx_to_pin  boards.o
    0x0001b228   0x0001b228   0x00000020   Code   RO          461    i.bsp_board_button_state_get  boards.o
    0x0001b248   0x0001b248   0x00000054   Code   RO          462    i.bsp_board_init    boards.o
    0x0001b29c   0x0001b29c   0x00000024   Code   RO          464    i.bsp_board_led_invert  boards.o
    0x0001b2c0   0x0001b2c0   0x00000010   Code   RO          465    i.bsp_board_led_off  boards.o
    0x0001b2d0   0x0001b2d0   0x00000010   Code   RO          466    i.bsp_board_led_on  boards.o
    0x0001b2e0   0x0001b2e0   0x00000020   Code   RO          467    i.bsp_board_led_state_get  boards.o
    0x0001b300   0x0001b300   0x00000012   Code   RO          468    i.bsp_board_leds_off  boards.o
    0x0001b312   0x0001b312   0x00000012   Code   RO          469    i.bsp_board_leds_on  boards.o
    0x0001b324   0x0001b324   0x00000024   Code   RO          470    i.bsp_board_pin_to_button_idx  boards.o
    0x0001b348   0x0001b348   0x00000038   Code   RO          695    i.bsp_btn_ble_init  bsp_btn_ble.o
    0x0001b380   0x0001b380   0x0000001e   Code   RO          696    i.bsp_btn_ble_sleep_mode_prepare  bsp_btn_ble.o
    0x0001b39e   0x0001b39e   0x00000002   PAD
    0x0001b3a0   0x0001b3a0   0x00000090   Code   RO          577    i.bsp_button_event_handler  bsp.o
    0x0001b430   0x0001b430   0x0000000c   Code   RO          578    i.bsp_button_is_pressed  bsp.o
    0x0001b43c   0x0001b43c   0x0000004c   Code   RO            9    i.bsp_event_handler  main.o
    0x0001b488   0x0001b488   0x00000044   Code   RO          581    i.bsp_event_to_button_action_assign  bsp.o
    0x0001b4cc   0x0001b4cc   0x00000018   Code   RO          582    i.bsp_indication_set  bsp.o
    0x0001b4e4   0x0001b4e4   0x00000094   Code   RO          583    i.bsp_init          bsp.o
    0x0001b578   0x0001b578   0x000001c8   Code   RO          584    i.bsp_led_indication  bsp.o
    0x0001b740   0x0001b740   0x00000006   Code   RO          586    i.bsp_wakeup_button_enable  bsp.o
    0x0001b746   0x0001b746   0x00000002   PAD
    0x0001b748   0x0001b748   0x00000094   Code   RO         6365    i.buf_prealloc      nrf_log_frontend.o
    0x0001b7dc   0x0001b7dc   0x0000002e   Code   RO         5625    i.buffer_add        nrf_fprintf_format.o
    0x0001b80a   0x0001b80a   0x00000002   PAD
    0x0001b80c   0x0001b80c   0x00000018   Code   RO         6366    i.buffer_is_empty   nrf_log_frontend.o
    0x0001b824   0x0001b824   0x00000028   Code   RO         4279    i.button_get        app_button.o
    0x0001b84c   0x0001b84c   0x00000008   Code   RO          587    i.button_timer_handler  bsp.o
    0x0001b854   0x0001b854   0x00000018   Code   RO           10    i.buttonless_dfu_sdh_state_observer  main.o
    0x0001b86c   0x0001b86c   0x00000028   Code   RO         1266    i.car_update_needed  gatt_cache_manager.o
    0x0001b894   0x0001b894   0x00000040   Code   RO         1267    i.car_update_pending_handle  gatt_cache_manager.o
    0x0001b8d4   0x0001b8d4   0x0000001c   Code   RO         3569    i.channel_free      nrfx_gpiote.o
    0x0001b8f0   0x0001b8f0   0x00000048   Code   RO         3570    i.channel_port_alloc  nrfx_gpiote.o
    0x0001b938   0x0001b938   0x00000010   Code   RO         3571    i.channel_port_get  nrfx_gpiote.o
    0x0001b948   0x0001b948   0x00000190   Code   RO         1207    i.characteristic_add  ble_srv_common.o
    0x0001bad8   0x0001bad8   0x0000003e   Code   RO         2070    i.claim             peer_id.o
    0x0001bb16   0x0001bb16   0x00000002   PAD
    0x0001bb18   0x0001bb18   0x00000028   Code   RO         3084    i.clock_clk_started_notify  nrf_drv_clock.o
    0x0001bb40   0x0001bb40   0x0000001c   Code   RO         3085    i.clock_irq_handler  nrf_drv_clock.o
    0x0001bb5c   0x0001bb5c   0x00000018   Code   RO         4531    i.compare_func      app_timer2.o
    0x0001bb74   0x0001bb74   0x0000003e   Code   RO         1051    i.conn_handle_list_get  ble_conn_state.o
    0x0001bbb2   0x0001bbb2   0x00000088   Code   RO          768    i.conn_int_encode   ble_advdata.o
    0x0001bc3a   0x0001bc3a   0x00000004   Code   RO           11    i.conn_params_error_handler  main.o
    0x0001bc3e   0x0001bc3e   0x00000002   PAD
    0x0001bc40   0x0001bc40   0x00000048   Code   RO          963    i.conn_params_negotiation  ble_conn_params.o
    0x0001bc88   0x0001bc88   0x00000044   Code   RO         2612    i.conn_sec_failure  security_dispatcher.o
    0x0001bccc   0x0001bccc   0x00000004   Code   RO         2467    i.conn_secure       peer_manager_handler.o
    0x0001bcd0   0x0001bcd0   0x00000030   Code   RO         1268    i.db_update_pending_handle  gatt_cache_manager.o
    0x0001bd00   0x0001bd00   0x0000008c   Code   RO         4928    i.delete_execute    fds.o
    0x0001bd8c   0x0001bd8c   0x00000048   Code   RO         4280    i.detection_delay_timeout_handler  app_button.o
    0x0001bdd4   0x0001bdd4   0x00000034   Code   RO           12    i.disconnect        main.o
    0x0001be08   0x0001be08   0x00000014   Code   RO         6367    i.dropped_sat16_get  nrf_log_frontend.o
    0x0001be1c   0x0001be1c   0x00000014   Code   RO         4760    i.drv_rtc_compare_disable  drv_rtc.o
    0x0001be30   0x0001be30   0x0000000e   Code   RO         4763    i.drv_rtc_compare_pending  drv_rtc.o
    0x0001be3e   0x0001be3e   0x00000050   Code   RO         4764    i.drv_rtc_compare_set  drv_rtc.o
    0x0001be8e   0x0001be8e   0x00000008   Code   RO         4765    i.drv_rtc_counter_get  drv_rtc.o
    0x0001be96   0x0001be96   0x00000002   PAD
    0x0001be98   0x0001be98   0x000000d8   Code   RO         4766    i.drv_rtc_init      drv_rtc.o
    0x0001bf70   0x0001bf70   0x0000001e   Code   RO         4767    i.drv_rtc_irq_trigger  drv_rtc.o
    0x0001bf8e   0x0001bf8e   0x00000008   Code   RO         4769    i.drv_rtc_overflow_enable  drv_rtc.o
    0x0001bf96   0x0001bf96   0x00000008   Code   RO         4770    i.drv_rtc_overflow_pending  drv_rtc.o
    0x0001bf9e   0x0001bf9e   0x00000008   Code   RO         4771    i.drv_rtc_start     drv_rtc.o
    0x0001bfa6   0x0001bfa6   0x00000008   Code   RO         4772    i.drv_rtc_stop      drv_rtc.o
    0x0001bfae   0x0001bfae   0x000000de   Code   RO         4777    i.drv_rtc_windowed_compare_set  drv_rtc.o
    0x0001c08c   0x0001c08c   0x00000002   Code   RO         2930    i.dummy_evt_handler  ble_dfu.o
    0x0001c08e   0x0001c08e   0x0000000a   Code   RO         2613    i.encryption_failure  security_dispatcher.o
    0x0001c098   0x0001c098   0x0000004c   Code   RO         5752    i.erase             nrf_fstorage_sd.o
    0x0001c0e4   0x0001c0e4   0x00000074   Code   RO         4929    i.event_prepare     fds.o
    0x0001c158   0x0001c158   0x00000020   Code   RO         4930    i.event_send        fds.o
    0x0001c178   0x0001c178   0x00000054   Code   RO         5753    i.event_send        nrf_fstorage_sd.o
    0x0001c1cc   0x0001c1cc   0x00000098   Code   RO         2751    i.events_send_from_err_code  security_manager.o
    0x0001c264   0x0001c264   0x00000012   Code   RO         4778    i.evt_enable        drv_rtc.o
    0x0001c276   0x0001c276   0x00000002   PAD
    0x0001c278   0x0001c278   0x000000e0   Code   RO         4281    i.evt_handle        app_button.o
    0x0001c358   0x0001c358   0x00000014   Code   RO         4779    i.evt_pending       drv_rtc.o
    0x0001c36c   0x0001c36c   0x0000001c   Code   RO         1269    i.evt_send          gatt_cache_manager.o
    0x0001c388   0x0001c388   0x0000001c   Code   RO         1431    i.evt_send          gatts_cache_manager.o
    0x0001c3a4   0x0001c3a4   0x0000002c   Code   RO         2161    i.evt_send          peer_manager.o
    0x0001c3d0   0x0001c3d0   0x0000001c   Code   RO         2614    i.evt_send          security_dispatcher.o
    0x0001c3ec   0x0001c3ec   0x0000000c   Code   RO         2752    i.evt_send          security_manager.o
    0x0001c3f8   0x0001c3f8   0x000000e0   Code   RO         1811    i.fds_evt_handler   peer_data_storage.o
    0x0001c4d8   0x0001c4d8   0x00000048   Code   RO         4932    i.fds_file_delete   fds.o
    0x0001c520   0x0001c520   0x00000040   Code   RO         4933    i.fds_gc            fds.o
    0x0001c560   0x0001c560   0x000000e4   Code   RO         4934    i.fds_init          fds.o
    0x0001c644   0x0001c644   0x00000048   Code   RO         4935    i.fds_record_close  fds.o
    0x0001c68c   0x0001c68c   0x0000000e   Code   RO         4937    i.fds_record_find   fds.o
    0x0001c69a   0x0001c69a   0x00000010   Code   RO         4938    i.fds_record_find_by_key  fds.o
    0x0001c6aa   0x0001c6aa   0x00000010   Code   RO         4939    i.fds_record_find_in_file  fds.o
    0x0001c6ba   0x0001c6ba   0x00000012   Code   RO         4940    i.fds_record_id_from_desc  fds.o
    0x0001c6cc   0x0001c6cc   0x0000004c   Code   RO         4942    i.fds_record_open   fds.o
    0x0001c718   0x0001c718   0x00000010   Code   RO         4943    i.fds_record_update  fds.o
    0x0001c728   0x0001c728   0x00000008   Code   RO         4944    i.fds_record_write  fds.o
    0x0001c730   0x0001c730   0x00000030   Code   RO         4946    i.fds_register      fds.o
    0x0001c760   0x0001c760   0x000000a0   Code   RO         4949    i.fds_stat          fds.o
    0x0001c800   0x0001c800   0x00000014   Code   RO         1812    i.file_id_within_pm_range  peer_data_storage.o
    0x0001c814   0x0001c814   0x00000012   Code   RO         2615    i.flag_id_init      security_dispatcher.o
    0x0001c826   0x0001c826   0x00000012   Code   RO         2753    i.flag_id_init      security_manager.o
    0x0001c838   0x0001c838   0x0000000a   Code   RO         1052    i.flag_toggle       ble_conn_state.o
    0x0001c842   0x0001c842   0x00000028   Code   RO          877    i.flags_set         ble_advertising.o
    0x0001c86a   0x0001c86a   0x00000002   PAD
    0x0001c86c   0x0001c86c   0x00000030   Code   RO         2754    i.flags_set_from_err_code  security_manager.o
    0x0001c89c   0x0001c89c   0x00000030   Code   RO         1053    i.for_each_set_flag  ble_conn_state.o
    0x0001c8cc   0x0001c8cc   0x00000006   Code   RO         4950    i.fs_event_handler  fds.o
    0x0001c8d2   0x0001c8d2   0x00000002   PAD
    0x0001c8d4   0x0001c8d4   0x00000080   Code   RO         4951    i.gc_execute        fds.o
    0x0001c954   0x0001c954   0x0000004c   Code   RO         4952    i.gc_next_page      fds.o
    0x0001c9a0   0x0001c9a0   0x00000040   Code   RO         4953    i.gc_page_erase     fds.o
    0x0001c9e0   0x0001c9e0   0x00000034   Code   RO         4954    i.gc_record_copy    fds.o
    0x0001ca14   0x0001ca14   0x00000024   Code   RO         4955    i.gc_record_find_next  fds.o
    0x0001ca38   0x0001ca38   0x00000070   Code   RO         4956    i.gc_state_advance  fds.o
    0x0001caa8   0x0001caa8   0x00000030   Code   RO         4957    i.gc_swap_pages     fds.o
    0x0001cad8   0x0001cad8   0x00000230   Code   RO         1270    i.gcm_ble_evt_handler  gatt_cache_manager.o
    0x0001cd08   0x0001cd08   0x0000003c   Code   RO         1271    i.gcm_im_evt_handler  gatt_cache_manager.o
    0x0001cd44   0x0001cd44   0x00000094   Code   RO         1272    i.gcm_init          gatt_cache_manager.o
    0x0001cdd8   0x0001cdd8   0x00000088   Code   RO         1275    i.gcm_pdb_evt_handler  gatt_cache_manager.o
    0x0001ce60   0x0001ce60   0x00000034   Code   RO         4532    i.get_now           app_timer2.o
    0x0001ce94   0x0001ce94   0x0000003c   Code   RO         4282    i.gpiote_event_handler  app_button.o
    0x0001ced0   0x0001ced0   0x0000001c   Code   RO         1432    i.gscm_db_change_notification_done  gatts_cache_manager.o
    0x0001ceec   0x0001ceec   0x00000014   Code   RO         1433    i.gscm_init         gatts_cache_manager.o
    0x0001cf00   0x0001cf00   0x00000090   Code   RO         1435    i.gscm_local_db_cache_apply  gatts_cache_manager.o
    0x0001cf90   0x0001cf90   0x000000ac   Code   RO         1436    i.gscm_local_db_cache_update  gatts_cache_manager.o
    0x0001d03c   0x0001d03c   0x00000018   Code   RO         1437    i.gscm_pdb_evt_handler  gatts_cache_manager.o
    0x0001d054   0x0001d054   0x0000001e   Code   RO         1438    i.gscm_service_changed_ind_needed  gatts_cache_manager.o
    0x0001d072   0x0001d072   0x00000002   PAD
    0x0001d074   0x0001d074   0x0000005c   Code   RO         1439    i.gscm_service_changed_ind_send  gatts_cache_manager.o
    0x0001d0d0   0x0001d0d0   0x0000002c   Code   RO         4958    i.header_check      fds.o
    0x0001d0fc   0x0001d0fc   0x00000012   Code   RO         4959    i.header_has_next   fds.o
    0x0001d10e   0x0001d10e   0x00000046   Code   RO         1528    i.im_address_resolve  id_manager.o
    0x0001d154   0x0001d154   0x00000038   Code   RO         1529    i.im_ble_addr_get   id_manager.o
    0x0001d18c   0x0001d18c   0x000000dc   Code   RO         1530    i.im_ble_evt_handler  id_manager.o
    0x0001d268   0x0001d268   0x00000040   Code   RO         1531    i.im_conn_handle_get  id_manager.o
    0x0001d2a8   0x0001d2a8   0x00000038   Code   RO         1533    i.im_find_duplicate_bonding_data  id_manager.o
    0x0001d2e0   0x0001d2e0   0x00000072   Code   RO         1536    i.im_is_duplicate_bonding_data  id_manager.o
    0x0001d352   0x0001d352   0x00000018   Code   RO         1537    i.im_master_id_is_valid  id_manager.o
    0x0001d36a   0x0001d36a   0x0000002a   Code   RO         1538    i.im_master_ids_compare  id_manager.o
    0x0001d394   0x0001d394   0x00000014   Code   RO         1539    i.im_new_peer_id    id_manager.o
    0x0001d3a8   0x0001d3a8   0x0000002c   Code   RO         1540    i.im_peer_free      id_manager.o
    0x0001d3d4   0x0001d3d4   0x00000024   Code   RO         1541    i.im_peer_id_get_by_conn_handle  id_manager.o
    0x0001d3f8   0x0001d3f8   0x0000003c   Code   RO         1542    i.im_peer_id_get_by_master_id  id_manager.o
    0x0001d434   0x0001d434   0x00000034   Code   RO         5754    i.init              nrf_fstorage_sd.o
    0x0001d468   0x0001d468   0x000000c8   Code   RO         4960    i.init_execute      fds.o
    0x0001d530   0x0001d530   0x00000014   Code   RO          964    i.instance_get      ble_conn_params.o
    0x0001d544   0x0001d544   0x000000a6   Code   RO         5626    i.int_print         nrf_fprintf_format.o
    0x0001d5ea   0x0001d5ea   0x00000002   PAD
    0x0001d5ec   0x0001d5ec   0x00000088   Code   RO         4116    i.interrupts_enable  nrfx_uarte.o
    0x0001d674   0x0001d674   0x00000034   Code   RO         6368    i.invalid_packets_omit  nrf_log_frontend.o
    0x0001d6a8   0x0001d6a8   0x00000010   Code   RO         5755    i.is_busy           nrf_fstorage_sd.o
    0x0001d6b8   0x0001d6b8   0x00000044   Code   RO          965    i.is_conn_params_ok  ble_conn_params.o
    0x0001d6fc   0x0001d6fc   0x00000014   Code   RO         1547    i.is_valid_irk      id_manager.o
    0x0001d710   0x0001d710   0x0000000c   Code   RO         4961    i.is_word_aligned   fds.o
    0x0001d71c   0x0001d71c   0x00000030   Code   RO          588    i.leds_off          bsp.o
    0x0001d74c   0x0001d74c   0x00000014   Code   RO          589    i.leds_timer_handler  bsp.o
    0x0001d760   0x0001d760   0x0000000e   Code   RO         1695    i.link_init         nrf_ble_gatt.o
    0x0001d76e   0x0001d76e   0x00000002   PAD
    0x0001d770   0x0001d770   0x000000d0   Code   RO         2755    i.link_secure       security_manager.o
    0x0001d840   0x0001d840   0x0000003c   Code   RO         2616    i.link_secure_failure  security_dispatcher.o
    0x0001d87c   0x0001d87c   0x0000002c   Code   RO         2756    i.link_secure_pending_handle  security_manager.o
    0x0001d8a8   0x0001d8a8   0x000000a8   Code   RO         1276    i.local_db_apply_in_evt  gatt_cache_manager.o
    0x0001d950   0x0001d950   0x00000010   Code   RO         1277    i.local_db_update   gatt_cache_manager.o
    0x0001d960   0x0001d960   0x0000010c   Code   RO         1278    i.local_db_update_in_evt  gatt_cache_manager.o
    0x0001da6c   0x0001da6c   0x000000a4   Code   RO         6369    i.log_skip          nrf_log_frontend.o
    0x0001db10   0x0001db10   0x0000023c   Code   RO           13    i.main              main.o
    0x0001dd4c   0x0001dd4c   0x00000064   Code   RO          769    i.manuf_specific_data_encode  ble_advdata.o
    0x0001ddb0   0x0001ddb0   0x0000007e   Code   RO         5864    i.memobj_op         nrf_memobj.o
    0x0001de2e   0x0001de2e   0x00000002   PAD
    0x0001de30   0x0001de30   0x00000030   Code   RO         6370    i.module_idx_get    nrf_log_frontend.o
    0x0001de60   0x0001de60   0x00000008   Code   RO         2563    i.mutex_lock_status_get  pm_buffer.o
    0x0001de68   0x0001de68   0x000000a6   Code   RO          770    i.name_encode       ble_advdata.o
    0x0001df0e   0x0001df0e   0x00000002   PAD
    0x0001df10   0x0001df10   0x00000014   Code   RO         2757    i.new_context_get   security_manager.o
    0x0001df24   0x0001df24   0x00000032   Code   RO         2758    i.new_evt           security_manager.o
    0x0001df56   0x0001df56   0x00000030   Code   RO         2071    i.next_id_get       peer_id.o
    0x0001df86   0x0001df86   0x00000010   Code   RO         5279    i.nrf_atfifo_clear  nrf_atfifo.o
    0x0001df96   0x0001df96   0x00000026   Code   RO         5281    i.nrf_atfifo_init   nrf_atfifo.o
    0x0001dfbc   0x0001dfbc   0x00000016   Code   RO         5282    i.nrf_atfifo_item_alloc  nrf_atfifo.o
    0x0001dfd2   0x0001dfd2   0x00000016   Code   RO         5283    i.nrf_atfifo_item_free  nrf_atfifo.o
    0x0001dfe8   0x0001dfe8   0x00000016   Code   RO         5284    i.nrf_atfifo_item_get  nrf_atfifo.o
    0x0001dffe   0x0001dffe   0x00000016   Code   RO         5285    i.nrf_atfifo_item_put  nrf_atfifo.o
    0x0001e014   0x0001e014   0x00000016   Code   RO         5347    i.nrf_atflags_clear  nrf_atflags.o
    0x0001e02a   0x0001e02a   0x00000020   Code   RO         5349    i.nrf_atflags_fetch_set  nrf_atflags.o
    0x0001e04a   0x0001e04a   0x0000004a   Code   RO         5351    i.nrf_atflags_find_and_set_flag  nrf_atflags.o
    0x0001e094   0x0001e094   0x00000016   Code   RO         5352    i.nrf_atflags_get   nrf_atflags.o
    0x0001e0aa   0x0001e0aa   0x00000014   Code   RO         5354    i.nrf_atflags_set   nrf_atflags.o
    0x0001e0be   0x0001e0be   0x00000006   Code   RO         5415    i.nrf_atomic_flag_clear_fetch  nrf_atomic.o
    0x0001e0c4   0x0001e0c4   0x00000006   Code   RO         5416    i.nrf_atomic_flag_set  nrf_atomic.o
    0x0001e0ca   0x0001e0ca   0x00000006   Code   RO         5417    i.nrf_atomic_flag_set_fetch  nrf_atomic.o
    0x0001e0d0   0x0001e0d0   0x0000000c   Code   RO         5418    i.nrf_atomic_u32_add  nrf_atomic.o
    0x0001e0dc   0x0001e0dc   0x0000000c   Code   RO         5419    i.nrf_atomic_u32_and  nrf_atomic.o
    0x0001e0e8   0x0001e0e8   0x0000000a   Code   RO         5421    i.nrf_atomic_u32_fetch_add  nrf_atomic.o
    0x0001e0f2   0x0001e0f2   0x0000000a   Code   RO         5422    i.nrf_atomic_u32_fetch_and  nrf_atomic.o
    0x0001e0fc   0x0001e0fc   0x0000000a   Code   RO         5423    i.nrf_atomic_u32_fetch_or  nrf_atomic.o
    0x0001e106   0x0001e106   0x0000000a   Code   RO         5424    i.nrf_atomic_u32_fetch_store  nrf_atomic.o
    0x0001e110   0x0001e110   0x0000000c   Code   RO         5428    i.nrf_atomic_u32_or  nrf_atomic.o
    0x0001e11c   0x0001e11c   0x0000000c   Code   RO         5430    i.nrf_atomic_u32_sub  nrf_atomic.o
    0x0001e128   0x0001e128   0x00000044   Code   RO         5549    i.nrf_balloc_alloc  nrf_balloc.o
    0x0001e16c   0x0001e16c   0x00000030   Code   RO         5550    i.nrf_balloc_free   nrf_balloc.o
    0x0001e19c   0x0001e19c   0x00000030   Code   RO         5551    i.nrf_balloc_init   nrf_balloc.o
    0x0001e1cc   0x0001e1cc   0x00000010   Code   RO         3572    i.nrf_bitmask_bit_is_set  nrfx_gpiote.o
    0x0001e1dc   0x0001e1dc   0x00000022   Code   RO         1699    i.nrf_ble_gatt_init  nrf_ble_gatt.o
    0x0001e1fe   0x0001e1fe   0x00000002   PAD
    0x0001e200   0x0001e200   0x000000f4   Code   RO         1700    i.nrf_ble_gatt_on_ble_evt  nrf_ble_gatt.o
    0x0001e2f4   0x0001e2f4   0x00000016   Code   RO         1770    i.nrf_ble_qwr_conn_handle_assign  nrf_ble_qwr.o
    0x0001e30a   0x0001e30a   0x00000024   Code   RO         1771    i.nrf_ble_qwr_init  nrf_ble_qwr.o
    0x0001e32e   0x0001e32e   0x000000b6   Code   RO         1772    i.nrf_ble_qwr_on_ble_evt  nrf_ble_qwr.o
    0x0001e3e4   0x0001e3e4   0x0000000e   Code   RO         3430    i.nrf_clock_event_check  nrfx_clock.o
    0x0001e3f2   0x0001e3f2   0x00000010   Code   RO         3431    i.nrf_clock_event_clear  nrfx_clock.o
    0x0001e402   0x0001e402   0x00000002   PAD
    0x0001e404   0x0001e404   0x000000dc   Code   RO         6604    i.nrf_dfu_svci_vector_table_set  nrf_dfu_svci.o
    0x0001e4e0   0x0001e4e0   0x000000a0   Code   RO         6605    i.nrf_dfu_svci_vector_table_unset  nrf_dfu_svci.o
    0x0001e580   0x0001e580   0x00000040   Code   RO         3092    i.nrf_drv_clock_init  nrf_drv_clock.o
    0x0001e5c0   0x0001e5c0   0x00000034   Code   RO         3096    i.nrf_drv_clock_lfclk_release  nrf_drv_clock.o
    0x0001e5f4   0x0001e5f4   0x00000068   Code   RO         3238    i.nrf_drv_uart_init  nrf_drv_uart.o
    0x0001e65c   0x0001e65c   0x0000001a   Code   RO         5586    i.nrf_fprintf       nrf_fprintf.o
    0x0001e676   0x0001e676   0x00000018   Code   RO         5587    i.nrf_fprintf_buffer_flush  nrf_fprintf.o
    0x0001e68e   0x0001e68e   0x000001da   Code   RO         5627    i.nrf_fprintf_fmt   nrf_fprintf_format.o
    0x0001e868   0x0001e868   0x00000138   Code   RO         5667    i.nrf_fstorage_erase  nrf_fstorage.o
    0x0001e9a0   0x0001e9a0   0x00000094   Code   RO         5668    i.nrf_fstorage_init  nrf_fstorage.o
    0x0001ea34   0x0001ea34   0x00000018   Code   RO         5756    i.nrf_fstorage_sdh_req_handler  nrf_fstorage_sd.o
    0x0001ea4c   0x0001ea4c   0x00000020   Code   RO         5757    i.nrf_fstorage_sdh_state_handler  nrf_fstorage_sd.o
    0x0001ea6c   0x0001ea6c   0x000000a4   Code   RO         5758    i.nrf_fstorage_sys_evt_handler  nrf_fstorage_sd.o
    0x0001eb10   0x0001eb10   0x000001dc   Code   RO         5674    i.nrf_fstorage_write  nrf_fstorage.o
    0x0001ecec   0x0001ecec   0x00000024   Code   RO          472    i.nrf_gpio_cfg      boards.o
    0x0001ed10   0x0001ed10   0x00000024   Code   RO         3573    i.nrf_gpio_cfg      nrfx_gpiote.o
    0x0001ed34   0x0001ed34   0x00000024   Code   RO         3928    i.nrf_gpio_cfg      nrfx_uart.o
    0x0001ed58   0x0001ed58   0x00000024   Code   RO         4117    i.nrf_gpio_cfg      nrfx_uarte.o
    0x0001ed7c   0x0001ed7c   0x00000012   Code   RO         3929    i.nrf_gpio_cfg_default  nrfx_uart.o
    0x0001ed8e   0x0001ed8e   0x00000012   Code   RO         4118    i.nrf_gpio_cfg_default  nrfx_uarte.o
    0x0001eda0   0x0001eda0   0x00000012   Code   RO         3930    i.nrf_gpio_cfg_input  nrfx_uart.o
    0x0001edb2   0x0001edb2   0x00000012   Code   RO         4119    i.nrf_gpio_cfg_input  nrfx_uarte.o
    0x0001edc4   0x0001edc4   0x00000014   Code   RO         3931    i.nrf_gpio_cfg_output  nrfx_uart.o
    0x0001edd8   0x0001edd8   0x00000014   Code   RO         4120    i.nrf_gpio_cfg_output  nrfx_uarte.o
    0x0001edec   0x0001edec   0x00000022   Code   RO         3575    i.nrf_gpio_cfg_sense_set  nrfx_gpiote.o
    0x0001ee0e   0x0001ee0e   0x00000002   PAD
    0x0001ee10   0x0001ee10   0x0000002c   Code   RO         3576    i.nrf_gpio_latches_read_and_clear  nrfx_gpiote.o
    0x0001ee3c   0x0001ee3c   0x0000001e   Code   RO         3577    i.nrf_gpio_pin_present_check  nrfx_gpiote.o
    0x0001ee5a   0x0001ee5a   0x00000016   Code   RO          473    i.nrf_gpio_pin_write  boards.o
    0x0001ee70   0x0001ee70   0x00000014   Code   RO         3578    i.nrf_gpiote_event_clear  nrfx_gpiote.o
    0x0001ee84   0x0001ee84   0x00000010   Code   RO         3579    i.nrf_gpiote_event_is_set  nrfx_gpiote.o
    0x0001ee94   0x0001ee94   0x0000005c   Code   RO         6371    i.nrf_log_backend_add  nrf_log_frontend.o
    0x0001eef0   0x0001eef0   0x000000c2   Code   RO         6216    i.nrf_log_backend_serial_put  nrf_log_backend_serial.o
    0x0001efb2   0x0001efb2   0x00000002   Code   RO         6256    i.nrf_log_backend_uart_flush  nrf_log_backend_uart.o
    0x0001efb4   0x0001efb4   0x00000006   Code   RO         6257    i.nrf_log_backend_uart_init  nrf_log_backend_uart.o
    0x0001efba   0x0001efba   0x00000002   PAD
    0x0001efbc   0x0001efbc   0x0000002c   Code   RO         6258    i.nrf_log_backend_uart_panic_set  nrf_log_backend_uart.o
    0x0001efe8   0x0001efe8   0x00000018   Code   RO         6259    i.nrf_log_backend_uart_put  nrf_log_backend_uart.o
    0x0001f000   0x0001f000   0x00000030   Code   RO         6373    i.nrf_log_color_id_get  nrf_log_frontend.o
    0x0001f030   0x0001f030   0x0000001c   Code   RO         6329    i.nrf_log_default_backends_init  nrf_log_default_backends.o
    0x0001f04c   0x0001f04c   0x00000234   Code   RO         6374    i.nrf_log_frontend_dequeue  nrf_log_frontend.o
    0x0001f280   0x0001f280   0x00000008   Code   RO         6376    i.nrf_log_frontend_std_0  nrf_log_frontend.o
    0x0001f288   0x0001f288   0x0000000e   Code   RO         6377    i.nrf_log_frontend_std_1  nrf_log_frontend.o
    0x0001f296   0x0001f296   0x00000010   Code   RO         6378    i.nrf_log_frontend_std_2  nrf_log_frontend.o
    0x0001f2a6   0x0001f2a6   0x00000012   Code   RO         6379    i.nrf_log_frontend_std_3  nrf_log_frontend.o
    0x0001f2b8   0x0001f2b8   0x00000014   Code   RO         6380    i.nrf_log_frontend_std_4  nrf_log_frontend.o
    0x0001f2cc   0x0001f2cc   0x000000b0   Code   RO         6552    i.nrf_log_hexdump_entry_process  nrf_log_str_formatter.o
    0x0001f37c   0x0001f37c   0x00000028   Code   RO         6383    i.nrf_log_init      nrf_log_frontend.o
    0x0001f3a4   0x0001f3a4   0x00000014   Code   RO         6384    i.nrf_log_module_cnt_get  nrf_log_frontend.o
    0x0001f3b8   0x0001f3b8   0x0000001c   Code   RO         6387    i.nrf_log_module_name_get  nrf_log_frontend.o
    0x0001f3d4   0x0001f3d4   0x00000028   Code   RO         6388    i.nrf_log_panic     nrf_log_frontend.o
    0x0001f3fc   0x0001f3fc   0x000000b6   Code   RO         6553    i.nrf_log_std_entry_process  nrf_log_str_formatter.o
    0x0001f4b2   0x0001f4b2   0x00000060   Code   RO         5865    i.nrf_memobj_alloc  nrf_memobj.o
    0x0001f512   0x0001f512   0x00000032   Code   RO         5866    i.nrf_memobj_free   nrf_memobj.o
    0x0001f544   0x0001f544   0x00000008   Code   RO         5867    i.nrf_memobj_get    nrf_memobj.o
    0x0001f54c   0x0001f54c   0x00000004   Code   RO         5868    i.nrf_memobj_pool_init  nrf_memobj.o
    0x0001f550   0x0001f550   0x0000001e   Code   RO         5869    i.nrf_memobj_put    nrf_memobj.o
    0x0001f56e   0x0001f56e   0x00000010   Code   RO         5870    i.nrf_memobj_read   nrf_memobj.o
    0x0001f57e   0x0001f57e   0x00000010   Code   RO         5871    i.nrf_memobj_write  nrf_memobj.o
    0x0001f58e   0x0001f58e   0x00000002   PAD
    0x0001f590   0x0001f590   0x00000050   Code   RO         5943    i.nrf_pwr_mgmt_init  nrf_pwr_mgmt.o
    0x0001f5e0   0x0001f5e0   0x00000014   Code   RO         5944    i.nrf_pwr_mgmt_run  nrf_pwr_mgmt.o
    0x0001f5f4   0x0001f5f4   0x0000003c   Code   RO         5945    i.nrf_pwr_mgmt_shutdown  nrf_pwr_mgmt.o
    0x0001f630   0x0001f630   0x00000014   Code   RO         5946    i.nrf_pwr_mgmt_timeout_handler  nrf_pwr_mgmt.o
    0x0001f644   0x0001f644   0x00000004   Code   RO           14    i.nrf_qwr_error_handler  main.o
    0x0001f648   0x0001f648   0x0000001c   Code   RO         6016    i.nrf_ringbuf_init  nrf_ringbuf.o
    0x0001f664   0x0001f664   0x0000000c   Code   RO         4780    i.nrf_rtc_event_clear  drv_rtc.o
    0x0001f670   0x0001f670   0x00000014   Code   RO         7117    i.nrf_sdh_ble_app_ram_start_get  nrf_sdh_ble.o
    0x0001f684   0x0001f684   0x000000f8   Code   RO         7118    i.nrf_sdh_ble_default_cfg_set  nrf_sdh_ble.o
    0x0001f77c   0x0001f77c   0x00000130   Code   RO         7119    i.nrf_sdh_ble_enable  nrf_sdh_ble.o
    0x0001f8ac   0x0001f8ac   0x0000005c   Code   RO         7120    i.nrf_sdh_ble_evts_poll  nrf_sdh_ble.o
    0x0001f908   0x0001f908   0x00000054   Code   RO         6998    i.nrf_sdh_disable_request  nrf_sdh.o
    0x0001f95c   0x0001f95c   0x00000074   Code   RO         6999    i.nrf_sdh_enable_request  nrf_sdh.o
    0x0001f9d0   0x0001f9d0   0x00000024   Code   RO         7000    i.nrf_sdh_evts_poll  nrf_sdh.o
    0x0001f9f4   0x0001f9f4   0x0000000c   Code   RO         7001    i.nrf_sdh_is_enabled  nrf_sdh.o
    0x0001fa00   0x0001fa00   0x0000001c   Code   RO         7003    i.nrf_sdh_request_continue  nrf_sdh.o
    0x0001fa1c   0x0001fa1c   0x0000003c   Code   RO         7171    i.nrf_sdh_soc_evts_poll  nrf_sdh_soc.o
    0x0001fa58   0x0001fa58   0x0000000a   Code   RO         6074    i.nrf_section_iter_init  nrf_section_iter.o
    0x0001fa62   0x0001fa62   0x00000024   Code   RO         6075    i.nrf_section_iter_item_set  nrf_section_iter.o
    0x0001fa86   0x0001fa86   0x00000020   Code   RO         6076    i.nrf_section_iter_next  nrf_section_iter.o
    0x0001faa6   0x0001faa6   0x00000022   Code   RO         6109    i.nrf_sortlist_add  nrf_sortlist.o
    0x0001fac8   0x0001fac8   0x00000006   Code   RO         6111    i.nrf_sortlist_peek  nrf_sortlist.o
    0x0001face   0x0001face   0x0000000e   Code   RO         6112    i.nrf_sortlist_pop  nrf_sortlist.o
    0x0001fadc   0x0001fadc   0x0000001e   Code   RO         6113    i.nrf_sortlist_remove  nrf_sortlist.o
    0x0001fafa   0x0001fafa   0x00000002   PAD
    0x0001fafc   0x0001fafc   0x00000038   Code   RO         6165    i.nrf_strerror_find  nrf_strerror.o
    0x0001fb34   0x0001fb34   0x00000014   Code   RO         6166    i.nrf_strerror_get  nrf_strerror.o
    0x0001fb48   0x0001fb48   0x0000000a   Code   RO         3932    i.nrf_uart_event_check  nrfx_uart.o
    0x0001fb52   0x0001fb52   0x0000000c   Code   RO         3933    i.nrf_uart_event_clear  nrfx_uart.o
    0x0001fb5e   0x0001fb5e   0x0000000c   Code   RO         3934    i.nrf_uart_int_enable_check  nrfx_uart.o
    0x0001fb6a   0x0001fb6a   0x0000000a   Code   RO         4121    i.nrf_uarte_event_check  nrfx_uarte.o
    0x0001fb74   0x0001fb74   0x0000000c   Code   RO         4122    i.nrf_uarte_event_clear  nrfx_uarte.o
    0x0001fb80   0x0001fb80   0x00000010   Code   RO         3099    i.nrf_wdt_started   nrf_drv_clock.o
    0x0001fb90   0x0001fb90   0x0000002c   Code   RO         3436    i.nrfx_clock_enable  nrfx_clock.o
    0x0001fbbc   0x0001fbbc   0x00000020   Code   RO         3439    i.nrfx_clock_init   nrfx_clock.o
    0x0001fbdc   0x0001fbdc   0x00000030   Code   RO         3442    i.nrfx_clock_lfclk_stop  nrfx_clock.o
    0x0001fc0c   0x0001fc0c   0x00000010   Code   RO         4781    i.nrfx_coredep_delay_us  drv_rtc.o
    0x0001fc1c   0x0001fc1c   0x000000a0   Code   RO         3585    i.nrfx_gpiote_in_event_enable  nrfx_gpiote.o
    0x0001fcbc   0x0001fcbc   0x000000cc   Code   RO         3587    i.nrfx_gpiote_in_init  nrfx_gpiote.o
    0x0001fd88   0x0001fd88   0x00000014   Code   RO         3588    i.nrfx_gpiote_in_is_set  nrfx_gpiote.o
    0x0001fd9c   0x0001fd9c   0x00000074   Code   RO         3590    i.nrfx_gpiote_init  nrfx_gpiote.o
    0x0001fe10   0x0001fe10   0x00000014   Code   RO         3591    i.nrfx_gpiote_is_init  nrfx_gpiote.o
    0x0001fe24   0x0001fe24   0x00000010   Code   RO         4123    i.nrfx_is_in_ram    nrfx_uarte.o
    0x0001fe34   0x0001fe34   0x0000003a   Code   RO         3874    i.nrfx_prs_acquire  nrfx_prs.o
    0x0001fe6e   0x0001fe6e   0x00000012   Code   RO         3875    i.nrfx_prs_release  nrfx_prs.o
    0x0001fe80   0x0001fe80   0x00000010   Code   RO         3935    i.nrfx_uart_0_irq_handler  nrfx_uart.o
    0x0001fe90   0x0001fe90   0x000000d4   Code   RO         3937    i.nrfx_uart_init    nrfx_uart.o
    0x0001ff64   0x0001ff64   0x000000a8   Code   RO         3943    i.nrfx_uart_tx      nrfx_uart.o
    0x0002000c   0x0002000c   0x00000020   Code   RO         3945    i.nrfx_uart_tx_in_progress  nrfx_uart.o
    0x0002002c   0x0002002c   0x000000c0   Code   RO         3946    i.nrfx_uart_uninit  nrfx_uart.o
    0x000200ec   0x000200ec   0x00000010   Code   RO         4124    i.nrfx_uarte_0_irq_handler  nrfx_uarte.o
    0x000200fc   0x000200fc   0x0000006c   Code   RO         4126    i.nrfx_uarte_init   nrfx_uarte.o
    0x00020168   0x00020168   0x000000ac   Code   RO         4130    i.nrfx_uarte_tx     nrfx_uarte.o
    0x00020214   0x00020214   0x0000001c   Code   RO         4132    i.nrfx_uarte_tx_in_progress  nrfx_uarte.o
    0x00020230   0x00020230   0x00000108   Code   RO         4133    i.nrfx_uarte_uninit  nrfx_uarte.o
    0x00020338   0x00020338   0x00000024   Code   RO           15    i.on_adv_evt        main.o
    0x0002035c   0x0002035c   0x0000001c   Code   RO           16    i.on_conn_params_evt  main.o
    0x00020378   0x00020378   0x0000008c   Code   RO         1701    i.on_connected_evt  nrf_ble_gatt.o
    0x00020404   0x00020404   0x0000006c   Code   RO         2931    i.on_ctrlpt_write   ble_dfu.o
    0x00020470   0x00020470   0x000000b0   Code   RO         1702    i.on_exchange_mtu_request_evt  nrf_ble_gatt.o
    0x00020520   0x00020520   0x00000024   Code   RO         4962    i.page_identify     fds.o
    0x00020544   0x00020544   0x0000001c   Code   RO         4963    i.page_offsets_update  fds.o
    0x00020560   0x00020560   0x0000006c   Code   RO         4964    i.page_scan         fds.o
    0x000205cc   0x000205cc   0x0000001c   Code   RO         4965    i.page_tag_write_data  fds.o
    0x000205e8   0x000205e8   0x00000024   Code   RO         4966    i.page_tag_write_swap  fds.o
    0x0002060c   0x0002060c   0x00000130   Code   RO         4967    i.pages_init        fds.o
    0x0002073c   0x0002073c   0x0000000c   Code   RO         2617    i.pairing           security_dispatcher.o
    0x00020748   0x00020748   0x00000074   Code   RO         2618    i.pairing_failure   security_dispatcher.o
    0x000207bc   0x000207bc   0x0000002e   Code   RO         2619    i.pairing_success_evt_send  security_dispatcher.o
    0x000207ea   0x000207ea   0x00000006   Code   RO         2759    i.params_reply_pending_handle  security_manager.o
    0x000207f0   0x000207f0   0x00000020   Code   RO         2760    i.params_req_send   security_manager.o
    0x00020810   0x00020810   0x0000001c   Code   RO         1951    i.pdb_evt_send      peer_database.o
    0x0002082c   0x0002082c   0x00000090   Code   RO         1952    i.pdb_init          peer_database.o
    0x000208bc   0x000208bc   0x0000007c   Code   RO         1953    i.pdb_pds_evt_handler  peer_database.o
    0x00020938   0x00020938   0x00000006   Code   RO         1954    i.pdb_peer_data_ptr_get  peer_database.o
    0x0002093e   0x0002093e   0x00000002   PAD
    0x00020940   0x00020940   0x0000008c   Code   RO         1955    i.pdb_peer_free     peer_database.o
    0x000209cc   0x000209cc   0x000000dc   Code   RO         1956    i.pdb_write_buf_get  peer_database.o
    0x00020aa8   0x00020aa8   0x00000014   Code   RO         1957    i.pdb_write_buf_release  peer_database.o
    0x00020abc   0x00020abc   0x00000036   Code   RO         1958    i.pdb_write_buf_store  peer_database.o
    0x00020af2   0x00020af2   0x00000002   PAD
    0x00020af4   0x00020af4   0x00000010   Code   RO         1813    i.pds_evt_send      peer_data_storage.o
    0x00020b04   0x00020b04   0x000000dc   Code   RO         1814    i.pds_init          peer_data_storage.o
    0x00020be0   0x00020be0   0x00000004   Code   RO         1815    i.pds_next_deleted_peer_id_get  peer_data_storage.o
    0x00020be4   0x00020be4   0x00000004   Code   RO         1816    i.pds_next_peer_id_get  peer_data_storage.o
    0x00020be8   0x00020be8   0x00000058   Code   RO         1819    i.pds_peer_data_iterate  peer_data_storage.o
    0x00020c40   0x00020c40   0x00000010   Code   RO         1820    i.pds_peer_data_iterate_prepare  peer_data_storage.o
    0x00020c50   0x00020c50   0x00000072   Code   RO         1821    i.pds_peer_data_read  peer_data_storage.o
    0x00020cc2   0x00020cc2   0x00000002   PAD
    0x00020cc4   0x00020cc4   0x000000b4   Code   RO         1822    i.pds_peer_data_store  peer_data_storage.o
    0x00020d78   0x00020d78   0x00000008   Code   RO         1823    i.pds_peer_id_allocate  peer_data_storage.o
    0x00020d80   0x00020d80   0x00000016   Code   RO         1824    i.pds_peer_id_free  peer_data_storage.o
    0x00020d96   0x00020d96   0x00000004   Code   RO         1825    i.pds_peer_id_is_allocated  peer_data_storage.o
    0x00020d9a   0x00020d9a   0x00000002   PAD
    0x00020d9c   0x00020d9c   0x000000a8   Code   RO         1827    i.peer_data_delete_process  peer_data_storage.o
    0x00020e44   0x00020e44   0x00000030   Code   RO         1828    i.peer_data_find    peer_data_storage.o
    0x00020e74   0x00020e74   0x00000024   Code   RO         1829    i.peer_data_id_is_valid  peer_data_storage.o
    0x00020e98   0x00020e98   0x0000001a   Code   RO         1959    i.peer_data_point_to_buffer  peer_database.o
    0x00020eb2   0x00020eb2   0x00000002   PAD
    0x00020eb4   0x00020eb4   0x0000000c   Code   RO         2072    i.peer_id_allocate  peer_id.o
    0x00020ec0   0x00020ec0   0x00000024   Code   RO         2073    i.peer_id_delete    peer_id.o
    0x00020ee4   0x00020ee4   0x0000001c   Code   RO         2074    i.peer_id_free      peer_id.o
    0x00020f00   0x00020f00   0x0000000c   Code   RO         2075    i.peer_id_get_next_deleted  peer_id.o
    0x00020f0c   0x00020f0c   0x00000030   Code   RO         2076    i.peer_id_get_next_used  peer_id.o
    0x00020f3c   0x00020f3c   0x0000000c   Code   RO         2077    i.peer_id_init      peer_id.o
    0x00020f48   0x00020f48   0x00000014   Code   RO         2078    i.peer_id_is_allocated  peer_id.o
    0x00020f5c   0x00020f5c   0x00000014   Code   RO         2079    i.peer_id_is_deleted  peer_id.o
    0x00020f70   0x00020f70   0x0000006c   Code   RO           17    i.peer_manager_init  main.o
    0x00020fdc   0x00020fdc   0x00000012   Code   RO          878    i.phy_is_valid      ble_advertising.o
    0x00020fee   0x00020fee   0x00000002   PAD
    0x00020ff0   0x00020ff0   0x0000001c   Code   RO         3609    i.pin_configured_set  nrfx_gpiote.o
    0x0002100c   0x0002100c   0x00000018   Code   RO         3610    i.pin_in_use_by_port  nrfx_gpiote.o
    0x00021024   0x00021024   0x00000018   Code   RO         3611    i.pin_in_use_by_te  nrfx_gpiote.o
    0x0002103c   0x0002103c   0x00000064   Code   RO         2564    i.pm_buffer_block_acquire  pm_buffer.o
    0x000210a0   0x000210a0   0x00000024   Code   RO         2565    i.pm_buffer_init    pm_buffer.o
    0x000210c4   0x000210c4   0x00000028   Code   RO         2566    i.pm_buffer_ptr_get  pm_buffer.o
    0x000210ec   0x000210ec   0x00000032   Code   RO         2567    i.pm_buffer_release  pm_buffer.o
    0x0002111e   0x0002111e   0x00000002   PAD
    0x00021120   0x00021120   0x00000014   Code   RO         2166    i.pm_conn_sec_status_get  peer_manager.o
    0x00021134   0x00021134   0x0000001c   Code   RO         2167    i.pm_conn_secure    peer_manager.o
    0x00021150   0x00021150   0x00000012   Code   RO           18    i.pm_evt_handler    main.o
    0x00021162   0x00021162   0x00000004   Code   RO         2169    i.pm_gcm_evt_handler  peer_manager.o
    0x00021166   0x00021166   0x00000004   Code   RO         2170    i.pm_gscm_evt_handler  peer_manager.o
    0x0002116a   0x0002116a   0x00000002   PAD
    0x0002116c   0x0002116c   0x00000244   Code   RO         2470    i.pm_handler_flash_clean  peer_manager_handler.o
    0x000213b0   0x000213b0   0x0000001c   Code   RO         2471    i.pm_handler_flash_clean_on_return  peer_manager_handler.o
    0x000213cc   0x000213cc   0x00000054   Code   RO         2472    i.pm_handler_on_pm_evt  peer_manager_handler.o
    0x00021420   0x00021420   0x00000310   Code   RO         2473    i.pm_handler_pm_evt_log  peer_manager_handler.o
    0x00021730   0x00021730   0x00000004   Code   RO         2173    i.pm_im_evt_handler  peer_manager.o
    0x00021734   0x00021734   0x000001bc   Code   RO         2174    i.pm_init           peer_manager.o
    0x000218f0   0x000218f0   0x00000118   Code   RO         2178    i.pm_pdb_evt_handler  peer_manager.o
    0x00021a08   0x00021a08   0x00000014   Code   RO         2189    i.pm_peer_delete    peer_manager.o
    0x00021a1c   0x00021a1c   0x0000011c   Code   RO         2193    i.pm_peer_rank_highest  peer_manager.o
    0x00021b38   0x00021b38   0x000000e8   Code   RO         2194    i.pm_peer_ranks_get  peer_manager.o
    0x00021c20   0x00021c20   0x00000094   Code   RO         2195    i.pm_peers_delete   peer_manager.o
    0x00021cb4   0x00021cb4   0x0000002c   Code   RO         2198    i.pm_register       peer_manager.o
    0x00021ce0   0x00021ce0   0x00000014   Code   RO         2200    i.pm_sec_params_set  peer_manager.o
    0x00021cf4   0x00021cf4   0x0000000a   Code   RO         2201    i.pm_sm_evt_handler  peer_manager.o
    0x00021cfe   0x00021cfe   0x00000002   PAD
    0x00021d00   0x00021d00   0x000000b4   Code   RO         3612    i.port_event_handle  nrfx_gpiote.o
    0x00021db4   0x00021db4   0x00000010   Code   RO         3613    i.port_handler_polarity_get  nrfx_gpiote.o
    0x00021dc4   0x00021dc4   0x0000003c   Code   RO         6555    i.postfix_process   nrf_log_str_formatter.o
    0x00021e00   0x00021e00   0x00000098   Code   RO         6556    i.prefix_process    nrf_log_str_formatter.o
    0x00021e98   0x00021e98   0x00000018   Code   RO         3876    i.prs_box_get       nrfx_prs.o
    0x00021eb0   0x00021eb0   0x0000001c   Code   RO         4968    i.queue_buf_get     fds.o
    0x00021ecc   0x00021ecc   0x00000010   Code   RO         4969    i.queue_buf_store   fds.o
    0x00021edc   0x00021edc   0x00000014   Code   RO         5759    i.queue_free        nrf_fstorage_sd.o
    0x00021ef0   0x00021ef0   0x000000a4   Code   RO         4970    i.queue_process     fds.o
    0x00021f94   0x00021f94   0x000000a0   Code   RO         5760    i.queue_process     nrf_fstorage_sd.o
    0x00022034   0x00022034   0x0000001c   Code   RO         4971    i.queue_start       fds.o
    0x00022050   0x00022050   0x00000024   Code   RO         5761    i.queue_start       nrf_fstorage_sd.o
    0x00022074   0x00022074   0x0000001c   Code   RO         2476    i.rank_highest      peer_manager_handler.o
    0x00022090   0x00022090   0x00000034   Code   RO         2204    i.rank_vars_update  peer_manager.o
    0x000220c4   0x000220c4   0x0000000e   Code   RO         5762    i.read              nrf_fstorage_sd.o
    0x000220d2   0x000220d2   0x00000002   PAD
    0x000220d4   0x000220d4   0x000000a8   Code   RO         1960    i.reattempt_previous_operations  peer_database.o
    0x0002217c   0x0002217c   0x00000090   Code   RO         4972    i.record_find       fds.o
    0x0002220c   0x0002220c   0x000000a0   Code   RO         4973    i.record_find_by_desc  fds.o
    0x000222ac   0x000222ac   0x0000005c   Code   RO         4974    i.record_find_next  fds.o
    0x00022308   0x00022308   0x0000003c   Code   RO         4975    i.record_header_flag_dirty  fds.o
    0x00022344   0x00022344   0x00000088   Code   RO         4976    i.records_stat      fds.o
    0x000223cc   0x000223cc   0x00000010   Code   RO         2081    i.release           peer_id.o
    0x000223dc   0x000223dc   0x00000004   Code   RO         5763    i.rmap              nrf_fstorage_sd.o
    0x000223e0   0x000223e0   0x0000005c   Code   RO         4533    i.rtc_irq           app_timer2.o
    0x0002243c   0x0002243c   0x00000064   Code   RO         4534    i.rtc_schedule      app_timer2.o
    0x000224a0   0x000224a0   0x00000074   Code   RO         4535    i.rtc_update        app_timer2.o
    0x00022514   0x00022514   0x00000032   Code   RO         3947    i.rx_byte           nrfx_uart.o
    0x00022546   0x00022546   0x00000016   Code   RO         3948    i.rx_done_event     nrfx_uart.o
    0x0002255c   0x0002255c   0x00000016   Code   RO         4134    i.rx_done_event     nrfx_uarte.o
    0x00022572   0x00022572   0x00000002   PAD
    0x00022574   0x00022574   0x00000024   Code   RO         1279    i.sc_send_pending_handle  gatt_cache_manager.o
    0x00022598   0x00022598   0x00000058   Code   RO         3100    i.sd_state_evt_handler  nrf_drv_clock.o
    0x000225f0   0x000225f0   0x00000030   Code   RO         7006    i.sdh_request_observer_notify  nrf_sdh.o
    0x00022620   0x00022620   0x0000002c   Code   RO         7007    i.sdh_state_observer_notify  nrf_sdh.o
    0x0002264c   0x0002264c   0x000000d8   Code   RO         2620    i.sec_info_request_process  security_dispatcher.o
    0x00022724   0x00022724   0x000000f4   Code   RO         2621    i.sec_keyset_fill   security_dispatcher.o
    0x00022818   0x00022818   0x00000076   Code   RO         2761    i.sec_params_verify  security_manager.o
    0x0002288e   0x0002288e   0x00000002   PAD
    0x00022890   0x00022890   0x00000060   Code   RO         2622    i.sec_proc_start    security_dispatcher.o
    0x000228f0   0x000228f0   0x0000005c   Code   RO         2762    i.sec_req_process   security_manager.o
    0x0002294c   0x0002294c   0x00000022   Code   RO         2623    i.send_config_req   security_dispatcher.o
    0x0002296e   0x0002296e   0x00000002   PAD
    0x00022970   0x00022970   0x00000010   Code   RO          966    i.send_error_evt    ble_conn_params.o
    0x00022980   0x00022980   0x00000028   Code   RO         1280    i.send_unexpected_error  gatt_cache_manager.o
    0x000229a8   0x000229a8   0x00000028   Code   RO         2624    i.send_unexpected_error  security_dispatcher.o
    0x000229d0   0x000229d0   0x00000040   Code   RO         6260    i.serial_tx         nrf_log_backend_uart.o
    0x00022a10   0x00022a10   0x00000014   Code   RO         1281    i.service_changed_pending_flags_check  gatt_cache_manager.o
    0x00022a24   0x00022a24   0x00000094   Code   RO         1440    i.service_changed_pending_set  gatts_cache_manager.o
    0x00022ab8   0x00022ab8   0x00000168   Code   RO         1282    i.service_changed_send_in_evt  gatt_cache_manager.o
    0x00022c20   0x00022c20   0x00000088   Code   RO          771    i.service_data_encode  ble_advdata.o
    0x00022ca8   0x00022ca8   0x00000030   Code   RO         1209    i.set_security_req  ble_srv_common.o
    0x00022cd8   0x00022cd8   0x0000007c   Code   RO         5947    i.shutdown_process  nrf_pwr_mgmt.o
    0x00022d54   0x00022d54   0x0000002a   Code   RO           19    i.sleep_mode_enter  main.o
    0x00022d7e   0x00022d7e   0x00000002   PAD
    0x00022d80   0x00022d80   0x0000002c   Code   RO         2763    i.sm_ble_evt_handler  security_manager.o
    0x00022dac   0x00022dac   0x000000a2   Code   RO         2765    i.sm_conn_sec_status_get  security_manager.o
    0x00022e4e   0x00022e4e   0x00000002   PAD
    0x00022e50   0x00022e50   0x00000058   Code   RO         2766    i.sm_init           security_manager.o
    0x00022ea8   0x00022ea8   0x0000000a   Code   RO         2768    i.sm_link_secure    security_manager.o
    0x00022eb2   0x00022eb2   0x00000002   PAD
    0x00022eb4   0x00022eb4   0x00000044   Code   RO         2769    i.sm_pdb_evt_handler  security_manager.o
    0x00022ef8   0x00022ef8   0x00000028   Code   RO         2770    i.sm_sec_is_sufficient  security_manager.o
    0x00022f20   0x00022f20   0x00000034   Code   RO         2772    i.sm_sec_params_set  security_manager.o
    0x00022f54   0x00022f54   0x0000002c   Code   RO         2773    i.sm_smd_evt_handler  security_manager.o
    0x00022f80   0x00022f80   0x000000f4   Code   RO         2625    i.smd_ble_evt_handler  security_dispatcher.o
    0x00023074   0x00023074   0x00000068   Code   RO         2627    i.smd_init          security_dispatcher.o
    0x000230dc   0x000230dc   0x00000028   Code   RO         2628    i.smd_link_secure   security_dispatcher.o
    0x00023104   0x00023104   0x000000ac   Code   RO         2629    i.smd_params_reply  security_dispatcher.o
    0x000231b0   0x000231b0   0x00000040   Code   RO         2774    i.smd_params_reply_perform  security_manager.o
    0x000231f0   0x000231f0   0x00000018   Code   RO         3101    i.soc_evt_handler   nrf_drv_clock.o
    0x00023208   0x00023208   0x00000040   Code   RO         7008    i.softdevice_evt_irq_disable  nrf_sdh.o
    0x00023248   0x00023248   0x00000058   Code   RO         7009    i.softdevices_evt_irq_enable  nrf_sdh.o
    0x000232a0   0x000232a0   0x0000000c   Code   RO         4536    i.sortlist_pop      app_timer2.o
    0x000232ac   0x000232ac   0x00000030   Code   RO         4283    i.state_set         app_button.o
    0x000232dc   0x000232dc   0x00000094   Code   RO         6390    i.std_n             nrf_log_frontend.o
    0x00023370   0x00023370   0x0000006c   Code   RO         1283    i.store_car_value   gatt_cache_manager.o
    0x000233dc   0x000233dc   0x00000058   Code   RO         4537    i.timer_expire      app_timer2.o
    0x00023434   0x00023434   0x00000078   Code   RO         4538    i.timer_req_process  app_timer2.o
    0x000234ac   0x000234ac   0x00000038   Code   RO         4539    i.timer_req_schedule  app_timer2.o
    0x000234e4   0x000234e4   0x00000018   Code   RO         4284    i.timer_start       app_button.o
    0x000234fc   0x000234fc   0x00000020   Code   RO         3950    i.tx_byte           nrfx_uart.o
    0x0002351c   0x0002351c   0x0000001a   Code   RO         3951    i.tx_done_event     nrfx_uart.o
    0x00023536   0x00023536   0x0000001a   Code   RO         4135    i.tx_done_event     nrfx_uarte.o
    0x00023550   0x00023550   0x00000030   Code   RO         3239    i.uart_evt_handler  nrf_drv_uart.o
    0x00023580   0x00023580   0x0000000c   Code   RO         6261    i.uart_evt_handler  nrf_log_backend_uart.o
    0x0002358c   0x0002358c   0x00000050   Code   RO         6262    i.uart_init         nrf_log_backend_uart.o
    0x000235dc   0x000235dc   0x0000012a   Code   RO         3952    i.uart_irq_handler  nrfx_uart.o
    0x00023706   0x00023706   0x00000002   PAD
    0x00023708   0x00023708   0x00000030   Code   RO         3240    i.uarte_evt_handler  nrf_drv_uart.o
    0x00023738   0x00023738   0x00000112   Code   RO         4136    i.uarte_irq_handler  nrfx_uarte.o
    0x0002384a   0x0002384a   0x0000000a   Code   RO          772    i.uint16_encode     ble_advdata.o
    0x00023854   0x00023854   0x00000020   Code   RO         5764    i.uninit            nrf_fstorage_sd.o
    0x00023874   0x00023874   0x000000b4   Code   RO         5628    i.unsigned_print    nrf_fprintf_format.o
    0x00023928   0x00023928   0x00000030   Code   RO         1284    i.update_pending_flags_check  gatt_cache_manager.o
    0x00023958   0x00023958   0x00000068   Code   RO          967    i.update_timeout_handler  ble_conn_params.o
    0x000239c0   0x000239c0   0x00000018   Code   RO          879    i.use_whitelist     ble_advertising.o
    0x000239d8   0x000239d8   0x0000000c   Code   RO         1054    i.user_flag_is_acquired  ble_conn_state.o
    0x000239e4   0x000239e4   0x00000024   Code   RO         1773    i.user_mem_reply    nrf_ble_qwr.o
    0x00023a08   0x00023a08   0x00000020   Code   RO         4285    i.usr_event         app_button.o
    0x00023a28   0x00023a28   0x00000030   Code   RO          773    i.uuid_list_encode  ble_advdata.o
    0x00023a58   0x00023a58   0x0000009e   Code   RO          774    i.uuid_list_sized_encode  ble_advdata.o
    0x00023af6   0x00023af6   0x0000003a   Code   RO          590    i.wakeup_button_cfg  bsp.o
    0x00023b30   0x00023b30   0x00000004   Code   RO         5765    i.wmap              nrf_fstorage_sd.o
    0x00023b34   0x00023b34   0x00000050   Code   RO         5766    i.write             nrf_fstorage_sd.o
    0x00023b84   0x00023b84   0x0000014c   Code   RO         1961    i.write_buf_store   peer_database.o
    0x00023cd0   0x00023cd0   0x00000034   Code   RO         1962    i.write_buffer_record_find  peer_database.o
    0x00023d04   0x00023d04   0x00000030   Code   RO         1963    i.write_buffer_record_find_next  peer_database.o
    0x00023d34   0x00023d34   0x0000001c   Code   RO         1964    i.write_buffer_record_invalidate  peer_database.o
    0x00023d50   0x00023d50   0x0000002c   Code   RO         1965    i.write_buffer_record_release  peer_database.o
    0x00023d7c   0x00023d7c   0x000000f4   Code   RO         4977    i.write_enqueue     fds.o
    0x00023e70   0x00023e70   0x000000f8   Code   RO         4978    i.write_execute     fds.o
    0x00023f68   0x00023f68   0x00000018   Code   RO         4979    i.write_space_free  fds.o
    0x00023f80   0x00023f80   0x00000060   Code   RO         4980    i.write_space_reserve  fds.o
    0x00023fe0   0x00023fe0   0x00000008   Data   RO          474    .constdata          boards.o
    0x00023fe8   0x00023fe8   0x0000002c   Data   RO          595    .constdata          bsp.o
    0x00024014   0x00024014   0x0000006c   Data   RO         1285    .constdata          gatt_cache_manager.o
    0x00024080   0x00024080   0x00000004   Data   RO         1441    .constdata          gatts_cache_manager.o
    0x00024084   0x00024084   0x00000010   Data   RO         1442    .constdata          gatts_cache_manager.o
    0x00024094   0x00024094   0x00000004   Data   RO         1443    .constdata          gatts_cache_manager.o
    0x00024098   0x00024098   0x00000008   Data   RO         1550    .constdata          id_manager.o
    0x000240a0   0x000240a0   0x0000000e   Data   RO         1703    .constdata          nrf_ble_gatt.o
    0x000240ae   0x000240ae   0x00000002   PAD
    0x000240b0   0x000240b0   0x00000018   Data   RO         1830    .constdata          peer_data_storage.o
    0x000240c8   0x000240c8   0x00000010   Data   RO         1967    .constdata          peer_database.o
    0x000240d8   0x000240d8   0x0000002c   Data   RO         2206    .constdata          peer_manager.o
    0x00024104   0x00024104   0x00000014   Data   RO         2479    .constdata          peer_manager_handler.o
    0x00024118   0x00024118   0x00000078   Data   RO         2631    .constdata          security_dispatcher.o
    0x00024190   0x00024190   0x00000008   Data   RO         2775    .constdata          security_manager.o
    0x00024198   0x00024198   0x00000018   Data   RO         2933    .constdata          ble_dfu.o
    0x000241b0   0x000241b0   0x00000004   Data   RO         3615    .constdata          nrfx_gpiote.o
    0x000241b4   0x000241b4   0x00000004   Data   RO         3955    .constdata          nrfx_uart.o
    0x000241b8   0x000241b8   0x00000004   Data   RO         4139    .constdata          nrfx_uarte.o
    0x000241bc   0x000241bc   0x00000008   Data   RO         4288    .constdata          app_button.o
    0x000241c4   0x000241c4   0x00000014   Data   RO         4542    .constdata          app_timer2.o
    0x000241d8   0x000241d8   0x00000008   PAD
    0x000241e0   0x000241e0   0x00000006   Data   RO         4782    .constdata          drv_rtc.o
    0x000241e6   0x000241e6   0x00000002   PAD
    0x000241e8   0x000241e8   0x00000018   Data   RO         4983    .constdata          fds.o
    0x00024200   0x00024200   0x00000010   Data   RO         5629    .constdata          nrf_fprintf_format.o
    0x00024210   0x00024210   0x0000005e   Data   RO         5675    .constdata          nrf_fstorage.o
    0x0002426e   0x0002426e   0x00000002   PAD
    0x00024270   0x00024270   0x00000010   Data   RO         5769    .constdata          nrf_fstorage_sd.o
    0x00024280   0x00024280   0x00000020   Data   RO         5770    .constdata          nrf_fstorage_sd.o
    0x000242a0   0x000242a0   0x00000018   Data   RO         5950    .constdata          nrf_pwr_mgmt.o
    0x000242b8   0x000242b8   0x00000010   Data   RO         5951    .constdata          nrf_pwr_mgmt.o
    0x000242c8   0x000242c8   0x0000013c   Data   RO         6167    .constdata          nrf_strerror.o
    0x00024404   0x00024404   0x0000000c   Data   RO         6264    .constdata          nrf_log_backend_uart.o
    0x00024410   0x00024410   0x00000020   Data   RO         6265    .constdata          nrf_log_backend_uart.o
    0x00024430   0x00024430   0x0000000c   Data   RO         6395    .constdata          nrf_log_frontend.o
    0x0002443c   0x0002443c   0x00000010   Data   RO         7010    .constdata          nrf_sdh.o
    0x0002444c   0x0002444c   0x00000028   Data   RO         7011    .constdata          nrf_sdh.o
    0x00024474   0x00024474   0x00000010   Data   RO         7012    .constdata          nrf_sdh.o
    0x00024484   0x00024484   0x00000010   Data   RO         7013    .constdata          nrf_sdh.o
    0x00024494   0x00024494   0x00000020   Data   RO         7121    .constdata          nrf_sdh_ble.o
    0x000244b4   0x000244b4   0x00000010   Data   RO         7122    .constdata          nrf_sdh_ble.o
    0x000244c4   0x000244c4   0x00000010   Data   RO         7172    .constdata          nrf_sdh_soc.o
    0x000244d4   0x000244d4   0x0000000c   Data   RO         7173    .constdata          nrf_sdh_soc.o
    0x000244e0   0x000244e0   0x00000081   Data   RO         7279    .constdata          mc_w.l(ctype_o.o)
    0x00024561   0x00024561   0x00000003   PAD
    0x00024564   0x00024564   0x00000004   Data   RO         7280    .constdata          mc_w.l(ctype_o.o)
    0x00024568   0x00024568   0x00000041   Data   RO           21    .conststring        main.o
    0x000245a9   0x000245a9   0x00000003   PAD
    0x000245ac   0x000245ac   0x000001a4   Data   RO         1286    .conststring        gatt_cache_manager.o
    0x00024750   0x00024750   0x0000019c   Data   RO         1444    .conststring        gatts_cache_manager.o
    0x000248ec   0x000248ec   0x000000e8   Data   RO         1831    .conststring        peer_data_storage.o
    0x000249d4   0x000249d4   0x00000180   Data   RO         1968    .conststring        peer_database.o
    0x00024b54   0x00024b54   0x00000090   Data   RO         2207    .conststring        peer_manager.o
    0x00024be4   0x00024be4   0x0000030f   Data   RO         2480    .conststring        peer_manager_handler.o
    0x00024ef3   0x00024ef3   0x00000001   PAD
    0x00024ef4   0x00024ef4   0x000002b2   Data   RO         2632    .conststring        security_dispatcher.o
    0x000251a6   0x000251a6   0x00000002   PAD
    0x000251a8   0x000251a8   0x0000017b   Data   RO         2776    .conststring        security_manager.o
    0x00025323   0x00025323   0x00000001   PAD
    0x00025324   0x00025324   0x000000ce   Data   RO         3031    .conststring        ble_dfu_unbonded.o
    0x000253f2   0x000253f2   0x00000002   PAD
    0x000253f4   0x000253f4   0x0000004f   Data   RO         5676    .conststring        nrf_fstorage.o
    0x00025443   0x00025443   0x00000001   PAD
    0x00025444   0x00025444   0x000003eb   Data   RO         6168    .conststring        nrf_strerror.o
    0x0002582f   0x0002582f   0x00000001   PAD
    0x00025830   0x00025830   0x00000066   Data   RO         6557    .conststring        nrf_log_str_formatter.o
    0x00025896   0x00025896   0x00000002   PAD
    0x00025898   0x00025898   0x00000188   Data   RO         7123    .conststring        nrf_sdh_ble.o
    0x00025a20   0x00025a20   0x00000011   Data   RO         1287    .conststrlit        gatt_cache_manager.o
    0x00025a31   0x00025a31   0x00000003   PAD
    0x00025a34   0x00025a34   0x00000012   Data   RO         1445    .conststrlit        gatts_cache_manager.o
    0x00025a46   0x00025a46   0x00000002   PAD
    0x00025a48   0x00025a48   0x00000010   Data   RO         1552    .conststrlit        id_manager.o
    0x00025a58   0x00025a58   0x0000000d   Data   RO         1704    .conststrlit        nrf_ble_gatt.o
    0x00025a65   0x00025a65   0x00000003   PAD
    0x00025a68   0x00025a68   0x00000011   Data   RO         1832    .conststrlit        peer_data_storage.o
    0x00025a79   0x00025a79   0x00000003   PAD
    0x00025a7c   0x00025a7c   0x00000011   Data   RO         1969    .conststrlit        peer_database.o
    0x00025a8d   0x00025a8d   0x00000003   PAD
    0x00025a90   0x00025a90   0x0000000d   Data   RO         2208    .conststrlit        peer_manager.o
    0x00025a9d   0x00025a9d   0x00000003   PAD
    0x00025aa0   0x00025aa0   0x00000015   Data   RO         2483    .conststrlit        peer_manager_handler.o
    0x00025ab5   0x00025ab5   0x00000003   PAD
    0x00025ab8   0x00025ab8   0x00000011   Data   RO         2633    .conststrlit        security_dispatcher.o
    0x00025ac9   0x00025ac9   0x00000003   PAD
    0x00025acc   0x00025acc   0x00000010   Data   RO         2777    .conststrlit        security_manager.o
    0x00025adc   0x00025adc   0x00000006   Data   RO         3107    .conststrlit        nrf_drv_clock.o
    0x00025ae2   0x00025ae2   0x00000002   PAD
    0x00025ae4   0x00025ae4   0x00000006   Data   RO         3446    .conststrlit        nrfx_clock.o
    0x00025aea   0x00025aea   0x00000002   PAD
    0x00025aec   0x00025aec   0x00000007   Data   RO         3619    .conststrlit        nrfx_gpiote.o
    0x00025af3   0x00025af3   0x00000001   PAD
    0x00025af4   0x00025af4   0x00000004   Data   RO         3878    .conststrlit        nrfx_prs.o
    0x00025af8   0x00025af8   0x00000005   Data   RO         3958    .conststrlit        nrfx_uart.o
    0x00025afd   0x00025afd   0x00000003   PAD
    0x00025b00   0x00025b00   0x00000006   Data   RO         4142    .conststrlit        nrfx_uarte.o
    0x00025b06   0x00025b06   0x00000002   PAD
    0x00025b08   0x00025b08   0x0000000b   Data   RO         4289    .conststrlit        app_button.o
    0x00025b13   0x00025b13   0x00000001   PAD
    0x00025b14   0x00025b14   0x0000000a   Data   RO         4543    .conststrlit        app_timer2.o
    0x00025b1e   0x00025b1e   0x00000002   PAD
    0x00025b20   0x00025b20   0x0000000d   Data   RO         5677    .conststrlit        nrf_fstorage.o
    0x00025b2d   0x00025b2d   0x00000003   PAD
    0x00025b30   0x00025b30   0x00000009   Data   RO         5952    .conststrlit        nrf_pwr_mgmt.o
    0x00025b39   0x00025b39   0x00000003   PAD
    0x00025b3c   0x00025b3c   0x00000009   Data   RO         6114    .conststrlit        nrf_sortlist.o
    0x00025b45   0x00025b45   0x00000003   PAD
    0x00025b48   0x00025b48   0x00000011   Data   RO         6330    .conststrlit        nrf_log_default_backends.o
    0x00025b59   0x00025b59   0x00000003   PAD
    0x00025b5c   0x00025b5c   0x00000004   Data   RO         6396    .conststrlit        nrf_log_frontend.o
    0x00025b60   0x00025b60   0x00000008   Data   RO         7014    .conststrlit        nrf_sdh.o
    0x00025b68   0x00025b68   0x0000000c   Data   RO         7124    .conststrlit        nrf_sdh_ble.o
    0x00025b74   0x00025b74   0x0000000c   Data   RO         7174    .conststrlit        nrf_sdh_soc.o
    0x00025b80   0x00025b80   0x00000020   Data   RO         7342    Region$$Table       anon$$obj.o
    0x00025ba0   0x00025ba0   0x00000010   Data   RO         6332    log_backends        nrf_log_default_backends.o
    0x00025bb0   0x00025bb0   0x00000008   Data   RO         1289    log_const_data      gatt_cache_manager.o
    0x00025bb8   0x00025bb8   0x00000008   Data   RO         1447    log_const_data      gatts_cache_manager.o
    0x00025bc0   0x00025bc0   0x00000008   Data   RO         1554    log_const_data      id_manager.o
    0x00025bc8   0x00025bc8   0x00000008   Data   RO         1705    log_const_data      nrf_ble_gatt.o
    0x00025bd0   0x00025bd0   0x00000008   Data   RO         1834    log_const_data      peer_data_storage.o
    0x00025bd8   0x00025bd8   0x00000008   Data   RO         1971    log_const_data      peer_database.o
    0x00025be0   0x00025be0   0x00000008   Data   RO         2210    log_const_data      peer_manager.o
    0x00025be8   0x00025be8   0x00000008   Data   RO         2486    log_const_data      peer_manager_handler.o
    0x00025bf0   0x00025bf0   0x00000008   Data   RO         2635    log_const_data      security_dispatcher.o
    0x00025bf8   0x00025bf8   0x00000008   Data   RO         2779    log_const_data      security_manager.o
    0x00025c00   0x00025c00   0x00000008   Data   RO         3108    log_const_data      nrf_drv_clock.o
    0x00025c08   0x00025c08   0x00000008   Data   RO         3448    log_const_data      nrfx_clock.o
    0x00025c10   0x00025c10   0x00000008   Data   RO         3620    log_const_data      nrfx_gpiote.o
    0x00025c18   0x00025c18   0x00000008   Data   RO         3880    log_const_data      nrfx_prs.o
    0x00025c20   0x00025c20   0x00000008   Data   RO         3959    log_const_data      nrfx_uart.o
    0x00025c28   0x00025c28   0x00000008   Data   RO         4143    log_const_data      nrfx_uarte.o
    0x00025c30   0x00025c30   0x00000008   Data   RO         4291    log_const_data      app_button.o
    0x00025c38   0x00025c38   0x00000008   Data   RO         4546    log_const_data      app_timer2.o
    0x00025c40   0x00025c40   0x00000008   Data   RO         5678    log_const_data      nrf_fstorage.o
    0x00025c48   0x00025c48   0x00000008   Data   RO         5954    log_const_data      nrf_pwr_mgmt.o
    0x00025c50   0x00025c50   0x00000008   Data   RO         6115    log_const_data      nrf_sortlist.o
    0x00025c58   0x00025c58   0x00000008   Data   RO         6400    log_const_data      nrf_log_frontend.o
    0x00025c60   0x00025c60   0x00000008   Data   RO         7016    log_const_data      nrf_sdh.o
    0x00025c68   0x00025c68   0x00000008   Data   RO         7126    log_const_data      nrf_sdh_ble.o
    0x00025c70   0x00025c70   0x00000008   Data   RO         7175    log_const_data      nrf_sdh_soc.o
    0x00025c78   0x00025c78   0x00000014   Data   RO         6401    nrf_balloc          nrf_log_frontend.o
    0x00025c8c   0x00025c8c   0x00000004   Data   RO           23    pwr_mgmt_data0      main.o
    0x00025c90   0x00025c90   0x00000008   Data   RO         1056    sdh_ble_observers0  ble_conn_state.o
    0x00025c98   0x00025c98   0x00000010   Data   RO           24    sdh_ble_observers1  main.o
    0x00025ca8   0x00025ca8   0x00000008   Data   RO          698    sdh_ble_observers1  bsp_btn_ble.o
    0x00025cb0   0x00025cb0   0x00000008   Data   RO          970    sdh_ble_observers1  ble_conn_params.o
    0x00025cb8   0x00025cb8   0x00000008   Data   RO         2211    sdh_ble_observers1  peer_manager.o
    0x00025cc0   0x00025cc0   0x00000008   Data   RO           25    sdh_ble_observers2  main.o
    0x00025cc8   0x00025cc8   0x00000008   Data   RO         2934    sdh_ble_observers2  ble_dfu.o
    0x00025cd0   0x00025cd0   0x00000008   Data   RO           26    sdh_ble_observers3  main.o
    0x00025cd8   0x00025cd8   0x00000008   Data   RO         5772    sdh_req_observers0  nrf_fstorage_sd.o
    0x00025ce0   0x00025ce0   0x00000008   Data   RO         3109    sdh_soc_observers0  nrf_drv_clock.o
    0x00025ce8   0x00025ce8   0x00000008   Data   RO         5773    sdh_soc_observers0  nrf_fstorage_sd.o
    0x00025cf0   0x00025cf0   0x00000008   Data   RO         3033    sdh_soc_observers1  ble_dfu_unbonded.o
    0x00025cf8   0x00025cf8   0x00000008   Data   RO         7127    sdh_stack_observers0  nrf_sdh_ble.o
    0x00025d00   0x00025d00   0x00000008   Data   RO         7176    sdh_stack_observers0  nrf_sdh_soc.o
    0x00025d08   0x00025d08   0x00000008   Data   RO           27    sdh_state_observers0  main.o
    0x00025d10   0x00025d10   0x00000008   Data   RO         3110    sdh_state_observers0  nrf_drv_clock.o
    0x00025d18   0x00025d18   0x00000008   Data   RO         5774    sdh_state_observers0  nrf_fstorage_sd.o


    Execution Region RW_IRAM1 (Exec base: 0x20001a50, Load base: 0x00025d20, Size: 0x00001890, Max: 0x000045b0, ABSOLUTE, COMPRESSED[0x0000009c])

    Exec Addr    Load Addr    Size         Type   Attr      Idx    E Section Name        Object

    0x20001a50   COMPRESSED   0x00000006   Data   RW           22    .data               main.o
    0x20001a56   COMPRESSED   0x00000002   PAD
    0x20001a58   COMPRESSED   0x00000010   Data   RW          596    .data               bsp.o
    0x20001a68   COMPRESSED   0x00000008   Data   RW          697    .data               bsp_btn_ble.o
    0x20001a70   COMPRESSED   0x00000008   Data   RW          969    .data               ble_conn_params.o
    0x20001a78   COMPRESSED   0x00000010   Data   RW         1288    .data               gatt_cache_manager.o
    0x20001a88   COMPRESSED   0x0000000c   Data   RW         1446    .data               gatts_cache_manager.o
    0x20001a94   COMPRESSED   0x0000000c   Data   RW         1833    .data               peer_data_storage.o
    0x20001aa0   COMPRESSED   0x00000008   Data   RW         1970    .data               peer_database.o
    0x20001aa8   COMPRESSED   0x00000010   Data   RW         2209    .data               peer_manager.o
    0x20001ab8   COMPRESSED   0x00000060   Data   RW         2484    .data               peer_manager_handler.o
    0x20001b18   COMPRESSED   0x00000005   Data   RW         2634    .data               security_dispatcher.o
    0x20001b1d   COMPRESSED   0x00000003   PAD
    0x20001b20   COMPRESSED   0x00000015   Data   RW         2778    .data               security_manager.o
    0x20001b35   COMPRESSED   0x00000003   PAD
    0x20001b38   COMPRESSED   0x00000004   Data   RW         3032    .data               ble_dfu_unbonded.o
    0x20001b3c   COMPRESSED   0x0000000c   Data   RW         3241    .data               nrf_drv_uart.o
    0x20001b48   COMPRESSED   0x00000008   Data   RW         3447    .data               nrfx_clock.o
    0x20001b50   COMPRESSED   0x00000008   Data   RW         3879    .data               nrfx_prs.o
    0x20001b58   COMPRESSED   0x00000018   Data   RW         4290    .data               app_button.o
    0x20001b70   COMPRESSED   0x00000020   Data   RW         4544    .data               app_timer2.o
    0x20001b90   COMPRESSED   0x00000004   Data   RW         4545    .data               app_timer2.o
    0x20001b94   COMPRESSED   0x0000000c   Data   RW         4783    .data               drv_rtc.o
    0x20001ba0   COMPRESSED   0x00000030   Data   RW         4984    .data               fds.o
    0x20001bd0   COMPRESSED   0x00000008   Data   RW         5771    .data               nrf_fstorage_sd.o
    0x20001bd8   COMPRESSED   0x00000008   Data   RW         5953    .data               nrf_pwr_mgmt.o
    0x20001be0   COMPRESSED   0x00000018   Data   RW         6266    .data               nrf_log_backend_uart.o
    0x20001bf8   COMPRESSED   0x00000008   Data   RW         6331    .data               nrf_log_default_backends.o
    0x20001c00   COMPRESSED   0x00000004   Data   RW         6397    .data               nrf_log_frontend.o
    0x20001c04   COMPRESSED   0x00000008   Data   RW         6398    .data               nrf_log_frontend.o
    0x20001c0c   COMPRESSED   0x00000008   Data   RW         6399    .data               nrf_log_frontend.o
    0x20001c14   COMPRESSED   0x00000040   Data   RW         6558    .data               nrf_log_str_formatter.o
    0x20001c54   COMPRESSED   0x00000003   Data   RW         7015    .data               nrf_sdh.o
    0x20001c57   COMPRESSED   0x00000001   Data   RW         7125    .data               nrf_sdh_ble.o
    0x20001c58   COMPRESSED   0x00000004   Data   RW         7216    .data               system_nrf52810.o
    0x20001c5c   COMPRESSED   0x00000014   Data   RW         4985    fs_data             fds.o
    0x20001c70        -       0x00000114   Zero   RW           20    .bss                main.o
    0x20001d84   COMPRESSED   0x00000004   PAD
    0x20001d88        -       0x00000020   Zero   RW          591    .bss                bsp.o
    0x20001da8        -       0x00000020   Zero   RW          592    .bss                bsp.o
    0x20001dc8        -       0x0000000c   Zero   RW          593    .bss                bsp.o
    0x20001dd4   COMPRESSED   0x00000004   PAD
    0x20001dd8        -       0x00000020   Zero   RW          594    .bss                bsp.o
    0x20001df8        -       0x00000050   Zero   RW          968    .bss                ble_conn_params.o
    0x20001e48        -       0x0000007c   Zero   RW         1055    .bss                ble_conn_state.o
    0x20001ec4        -       0x000000d8   Zero   RW         1549    .bss                id_manager.o
    0x20001f9c        -       0x00000180   Zero   RW         1966    .bss                peer_database.o
    0x2000211c        -       0x00000040   Zero   RW         2082    .bss                peer_id.o
    0x2000215c        -       0x0000000c   Zero   RW         2205    .bss                peer_manager.o
    0x20002168        -       0x00000040   Zero   RW         2630    .bss                security_dispatcher.o
    0x200021a8        -       0x0000001c   Zero   RW         2932    .bss                ble_dfu.o
    0x200021c4        -       0x00000028   Zero   RW         3030    .bss                ble_dfu_unbonded.o
    0x200021ec        -       0x00000014   Zero   RW         3102    .bss                nrf_drv_clock.o
    0x20002200        -       0x0000005c   Zero   RW         3614    .bss                nrfx_gpiote.o
    0x2000225c        -       0x0000002c   Zero   RW         3953    .bss                nrfx_uart.o
    0x20002288        -       0x00000024   Zero   RW         4137    .bss                nrfx_uarte.o
    0x200022ac   COMPRESSED   0x00000004   PAD
    0x200022b0        -       0x00000020   Zero   RW         4286    .bss                app_button.o
    0x200022d0        -       0x00000010   Zero   RW         4287    .bss                app_button.o
    0x200022e0        -       0x00000010   Zero   RW         4540    .bss                app_timer2.o
    0x200022f0        -       0x00000058   Zero   RW         4541    .bss                app_timer2.o
    0x20002348        -       0x0000000c   Zero   RW         4670    .bss                app_util_platform.o
    0x20002354        -       0x00000010   Zero   RW         4981    .bss                fds.o
    0x20002364        -       0x000000e0   Zero   RW         4982    .bss                fds.o
    0x20002444        -       0x00000010   Zero   RW         5767    .bss                nrf_fstorage_sd.o
    0x20002454        -       0x000000a0   Zero   RW         5768    .bss                nrf_fstorage_sd.o
    0x200024f4   COMPRESSED   0x00000004   PAD
    0x200024f8        -       0x00000020   Zero   RW         5948    .bss                nrf_pwr_mgmt.o
    0x20002518        -       0x0000000c   Zero   RW         5949    .bss                nrf_pwr_mgmt.o
    0x20002524        -       0x00000040   Zero   RW         6263    .bss                nrf_log_backend_uart.o
    0x20002564        -       0x000000c0   Zero   RW         6391    .bss                nrf_log_frontend.o
    0x20002624        -       0x00000080   Zero   RW         6392    .bss                nrf_log_frontend.o
    0x200026a4        -       0x00000018   Zero   RW         6393    .bss                nrf_log_frontend.o
    0x200026bc        -       0x00000420   Zero   RW         6394    .bss                nrf_log_frontend.o
    0x20002adc   COMPRESSED   0x00000004   PAD
    0x20002ae0        -       0x00000800   Zero   RW         7203    STACK               arm_startup_nrf52810.o


==============================================================================

Image component sizes


      Code (inc. data)   RO Data    RW Data    ZI Data      Debug   Object Name

       664         66         27         24         48      17482   app_button.o
        22          0          0          0          0       2493   app_error.o
       132         46          0          0          0      30869   app_error_weak.o
         0          0          0          0          0      37182   app_scheduler.o
       846         88         38         36        104      16137   app_timer2.o
       124         14          0          0         12      10614   app_util_platform.o
        84         22        512          0       2048        912   arm_startup_nrf52810.o
      1338          0          0          0          0      53024   ble_advdata.o
      1030          6          0          0          0      11266   ble_advertising.o
       636         44          8          8         80       9067   ble_conn_params.o
       756         64          8          0        124      15761   ble_conn_state.o
       478         36         32          0         28      13952   ble_dfu.o
         0          0          0          0          0       5352   ble_dfu_bonded.o
       476         42        214          4         40       7230   ble_dfu_unbonded.o
       464          6          0          0          0       3951   ble_srv_common.o
       358         40          8          0          0      13979   boards.o
       998         84         44         16        108      15575   bsp.o
       252         10          8          8          0       4672   bsp_btn_ble.o
       704         76          6         12          0      48049   drv_rtc.o
      3872        348         24         68        240      49046   fds.o
      2152        552        553         16          0      33195   gatt_cache_manager.o
       686         84        462         12          0      16311   gatts_cache_manager.o
       946         34         32          0        216      16520   id_manager.o
      1640        528        109          6        276     194722   main.o
       342          0          0          0          0       6462   nrf_atfifo.o
       170          0          0          0          0       4640   nrf_atflags.o
       332          0          0          0          0       9690   nrf_atomic.o
       164          0          0          0          0       3528   nrf_balloc.o
       608        186         35          0          0       7475   nrf_ble_gatt.o
       276          0          0          0          0       4561   nrf_ble_qwr.o
       380        236          0          0          0       1654   nrf_dfu_svci.o
       312         36         30          0         20      43468   nrf_drv_clock.o
       200         26          0         12          0      17780   nrf_drv_uart.o
        50          0          0          0          0       3477   nrf_fprintf.o
       866          4         16          0          0       6410   nrf_fprintf_format.o
       972        432        194          0          0       7880   nrf_fstorage.o
       798         82         72          8        176      15475   nrf_fstorage_sd.o
       194          0          0          0          0      11617   nrf_log_backend_serial.o
       232         44         44         24         64      15702   nrf_log_backend_uart.o
        28          4         33          8          0       3329   nrf_log_default_backends.o
      1512        128         44         20       1400      30800   nrf_log_frontend.o
       570        108        102         64          0       5524   nrf_log_str_formatter.o
       346          0          0          0          0       9275   nrf_memobj.o
       304         48         57          8         44       6923   nrf_pwr_mgmt.o
        28          0          0          0          0       2351   nrf_ringbuf.o
       560         60        104          3          0      44943   nrf_sdh.o
       664        232        468          1          0       5725   nrf_sdh_ble.o
        60          4         56          0          0       2452   nrf_sdh_soc.o
        78          0          0          0          0       2676   nrf_section_iter.o
        84          0         17          0          0       3977   nrf_sortlist.o
        76         10       1319          0          0       2687   nrf_strerror.o
       242         32         14          8          0      46808   nrfx_clock.o
      1268        106         19          0         92      65121   nrfx_gpiote.o
       112         16         12          8          0       4364   nrfx_prs.o
      1310         42         17          0         44      29957   nrfx_uart.o
      1312         42         18          0         36      25467   nrfx_uarte.o
      1172        144        281         12          0      15502   peer_data_storage.o
      1434        260        425          8        384      18978   peer_database.o
       314         38          0          0         64       8763   peer_id.o
      1678        454        217         16         12      19295   peer_manager.o
      1824        842        832         96          0       9124   peer_manager_handler.o
       234          0          0          0          0       5267   pm_buffer.o
      1944        268        835          5         64      26275   security_dispatcher.o
      1372        122        411         21          0      49654   security_manager.o
       892         78          0          4          0      14399   system_nrf52810.o

    ----------------------------------------------------------------------
     44052       6274       7864        544       5744    1246816   Object Totals
         0          0         32          0          0          0   (incl. Generated)
        80          0         75          8         20          0   (incl. Padding)

    ----------------------------------------------------------------------

      Code (inc. data)   RO Data    RW Data    ZI Data      Debug   Library Member Name

        86          0          0          0          0          0   __dczerorl2.o
         8          4        133          0          0         68   ctype_o.o
         0          0          0          0          0          0   entry.o
         0          0          0          0          0          0   entry10a.o
         0          0          0          0          0          0   entry11a.o
         4          0          0          0          0          0   entry12b.o
         8          4          0          0          0          0   entry2.o
         4          0          0          0          0          0   entry5.o
         0          0          0          0          0          0   entry7b.o
         0          0          0          0          0          0   entry8b.o
         8          4          0          0          0          0   entry9a.o
        30          0          0          0          0          0   handlers.o
        36          8          0          0          0         68   init.o
        30          0          0          0          0         68   llshl.o
        32          0          0          0          0         68   llushr.o
        26          0          0          0          0         80   memcmp.o
        36          0          0          0          0         68   memcpya.o
        36          0          0          0          0        108   memseta.o
        14          0          0          0          0         68   strlen.o
        98          0          0          0          0         92   uldiv.o

    ----------------------------------------------------------------------
       460         20        136          0          0        688   Library Totals
         4          0          3          0          0          0   (incl. Padding)

    ----------------------------------------------------------------------

      Code (inc. data)   RO Data    RW Data    ZI Data      Debug   Library Name

       456         20        133          0          0        688   mc_w.l

    ----------------------------------------------------------------------
       460         20        136          0          0        688   Library Totals

    ----------------------------------------------------------------------

==============================================================================


      Code (inc. data)   RO Data    RW Data    ZI Data      Debug   

     44512       6294       8000        544       5744    1218512   Grand Totals
     44512       6294       8000        156       5744    1218512   ELF Image Totals (compressed)
     44512       6294       8000        156          0          0   ROM Totals

==============================================================================

    Total RO  Size (Code + RO Data)                52512 (  51.28kB)
    Total RW  Size (RW Data + ZI Data)              6288 (   6.14kB)
    Total ROM Size (Code + RO Data + RW Data)      52668 (  51.43kB)

==============================================================================

