<html>
<body>
<pre>
<h1>µVision Build Log</h1>
<h2>Tool Versions:</h2>
IDE-Version: ¦ÌVision V5.38.0.0
Copyright (C) 2022 ARM Ltd and ARM Germany GmbH. All rights reserved.
License Information: W Q, S, LIC=D0D7S-LH3TQ-Z9GG9-4UI8Q-VUYX4-LQ4SG
 
Tool Versions:
Toolchain:       MDK-ARM Plus  Version: 5.38.0.0
Toolchain Path:  D:\Keil_v5\ARM\ARMCC\Bin
C Compiler:      Armcc.exe V5.06 update 7 (build 960)
Assembler:       Armasm.exe V5.06 update 7 (build 960)
Linker/Locator:  ArmLink.exe V5.06 update 7 (build 960)
Library Manager: ArmAr.exe V5.06 update 7 (build 960)
Hex Converter:   FromElf.exe V5.06 update 7 (build 960)
CPU DLL:         
Dialog DLL:      
Target DLL:      Segger\JL2CM3.dll V2.99.42.0
Dialog DLL:      TCM.DLL V1.56.4.0
 
<h2>Project:</h2>
F:\GR\XF\nRF52810\nRF5_SDK_17.0.2_d674dde\examples\ble_peripheral\ble_app_uart\pca10040e\s112\arm5_no_packs\ble_app_uart_pca10040e_s112.uvprojx
Project File Date:  11/03/2023

<h2>Output:</h2>
*** Using Compiler 'V5.06 update 7 (build 960)', folder: 'D:\Keil_v5\ARM\ARMCC\Bin'
Rebuild target 'nrf52810_xxaa'
compiling pid.c...
compiling cmd.c...
compiling utf.c...
compiling ble_link_ctx_manager.c...
compiling ble_advdata.c...
compiling ble_advertising.c...
compiling ble_conn_state.c...
compiling boards.c...
compiling ble_conn_params.c...
compiling pressure.c...
compiling bsp.c...
compiling bsp_btn_ble.c...
compiling work.c...
..\..\..\work.c(10): warning:  #177-D: variable "m_pwm0"  was declared but never referenced
  static nrf_drv_pwm_t m_pwm0 = NRF_DRV_PWM_INSTANCE(0);
..\..\..\work.c(12): warning:  #177-D: variable "m_seq"  was declared but never referenced
  static nrf_pwm_sequence_t const m_seq = {
..\..\..\work.c: 2 warnings, 0 errors
compiling ble_srv_common.c...
compiling main.c...
compiling nrf_ble_gatt.c...
compiling nrf_ble_qwr.c...
compiling ble_nus.c...
compiling nrfx_atomic.c...
compiling nrf_drv_uart.c...
compiling nrfx_clock.c...
compiling nrfx_prs.c...
compiling nrf_drv_clock.c...
compiling nrfx_uart.c...
compiling nrfx_gpiote.c...
compiling app_error.c...
compiling nrfx_twim.c...
compiling app_error_handler_keil.c...
compiling nrfx_uarte.c...
compiling nrfx_twi.c...
compiling nrf_drv_twi.c...
compiling app_fifo.c...
compiling app_error_weak.c...
compiling nrfx_pwm.c...
compiling app_button.c...
compiling app_scheduler.c...
compiling app_util_platform.c...
compiling app_timer2.c...
compiling nrf_assert.c...
compiling hardfault_implementation.c...
compiling nrf_atflags.c...
compiling nrf_atfifo.c...
compiling nrf_atomic.c...
compiling nrf_fprintf.c...
compiling nrf_balloc.c...
compiling nrf_fprintf_format.c...
compiling drv_rtc.c...
compiling app_uart_fifo.c...
compiling nrf_section_iter.c...
compiling nrf_memobj.c...
compiling nrf_strerror.c...
compiling nrf_ringbuf.c...
compiling SEGGER_RTT_Syscalls_KEIL.c...
compiling nrf_sortlist.c...
compiling retarget.c...
compiling nrf_pwr_mgmt.c...
compiling nrf_log_backend_serial.c...
compiling nrf_log_default_backends.c...
compiling nrf_log_frontend.c...
compiling SEGGER_RTT_printf.c...
compiling nrf_log_backend_rtt.c...
compiling SEGGER_RTT.c...
assembling arm_startup_nrf52810.s...
compiling nrf_log_str_formatter.c...
compiling nrf_sdh_soc.c...
compiling nrf_sdh.c...
compiling nrf_sdh_ble.c...
compiling nrf_dfu_svci.c...
compiling ble_dfu_bonded.c...
compiling ble_dfu.c...
compiling ble_dfu_unbonded.c...
compiling system_nrf52810.c...
linking...
Program Size: Code=32548 RO-data=4180 RW-data=352 ZI-data=5240  
FromELF: creating hex file...
".\_build\app.axf" - 0 Error(s), 2 Warning(s).

<h2>Software Packages used:</h2>

Package Vendor: ARM
                http://www.keil.com/pack/ARM.CMSIS.5.6.0.pack
                ARM.CMSIS.5.6.0
                CMSIS (Cortex Microcontroller Software Interface Standard)
   * Component: CORE Version: 5.3.0

Package Vendor: NordicSemiconductor
                http://developer.nordicsemi.com/nRF5_SDK/pieces/nRF_DeviceFamilyPack/NordicSemiconductor.nRF_DeviceFamilyPack.8.35.0.pack
                NordicSemiconductor.nRF_DeviceFamilyPack.8.35.0
                Nordic Semiconductor nRF ARM devices Device Family Pack with BSD license.
   * Component: Startup Version: 8.35.0

<h2>Collection of Component include folders:</h2>
  ./RTE/_nrf52810_xxaa
  C:/Users/DELL/AppData/Local/Arm/Packs/ARM/CMSIS/5.6.0/CMSIS/Core/Include
  C:/Users/DELL/AppData/Local/Arm/Packs/NordicSemiconductor/nRF_DeviceFamilyPack/8.35.0/Device/Include

<h2>Collection of Component Files used:</h2>

   * Component: ARM::CMSIS:CORE:5.3.0

   * Component: NordicSemiconductor::Device:Startup:8.35.0
      Source file:   Device/Source/system_nrf52810.c
      Include file:  Device/Include/system_nrf.h
      Source file:   Device/Source/arm/arm_startup_nrf52810.s
      Include file:  Device/Include/system_nrf52810.h
Build Time Elapsed:  00:00:13
</pre>
</body>
</html>
