Component: ARM Compiler 5.06 update 7 (build 960) Tool: armlink [4d3601]

==============================================================================

Section Cross References

    main.o(i.advertising_init) refers to memseta.o(.text) for __aeabi_memclr4
    main.o(i.advertising_init) refers to ble_advertising.o(i.ble_advertising_init) for ble_advertising_init
    main.o(i.advertising_init) refers to app_error_handler_keil.o(.emb_text) for app_error_handler
    main.o(i.advertising_init) refers to ble_advertising.o(i.ble_advertising_conn_cfg_tag_set) for ble_advertising_conn_cfg_tag_set
    main.o(i.advertising_init) refers to main.o(.data) for .data
    main.o(i.advertising_init) refers to main.o(i.on_adv_evt) for on_adv_evt
    main.o(i.advertising_init) refers to main.o(.bss) for .bss
    main.o(i.advertising_init) refers to main.o(i.main) for i.main
    main.o(i.assert_nrf_callback) refers to app_error_handler_keil.o(.emb_text) for app_error_handler
    main.o(i.ble_dfu_evt_handler) refers to nrf_log_frontend.o(i.nrf_log_frontend_std_0) for nrf_log_frontend_std_0
    main.o(i.ble_dfu_evt_handler) refers to memseta.o(.text) for __aeabi_memclr4
    main.o(i.ble_dfu_evt_handler) refers to ble_advertising.o(i.ble_advertising_modes_config_set) for ble_advertising_modes_config_set
    main.o(i.ble_dfu_evt_handler) refers to ble_conn_state.o(i.ble_conn_state_for_each_connected) for ble_conn_state_for_each_connected
    main.o(i.ble_dfu_evt_handler) refers to nrf_log_frontend.o(i.nrf_log_frontend_std_1) for nrf_log_frontend_std_1
    main.o(i.ble_dfu_evt_handler) refers to nrf_log_frontend.o(log_const_data) for m_nrf_log_app_logs_data_const
    main.o(i.ble_dfu_evt_handler) refers to main.o(.bss) for .bss
    main.o(i.ble_dfu_evt_handler) refers to main.o(i.disconnect) for disconnect
    main.o(i.ble_evt_handler) refers to app_error_handler_keil.o(.emb_text) for app_error_handler
    main.o(i.ble_evt_handler) refers to nrf_log_frontend.o(i.nrf_log_frontend_std_0) for nrf_log_frontend_std_0
    main.o(i.ble_evt_handler) refers to bsp.o(i.bsp_indication_set) for bsp_indication_set
    main.o(i.ble_evt_handler) refers to nrf_ble_qwr.o(i.nrf_ble_qwr_conn_handle_assign) for nrf_ble_qwr_conn_handle_assign
    main.o(i.ble_evt_handler) refers to main.o(.data) for .data
    main.o(i.ble_evt_handler) refers to nrf_log_frontend.o(log_const_data) for m_nrf_log_app_logs_data_const
    main.o(i.ble_evt_handler) refers to main.o(.bss) for .bss
    main.o(i.ble_stack_init) refers to nrf_sdh.o(i.nrf_sdh_enable_request) for nrf_sdh_enable_request
    main.o(i.ble_stack_init) refers to app_error_handler_keil.o(.emb_text) for app_error_handler
    main.o(i.ble_stack_init) refers to nrf_sdh_ble.o(i.nrf_sdh_ble_default_cfg_set) for nrf_sdh_ble_default_cfg_set
    main.o(i.ble_stack_init) refers to nrf_sdh_ble.o(i.nrf_sdh_ble_enable) for nrf_sdh_ble_enable
    main.o(i.ble_stack_init) refers to main.o(i.main) for i.main
    main.o(i.bsp_event_handler) refers to main.o(i.sleep_mode_enter) for sleep_mode_enter
    main.o(i.bsp_event_handler) refers to ble_advertising.o(i.ble_advertising_restart_without_whitelist) for ble_advertising_restart_without_whitelist
    main.o(i.bsp_event_handler) refers to app_error_handler_keil.o(.emb_text) for app_error_handler
    main.o(i.bsp_event_handler) refers to main.o(.data) for .data
    main.o(i.bsp_event_handler) refers to main.o(.bss) for .bss
    main.o(i.conn_params_error_handler) refers to app_error_handler_keil.o(.emb_text) for app_error_handler
    main.o(i.disconnect) refers to nrf_log_frontend.o(i.nrf_log_frontend_std_2) for nrf_log_frontend_std_2
    main.o(i.disconnect) refers to nrf_log_frontend.o(log_const_data) for m_nrf_log_app_logs_data_const
    main.o(i.disconnect) refers to main.o(.conststring) for .conststring
    main.o(i.gap_params_init) refers to app_error_handler_keil.o(.emb_text) for app_error_handler
    main.o(i.gap_params_init) refers to main.o(i.main) for i.main
    main.o(i.gatt_evt_handler) refers to nrf_log_frontend.o(i.nrf_log_frontend_std_2) for nrf_log_frontend_std_2
    main.o(i.gatt_evt_handler) refers to main.o(.data) for .data
    main.o(i.gatt_evt_handler) refers to nrf_log_frontend.o(log_const_data) for m_nrf_log_app_logs_data_const
    main.o(i.gatt_init) refers to nrf_ble_gatt.o(i.nrf_ble_gatt_init) for nrf_ble_gatt_init
    main.o(i.gatt_init) refers to app_error_handler_keil.o(.emb_text) for app_error_handler
    main.o(i.gatt_init) refers to nrf_ble_gatt.o(i.nrf_ble_gatt_att_mtu_periph_set) for nrf_ble_gatt_att_mtu_periph_set
    main.o(i.gatt_init) refers to main.o(i.gatt_evt_handler) for gatt_evt_handler
    main.o(i.gatt_init) refers to main.o(.bss) for .bss
    main.o(i.main) refers to ble_dfu_unbonded.o(i.ble_dfu_buttonless_async_svci_init) for ble_dfu_buttonless_async_svci_init
    main.o(i.main) refers to app_error_handler_keil.o(.emb_text) for app_error_handler
    main.o(i.main) refers to memcpya.o(.text) for __aeabi_memcpy4
[...]
    TIMER0_IRQHandler                        0x0001941d   Thumb Code     0  arm_startup_nrf52810.o(.text)
    TIMER1_IRQHandler                        0x0001941d   Thumb Code     0  arm_startup_nrf52810.o(.text)
    TIMER2_IRQHandler                        0x0001941d   Thumb Code     0  arm_startup_nrf52810.o(.text)
    TWIM0_TWIS0_TWI0_IRQHandler              0x0001941d   Thumb Code     0  arm_startup_nrf52810.o(.text)
    WDT_IRQHandler                           0x0001941d   Thumb Code     0  arm_startup_nrf52810.o(.text)
    __aeabi_uldivmod                         0x00019435   Thumb Code    98  uldiv.o(.text)
    __aeabi_llsl                             0x00019497   Thumb Code    30  llshl.o(.text)
    _ll_shift_l                              0x00019497   Thumb Code     0  llshl.o(.text)
    __rt_ctype_table                         0x000194b5   Thumb Code     4  ctype_o.o(.text)
    __aeabi_memcpy                           0x000194bd   Thumb Code    36  memcpya.o(.text)
    __aeabi_memcpy4                          0x000194bd   Thumb Code     0  memcpya.o(.text)
    __aeabi_memcpy8                          0x000194bd   Thumb Code     0  memcpya.o(.text)
    __aeabi_memset                           0x000194e1   Thumb Code    14  memseta.o(.text)
    __aeabi_memset4                          0x000194e1   Thumb Code     0  memseta.o(.text)
    __aeabi_memset8                          0x000194e1   Thumb Code     0  memseta.o(.text)
    __aeabi_memclr                           0x000194ef   Thumb Code     4  memseta.o(.text)
    __aeabi_memclr4                          0x000194ef   Thumb Code     0  memseta.o(.text)
    __aeabi_memclr8                          0x000194ef   Thumb Code     0  memseta.o(.text)
    _memset$wrapper                          0x000194f3   Thumb Code    18  memseta.o(.text)
    strlen                                   0x00019505   Thumb Code    14  strlen.o(.text)
    strcpy                                   0x00019513   Thumb Code    18  strcpy.o(.text)
    __aeabi_llsr                             0x00019525   Thumb Code    32  llushr.o(.text)
    _ll_ushift_r                             0x00019525   Thumb Code     0  llushr.o(.text)
    __scatterload                            0x00019545   Thumb Code    28  init.o(.text)
    __scatterload_rt2                        0x00019545   Thumb Code     0  init.o(.text)
    __decompress                             0x00019569   Thumb Code     0  __dczerorl2.o(.text)
    __decompress1                            0x00019569   Thumb Code    86  __dczerorl2.o(.text)
    GPIOTE_IRQHandler                        0x000195c1   Thumb Code   154  nrfx_gpiote.o(i.GPIOTE_IRQHandler)
    POWER_CLOCK_IRQHandler                   0x00019665   Thumb Code    82  nrfx_clock.o(i.POWER_CLOCK_IRQHandler)
    RTC1_IRQHandler                          0x000196bd   Thumb Code    12  drv_rtc.o(i.RTC1_IRQHandler)
    SEGGER_RTT_Init                          0x000196cd   Thumb Code     4  segger_rtt.o(i.SEGGER_RTT_Init)
    SEGGER_RTT_WriteNoLock                   0x000196d1   Thumb Code    86  segger_rtt.o(i.SEGGER_RTT_WriteNoLock)
    SWI2_IRQHandler                          0x0001972d   Thumb Code     4  nrf_sdh.o(i.SWI2_IRQHandler)
    SystemInit                               0x00019731   Thumb Code   788  system_nrf52810.o(i.SystemInit)
    UARTE0_UART0_IRQHandler                  0x00019a89   Thumb Code     6  nrfx_prs.o(i.UARTE0_UART0_IRQHandler)
    __0printf$bare                           0x00019bb1   Thumb Code     8  printfb.o(i.__0printf$bare)
    __1printf$bare                           0x00019bb1   Thumb Code     0  printfb.o(i.__0printf$bare)
    __2printf                                0x00019bb1   Thumb Code     0  printfb.o(i.__0printf$bare)
    __scatterload_copy                       0x00019be5   Thumb Code    14  handlers.o(i.__scatterload_copy)
    __scatterload_null                       0x00019bf3   Thumb Code     2  handlers.o(i.__scatterload_null)
    __scatterload_zeroinit                   0x00019bf5   Thumb Code    14  handlers.o(i.__scatterload_zeroinit)
    app_button_enable                        0x00019cfd   Thumb Code    32  app_button.o(i.app_button_enable)
    app_button_init                          0x00019d21   Thumb Code   106  app_button.o(i.app_button_init)
    app_error_fault_handler                  0x00019da1   Thumb Code   162  app_error_weak.o(i.app_error_fault_handler)
    app_error_save_and_stop                  0x00019f05   Thumb Code    96  app_error.o(i.app_error_save_and_stop)
    app_fifo_get                             0x00019f69   Thumb Code    22  app_fifo.o(i.app_fifo_get)
    app_fifo_init                            0x00019f7f   Thumb Code    32  app_fifo.o(i.app_fifo_init)
    app_fifo_put                             0x00019f9f   Thumb Code    26  app_fifo.o(i.app_fifo_put)
    app_timer_cnt_get                        0x00019fb9   Thumb Code     6  app_timer2.o(i.app_timer_cnt_get)
    app_timer_create                         0x00019fc5   Thumb Code    22  app_timer2.o(i.app_timer_create)
    app_timer_init                           0x00019fdd   Thumb Code    70  app_timer2.o(i.app_timer_init)
    app_timer_start                          0x0001a039   Thumb Code    48  app_timer2.o(i.app_timer_start)
    app_timer_stop                           0x0001a069   Thumb Code    12  app_timer2.o(i.app_timer_stop)
    app_uart_get                             0x0001a075   Thumb Code    46  app_uart_fifo.o(i.app_uart_get)
    app_uart_init                            0x0001a0e9   Thumb Code   148  app_uart_fifo.o(i.app_uart_init)
    app_uart_put                             0x0001a18d   Thumb Code    70  app_uart_fifo.o(i.app_uart_put)
    app_util_critical_region_enter           0x0001a1e1   Thumb Code    64  app_util_platform.o(i.app_util_critical_region_enter)
    app_util_critical_region_exit            0x0001a229   Thumb Code    46  app_util_platform.o(i.app_util_critical_region_exit)
    blcm_link_ctx_get                        0x0001a36d   Thumb Code    72  ble_link_ctx_manager.o(i.blcm_link_ctx_get)
    ble_advdata_encode                       0x0001a3b5   Thumb Code   386  ble_advdata.o(i.ble_advdata_encode)
    ble_advdata_parse                        0x0001a537   Thumb Code    32  ble_advdata.o(i.ble_advdata_parse)
    ble_advdata_search                       0x0001a557   Thumb Code    70  ble_advdata.o(i.ble_advdata_search)
    ble_advertising_conn_cfg_tag_set         0x0001a59d   Thumb Code     6  ble_advertising.o(i.ble_advertising_conn_cfg_tag_set)
    ble_advertising_init                     0x0001a5a3   Thumb Code   248  ble_advertising.o(i.ble_advertising_init)
    ble_advertising_modes_config_set         0x0001a69b   Thumb Code     8  ble_advertising.o(i.ble_advertising_modes_config_set)
    ble_advertising_on_ble_evt               0x0001a6a3   Thumb Code   106  ble_advertising.o(i.ble_advertising_on_ble_evt)
    ble_advertising_restart_without_whitelist 0x0001a70d   Thumb Code    58  ble_advertising.o(i.ble_advertising_restart_without_whitelist)
    ble_advertising_start                    0x0001a747   Thumb Code   514  ble_advertising.o(i.ble_advertising_start)
    ble_conn_params_init                     0x0001a949   Thumb Code    90  ble_conn_params.o(i.ble_conn_params_init)
    ble_conn_state_conn_idx                  0x0001a9b1   Thumb Code    18  ble_conn_state.o(i.ble_conn_state_conn_idx)
    ble_conn_state_for_each_connected        0x0001a9c5   Thumb Code    14  ble_conn_state.o(i.ble_conn_state_for_each_connected)
    ble_conn_state_valid                     0x0001a9d9   Thumb Code    16  ble_conn_state.o(i.ble_conn_state_valid)
    ble_dfu_buttonless_async_svci_init       0x0001aa4d   Thumb Code    32  ble_dfu_unbonded.o(i.ble_dfu_buttonless_async_svci_init)
    ble_dfu_buttonless_backend_init          0x0001aa71   Thumb Code    14  ble_dfu_unbonded.o(i.ble_dfu_buttonless_backend_init)
    ble_dfu_buttonless_bootloader_start_finalize 0x0001aa85   Thumb Code    40  ble_dfu.o(i.ble_dfu_buttonless_bootloader_start_finalize)
    ble_dfu_buttonless_bootloader_start_prepare 0x0001aab1   Thumb Code    20  ble_dfu_unbonded.o(i.ble_dfu_buttonless_bootloader_start_prepare)
    ble_dfu_buttonless_char_add              0x0001aac9   Thumb Code    80  ble_dfu_unbonded.o(i.ble_dfu_buttonless_char_add)
    ble_dfu_buttonless_init                  0x0001ab19   Thumb Code    98  ble_dfu.o(i.ble_dfu_buttonless_init)
    ble_dfu_buttonless_on_ble_evt            0x0001ab89   Thumb Code   124  ble_dfu.o(i.ble_dfu_buttonless_on_ble_evt)
    ble_dfu_buttonless_on_ctrl_pt_write      0x0001ac09   Thumb Code   200  ble_dfu_unbonded.o(i.ble_dfu_buttonless_on_ctrl_pt_write)
    ble_dfu_buttonless_on_sys_evt            0x0001ace5   Thumb Code    88  ble_dfu_unbonded.o(i.ble_dfu_buttonless_on_sys_evt)
    ble_dfu_buttonless_resp_send             0x0001ad45   Thumb Code    78  ble_dfu.o(i.ble_dfu_buttonless_resp_send)
    ble_nus_data_send                        0x0001b311   Thumb Code   102  ble_nus.o(i.ble_nus_data_send)
    ble_nus_init                             0x0001b379   Thumb Code   206  ble_nus.o(i.ble_nus_init)
    ble_nus_on_ble_evt                       0x0001b44d   Thumb Code   120  ble_nus.o(i.ble_nus_on_ble_evt)
    ble_srv_is_indication_enabled            0x0001b4c5   Thumb Code     8  ble_srv_common.o(i.ble_srv_is_indication_enabled)
    ble_srv_is_notification_enabled          0x0001b4cd   Thumb Code     8  ble_srv_common.o(i.ble_srv_is_notification_enabled)
    bsp_board_button_idx_to_pin              0x0001b519   Thumb Code     6  boards.o(i.bsp_board_button_idx_to_pin)
    bsp_board_button_state_get               0x0001b525   Thumb Code    28  boards.o(i.bsp_board_button_state_get)
    bsp_board_init                           0x0001b545   Thumb Code    80  boards.o(i.bsp_board_init)
    bsp_board_led_invert                     0x0001b599   Thumb Code    32  boards.o(i.bsp_board_led_invert)
    bsp_board_led_off                        0x0001b5bd   Thumb Code    10  boards.o(i.bsp_board_led_off)
    bsp_board_led_on                         0x0001b5cd   Thumb Code    10  boards.o(i.bsp_board_led_on)
    bsp_board_led_state_get                  0x0001b5dd   Thumb Code    28  boards.o(i.bsp_board_led_state_get)
    bsp_board_leds_off                       0x0001b5fd   Thumb Code    18  boards.o(i.bsp_board_leds_off)
    bsp_board_leds_on                        0x0001b60f   Thumb Code    18  boards.o(i.bsp_board_leds_on)
    bsp_board_pin_to_button_idx              0x0001b621   Thumb Code    30  boards.o(i.bsp_board_pin_to_button_idx)
    bsp_btn_ble_init                         0x0001b645   Thumb Code    52  bsp_btn_ble.o(i.bsp_btn_ble_init)
    bsp_btn_ble_sleep_mode_prepare           0x0001b67d   Thumb Code    30  bsp_btn_ble.o(i.bsp_btn_ble_sleep_mode_prepare)
    bsp_button_is_pressed                    0x0001b72d   Thumb Code    12  bsp.o(i.bsp_button_is_pressed)
    bsp_event_handler                        0x0001b739   Thumb Code    86  main.o(i.bsp_event_handler)
    bsp_event_to_button_action_assign        0x0001b7a9   Thumb Code    64  bsp.o(i.bsp_event_to_button_action_assign)
    bsp_indication_set                       0x0001b7ed   Thumb Code    20  bsp.o(i.bsp_indication_set)
    bsp_init                                 0x0001b805   Thumb Code   128  bsp.o(i.bsp_init)
    bsp_wakeup_button_enable                 0x0001ba61   Thumb Code     6  bsp.o(i.bsp_wakeup_button_enable)
    buffer_is_empty                          0x0001bb2d   Thumb Code    18  nrf_log_frontend.o(i.buffer_is_empty)
    characteristic_add                       0x0001bbe9   Thumb Code   400  ble_srv_common.o(i.characteristic_add)
    conn_handle_list_get                     0x0001bdd5   Thumb Code    62  ble_conn_state.o(i.conn_handle_list_get)
    drv_rtc_compare_disable                  0x0001bf91   Thumb Code    20  drv_rtc.o(i.drv_rtc_compare_disable)
    drv_rtc_compare_pending                  0x0001bfa5   Thumb Code    14  drv_rtc.o(i.drv_rtc_compare_pending)
    drv_rtc_compare_set                      0x0001bfb3   Thumb Code    80  drv_rtc.o(i.drv_rtc_compare_set)
    drv_rtc_counter_get                      0x0001c003   Thumb Code     8  drv_rtc.o(i.drv_rtc_counter_get)
    drv_rtc_init                             0x0001c00d   Thumb Code   148  drv_rtc.o(i.drv_rtc_init)
    drv_rtc_irq_trigger                      0x0001c0e5   Thumb Code    30  drv_rtc.o(i.drv_rtc_irq_trigger)
    drv_rtc_overflow_enable                  0x0001c103   Thumb Code     8  drv_rtc.o(i.drv_rtc_overflow_enable)
    drv_rtc_overflow_pending                 0x0001c10b   Thumb Code     8  drv_rtc.o(i.drv_rtc_overflow_pending)
    drv_rtc_start                            0x0001c113   Thumb Code     8  drv_rtc.o(i.drv_rtc_start)
    drv_rtc_stop                             0x0001c11b   Thumb Code     8  drv_rtc.o(i.drv_rtc_stop)
    drv_rtc_windowed_compare_set             0x0001c123   Thumb Code   222  drv_rtc.o(i.drv_rtc_windowed_compare_set)
    evt_handle                               0x0001c215   Thumb Code   216  app_button.o(i.evt_handle)
    fputc                                    0x0001c391   Thumb Code    14  retarget.o(i.fputc)
    gatt_evt_handler                         0x0001c409   Thumb Code    52  main.o(i.gatt_evt_handler)
    gatt_init                                0x0001c465   Thumb Code    50  main.o(i.gatt_init)
    main                                     0x0001c7d5   Thumb Code   306  main.o(i.main)
    nrf_atfifo_init                          0x0001cb4b   Thumb Code    38  nrf_atfifo.o(i.nrf_atfifo_init)
    nrf_atfifo_item_alloc                    0x0001cb71   Thumb Code    22  nrf_atfifo.o(i.nrf_atfifo_item_alloc)
    nrf_atfifo_item_free                     0x0001cb87   Thumb Code    22  nrf_atfifo.o(i.nrf_atfifo_item_free)
    nrf_atfifo_item_get                      0x0001cb9d   Thumb Code    22  nrf_atfifo.o(i.nrf_atfifo_item_get)
    nrf_atfifo_item_put                      0x0001cbb3   Thumb Code    22  nrf_atfifo.o(i.nrf_atfifo_item_put)
    nrf_atflags_clear                        0x0001cbc9   Thumb Code    22  nrf_atflags.o(i.nrf_atflags_clear)
    nrf_atflags_get                          0x0001cbdf   Thumb Code    22  nrf_atflags.o(i.nrf_atflags_get)
    nrf_atflags_set                          0x0001cbf5   Thumb Code    20  nrf_atflags.o(i.nrf_atflags_set)
    nrf_atomic_flag_clear_fetch              0x0001cc09   Thumb Code     6  nrf_atomic.o(i.nrf_atomic_flag_clear_fetch)
    nrf_atomic_flag_set                      0x0001cc0f   Thumb Code     6  nrf_atomic.o(i.nrf_atomic_flag_set)
    nrf_atomic_u32_add                       0x0001cc15   Thumb Code    12  nrf_atomic.o(i.nrf_atomic_u32_add)
    nrf_atomic_u32_and                       0x0001cc21   Thumb Code    12  nrf_atomic.o(i.nrf_atomic_u32_and)
    nrf_atomic_u32_fetch_and                 0x0001cc2d   Thumb Code    10  nrf_atomic.o(i.nrf_atomic_u32_fetch_and)
    nrf_atomic_u32_fetch_store               0x0001cc37   Thumb Code    10  nrf_atomic.o(i.nrf_atomic_u32_fetch_store)
    nrf_atomic_u32_or                        0x0001cc41   Thumb Code    12  nrf_atomic.o(i.nrf_atomic_u32_or)
    nrf_atomic_u32_sub                       0x0001cc4d   Thumb Code    12  nrf_atomic.o(i.nrf_atomic_u32_sub)
    nrf_balloc_alloc                         0x0001cc59   Thumb Code    68  nrf_balloc.o(i.nrf_balloc_alloc)
    nrf_balloc_free                          0x0001cc9d   Thumb Code    48  nrf_balloc.o(i.nrf_balloc_free)
    nrf_balloc_init                          0x0001cccd   Thumb Code    48  nrf_balloc.o(i.nrf_balloc_init)
    nrf_ble_gatt_att_mtu_periph_set          0x0001cd0d   Thumb Code    24  nrf_ble_gatt.o(i.nrf_ble_gatt_att_mtu_periph_set)
    nrf_ble_gatt_init                        0x0001cd25   Thumb Code    34  nrf_ble_gatt.o(i.nrf_ble_gatt_init)
    nrf_ble_gatt_on_ble_evt                  0x0001cd49   Thumb Code   180  nrf_ble_gatt.o(i.nrf_ble_gatt_on_ble_evt)
    nrf_ble_qwr_conn_handle_assign           0x0001ce3d   Thumb Code    22  nrf_ble_qwr.o(i.nrf_ble_qwr_conn_handle_assign)
    nrf_ble_qwr_init                         0x0001ce53   Thumb Code    36  nrf_ble_qwr.o(i.nrf_ble_qwr_init)
    nrf_ble_qwr_on_ble_evt                   0x0001ce77   Thumb Code   182  nrf_ble_qwr.o(i.nrf_ble_qwr_on_ble_evt)
    nrf_dfu_svci_vector_table_set            0x0001cf4d   Thumb Code    92  nrf_dfu_svci.o(i.nrf_dfu_svci_vector_table_set)
    nrf_dfu_svci_vector_table_unset          0x0001d029   Thumb Code    52  nrf_dfu_svci.o(i.nrf_dfu_svci_vector_table_unset)
    nrf_drv_clock_init                       0x0001d0c9   Thumb Code    56  nrf_drv_clock.o(i.nrf_drv_clock_init)
    nrf_drv_clock_lfclk_release              0x0001d109   Thumb Code    48  nrf_drv_clock.o(i.nrf_drv_clock_lfclk_release)
    nrf_drv_uart_init                        0x0001d13d   Thumb Code    90  nrf_drv_uart.o(i.nrf_drv_uart_init)
    nrf_fprintf                              0x0001d1e5   Thumb Code    26  nrf_fprintf.o(i.nrf_fprintf)
    nrf_fprintf_buffer_flush                 0x0001d1ff   Thumb Code    24  nrf_fprintf.o(i.nrf_fprintf_buffer_flush)
    nrf_fprintf_fmt                          0x0001d217   Thumb Code   474  nrf_fprintf_format.o(i.nrf_fprintf_fmt)
    nrf_log_backend_add                      0x0001d575   Thumb Code    86  nrf_log_frontend.o(i.nrf_log_backend_add)
    nrf_log_backend_rtt_init                 0x0001d5d3   Thumb Code     4  nrf_log_backend_rtt.o(i.nrf_log_backend_rtt_init)
    nrf_log_backend_serial_put               0x0001d5f1   Thumb Code   194  nrf_log_backend_serial.o(i.nrf_log_backend_serial_put)
    nrf_log_color_id_get                     0x0001d6b5   Thumb Code    42  nrf_log_frontend.o(i.nrf_log_color_id_get)
    nrf_log_default_backends_init            0x0001d6e5   Thumb Code    24  nrf_log_default_backends.o(i.nrf_log_default_backends_init)
    nrf_log_frontend_dequeue                 0x0001d701   Thumb Code   524  nrf_log_frontend.o(i.nrf_log_frontend_dequeue)
    nrf_log_frontend_std_0                   0x0001d935   Thumb Code     8  nrf_log_frontend.o(i.nrf_log_frontend_std_0)
    nrf_log_frontend_std_1                   0x0001d93d   Thumb Code    14  nrf_log_frontend.o(i.nrf_log_frontend_std_1)
    nrf_log_frontend_std_2                   0x0001d94b   Thumb Code    16  nrf_log_frontend.o(i.nrf_log_frontend_std_2)
    nrf_log_frontend_std_5                   0x0001d95b   Thumb Code    28  nrf_log_frontend.o(i.nrf_log_frontend_std_5)
    nrf_log_hexdump_entry_process            0x0001d979   Thumb Code   150  nrf_log_str_formatter.o(i.nrf_log_hexdump_entry_process)
    nrf_log_init                             0x0001da29   Thumb Code    28  nrf_log_frontend.o(i.nrf_log_init)
    nrf_log_module_cnt_get                   0x0001da51   Thumb Code    10  nrf_log_frontend.o(i.nrf_log_module_cnt_get)
    nrf_log_module_name_get                  0x0001da65   Thumb Code    24  nrf_log_frontend.o(i.nrf_log_module_name_get)
    nrf_log_panic                            0x0001da81   Thumb Code    36  nrf_log_frontend.o(i.nrf_log_panic)
    nrf_log_std_entry_process                0x0001daa9   Thumb Code   182  nrf_log_str_formatter.o(i.nrf_log_std_entry_process)
    nrf_memobj_alloc                         0x0001db5f   Thumb Code    96  nrf_memobj.o(i.nrf_memobj_alloc)
    nrf_memobj_free                          0x0001dbbf   Thumb Code    50  nrf_memobj.o(i.nrf_memobj_free)
    nrf_memobj_get                           0x0001dbf1   Thumb Code     8  nrf_memobj.o(i.nrf_memobj_get)
    nrf_memobj_pool_init                     0x0001dbf9   Thumb Code     4  nrf_memobj.o(i.nrf_memobj_pool_init)
    nrf_memobj_put                           0x0001dbfd   Thumb Code    30  nrf_memobj.o(i.nrf_memobj_put)
    nrf_memobj_read                          0x0001dc1b   Thumb Code    16  nrf_memobj.o(i.nrf_memobj_read)
    nrf_memobj_write                         0x0001dc2b   Thumb Code    16  nrf_memobj.o(i.nrf_memobj_write)
    nrf_pwr_mgmt_init                        0x0001dc3d   Thumb Code    28  nrf_pwr_mgmt.o(i.nrf_pwr_mgmt_init)
    nrf_pwr_mgmt_run                         0x0001dc65   Thumb Code    20  nrf_pwr_mgmt.o(i.nrf_pwr_mgmt_run)
    nrf_pwr_mgmt_shutdown                    0x0001dc79   Thumb Code    54  nrf_pwr_mgmt.o(i.nrf_pwr_mgmt_shutdown)
    nrf_ringbuf_init                         0x0001dccd   Thumb Code    28  nrf_ringbuf.o(i.nrf_ringbuf_init)
    nrf_sdh_ble_app_ram_start_get            0x0001dcf5   Thumb Code    16  nrf_sdh_ble.o(i.nrf_sdh_ble_app_ram_start_get)
    nrf_sdh_ble_default_cfg_set              0x0001dd09   Thumb Code   266  nrf_sdh_ble.o(i.nrf_sdh_ble_default_cfg_set)
    nrf_sdh_ble_enable                       0x0001de35   Thumb Code   116  nrf_sdh_ble.o(i.nrf_sdh_ble_enable)
    nrf_sdh_enable_request                   0x0001e00d   Thumb Code   102  nrf_sdh.o(i.nrf_sdh_enable_request)
    nrf_sdh_evts_poll                        0x0001e081   Thumb Code    32  nrf_sdh.o(i.nrf_sdh_evts_poll)
    nrf_sdh_is_enabled                       0x0001e0a5   Thumb Code     6  nrf_sdh.o(i.nrf_sdh_is_enabled)
    nrf_section_iter_init                    0x0001e131   Thumb Code    10  nrf_section_iter.o(i.nrf_section_iter_init)
    nrf_section_iter_next                    0x0001e15f   Thumb Code    32  nrf_section_iter.o(i.nrf_section_iter_next)
    nrf_sortlist_add                         0x0001e17f   Thumb Code    34  nrf_sortlist.o(i.nrf_sortlist_add)
    nrf_sortlist_peek                        0x0001e1a1   Thumb Code     6  nrf_sortlist.o(i.nrf_sortlist_peek)
    nrf_sortlist_pop                         0x0001e1a7   Thumb Code    14  nrf_sortlist.o(i.nrf_sortlist_pop)
    nrf_sortlist_remove                      0x0001e1b5   Thumb Code    30  nrf_sortlist.o(i.nrf_sortlist_remove)
    nrf_strerror_find                        0x0001e1d5   Thumb Code    52  nrf_strerror.o(i.nrf_strerror_find)
    nrf_strerror_get                         0x0001e20d   Thumb Code    14  nrf_strerror.o(i.nrf_strerror_get)
    nrfx_clock_enable                        0x0001e269   Thumb Code    34  nrfx_clock.o(i.nrfx_clock_enable)
    nrfx_clock_init                          0x0001e295   Thumb Code    26  nrfx_clock.o(i.nrfx_clock_init)
    nrfx_clock_lfclk_stop                    0x0001e2b5   Thumb Code    38  nrfx_clock.o(i.nrfx_clock_lfclk_stop)
    nrfx_gpiote_in_event_enable              0x0001e2f5   Thumb Code   152  nrfx_gpiote.o(i.nrfx_gpiote_in_event_enable)
    nrfx_gpiote_in_init                      0x0001e395   Thumb Code   190  nrfx_gpiote.o(i.nrfx_gpiote_in_init)
    nrfx_gpiote_in_is_set                    0x0001e461   Thumb Code    20  nrfx_gpiote.o(i.nrfx_gpiote_in_is_set)
    nrfx_gpiote_init                         0x0001e475   Thumb Code   102  nrfx_gpiote.o(i.nrfx_gpiote_init)
    nrfx_gpiote_is_init                      0x0001e4e9   Thumb Code    14  nrfx_gpiote.o(i.nrfx_gpiote_is_init)
    nrfx_prs_acquire                         0x0001e50d   Thumb Code    58  nrfx_prs.o(i.nrfx_prs_acquire)
    nrfx_uart_0_irq_handler                  0x0001e549   Thumb Code     8  nrfx_uart.o(i.nrfx_uart_0_irq_handler)
    nrfx_uart_init                           0x0001e559   Thumb Code   200  nrfx_uart.o(i.nrfx_uart_init)
    nrfx_uart_rx                             0x0001e62d   Thumb Code   230  nrfx_uart.o(i.nrfx_uart_rx)
    nrfx_uart_tx                             0x0001e719   Thumb Code   162  nrfx_uart.o(i.nrfx_uart_tx)
    nrfx_uart_tx_in_progress                 0x0001e7c1   Thumb Code    26  nrfx_uart.o(i.nrfx_uart_tx_in_progress)
    nrfx_uarte_0_irq_handler                 0x0001e7e1   Thumb Code     8  nrfx_uarte.o(i.nrfx_uarte_0_irq_handler)
    nrfx_uarte_init                          0x0001e7f1   Thumb Code   100  nrfx_uarte.o(i.nrfx_uarte_init)
    nrfx_uarte_rx                            0x0001e85d   Thumb Code   256  nrfx_uarte.o(i.nrfx_uarte_rx)
    nrfx_uarte_tx                            0x0001e961   Thumb Code   166  nrfx_uarte.o(i.nrfx_uarte_tx)
    nrfx_uarte_tx_in_progress                0x0001ea0d   Thumb Code    22  nrfx_uarte.o(i.nrfx_uarte_tx_in_progress)
    uart_event_handle                        0x0001f78d   Thumb Code   134  main.o(i.uart_event_handle)
    nrf_log_backend_rtt_api                  0x00020028   Data          12  nrf_log_backend_rtt.o(.constdata)
    m_ram_start                              0x000200cc   Data           4  nrf_sdh_ble.o(.constdata)
    __ctype_table                            0x00020110   Data         129  ctype_o.o(.constdata)
    Region$$Table$$Base                      0x00020978   Number         0  anon$$obj.o(Region$$Table)
    Region$$Table$$Limit                     0x00020998   Number         0  anon$$obj.o(Region$$Table)
    log_const_data$$Base                     0x000209a8   Number         0  nrf_ble_gatt.o(log_const_data)
    m_nrf_log_nrf_ble_gatt_logs_data_const   0x000209a8   Data           8  nrf_ble_gatt.o(log_const_data)
    m_nrf_log_ble_nus_logs_data_const        0x000209b0   Data           8  ble_nus.o(log_const_data)
    m_nrf_log_clock_logs_data_const          0x000209b8   Data           8  nrf_drv_clock.o(log_const_data)
    m_nrf_log_CLOCK_logs_data_const          0x000209c0   Data           8  nrfx_clock.o(log_const_data)
    m_nrf_log_GPIOTE_logs_data_const         0x000209c8   Data           8  nrfx_gpiote.o(log_const_data)
    m_nrf_log_PRS_logs_data_const            0x000209d0   Data           8  nrfx_prs.o(log_const_data)
    m_nrf_log_UART_logs_data_const           0x000209d8   Data           8  nrfx_uart.o(log_const_data)
    m_nrf_log_UARTE_logs_data_const          0x000209e0   Data           8  nrfx_uarte.o(log_const_data)
    m_nrf_log_app_button_logs_data_const     0x000209e8   Data           8  app_button.o(log_const_data)
    m_nrf_log_app_timer_logs_data_const      0x000209f0   Data           8  app_timer2.o(log_const_data)
    m_nrf_log_pwr_mgmt_logs_data_const       0x000209f8   Data           8  nrf_pwr_mgmt.o(log_const_data)
    m_nrf_log_sortlist_logs_data_const       0x00020a00   Data           8  nrf_sortlist.o(log_const_data)
    m_nrf_log_app_logs_data_const            0x00020a08   Data           8  nrf_log_frontend.o(log_const_data)
    m_nrf_log_nrf_sdh_logs_data_const        0x00020a10   Data           8  nrf_sdh.o(log_const_data)
    m_nrf_log_nrf_sdh_ble_logs_data_const    0x00020a18   Data           8  nrf_sdh_ble.o(log_const_data)
    m_nrf_log_nrf_sdh_soc_logs_data_const    0x00020a20   Data           8  nrf_sdh_soc.o(log_const_data)
    log_const_data$$Limit                    0x00020a28   Number         0  nrf_sdh_soc.o(log_const_data)
    log_mempool                              0x00020a28   Data          20  nrf_log_frontend.o(nrf_balloc)
    sdh_ble_observers0$$Base                 0x00020a3c   Number         0  ble_conn_state.o(sdh_ble_observers0)
    sdh_ble_observers0$$Limit                0x00020a44   Number         0  ble_conn_state.o(sdh_ble_observers0)
    sdh_ble_observers1$$Base                 0x00020a44   Number         0  main.o(sdh_ble_observers1)
    sdh_ble_observers1$$Limit                0x00020a64   Number         0  ble_conn_params.o(sdh_ble_observers1)
    sdh_ble_observers2$$Base                 0x00020a64   Number         0  main.o(sdh_ble_observers2)
    sdh_ble_observers2$$Limit                0x00020a7c   Number         0  ble_dfu.o(sdh_ble_observers2)
    sdh_ble_observers3$$Base                 0x00020a7c   Number         0  main.o(sdh_ble_observers3)
    sdh_ble_observers3$$Limit                0x00020a84   Number         0  main.o(sdh_ble_observers3)
    sdh_soc_observers0$$Base                 0x00020a84   Number         0  nrf_drv_clock.o(sdh_soc_observers0)
    sdh_soc_observers0$$Limit                0x00020a8c   Number         0  nrf_drv_clock.o(sdh_soc_observers0)
    sdh_soc_observers1$$Base                 0x00020a8c   Number         0  ble_dfu_unbonded.o(sdh_soc_observers1)
    sdh_soc_observers1$$Limit                0x00020a94   Number         0  ble_dfu_unbonded.o(sdh_soc_observers1)
    sdh_stack_observers0$$Base               0x00020a94   Number         0  nrf_sdh_ble.o(sdh_stack_observers0)
    sdh_stack_observers0$$Limit              0x00020aa4   Number         0  nrf_sdh_soc.o(sdh_stack_observers0)
    sdh_state_observers0$$Base               0x00020aa4   Number         0  nrf_drv_clock.o(sdh_state_observers0)
    sdh_state_observers0$$Limit              0x00020aac   Number         0  nrf_drv_clock.o(sdh_state_observers0)
    Image$$RW_IRAM1$$Base                    0x20002398   Number         0  anon$$obj.o ABSOLUTE
    nrf_drv_uart_use_easy_dma                0x200023ec   Data           1  nrf_drv_uart.o(.data)
    __stdout                                 0x20002474   Data           4  retarget.o(.data)
    mp_dfu                                   0x200024dc   Data           4  ble_dfu_unbonded.o(.data)
    SystemCoreClock                          0x200024e0   Data           4  system_nrf52810.o(.data)
    nrf_nvic_state                           0x20002bc8   Data          12  app_util_platform.o(.bss)
    _SEGGER_RTT                              0x20003198   Data         120  segger_rtt.o(.bss)
    __initial_sp                             0x20003c68   Data           0  arm_startup_nrf52810.o(STACK)



==============================================================================

Memory Map of the image

  Image Entry point : 0x00019201

  Load Region LR_IROM1 (Base: 0x00019000, Size: 0x00007bf8, Max: 0x00017000, ABSOLUTE, COMPRESSED[0x00007b08])

    Execution Region ER_IROM1 (Exec base: 0x00019000, Load base: 0x00019000, Size: 0x00007aac, Max: 0x00017000, ABSOLUTE)

    Exec Addr    Load Addr    Size         Type   Attr      Idx    E Section Name        Object

    0x00019000   0x00019000   0x00000200   Data   RO         5333    RESET               arm_startup_nrf52810.o
    0x00019200   0x00019200   0x00000000   Code   RO         5394  * .ARM.Collect$$$$00000000  mc_w.l(entry.o)
    0x00019200   0x00019200   0x00000004   Code   RO         5701    .ARM.Collect$$$$00000001  mc_w.l(entry2.o)
    0x00019204   0x00019204   0x00000004   Code   RO         5704    .ARM.Collect$$$$00000004  mc_w.l(entry5.o)
    0x00019208   0x00019208   0x00000000   Code   RO         5706    .ARM.Collect$$$$00000008  mc_w.l(entry7b.o)
    0x00019208   0x00019208   0x00000000   Code   RO         5708    .ARM.Collect$$$$0000000A  mc_w.l(entry8b.o)
    0x00019208   0x00019208   0x00000008   Code   RO         5709    .ARM.Collect$$$$0000000B  mc_w.l(entry9a.o)
    0x00019210   0x00019210   0x00000004   Code   RO         5716    .ARM.Collect$$$$0000000E  mc_w.l(entry12b.o)
    0x00019214   0x00019214   0x00000000   Code   RO         5711    .ARM.Collect$$$$0000000F  mc_w.l(entry10a.o)
    0x00019214   0x00019214   0x00000000   Code   RO         5713    .ARM.Collect$$$$00000011  mc_w.l(entry11a.o)
    0x00019214   0x00019214   0x00000004   Code   RO         5702    .ARM.Collect$$$$00002712  mc_w.l(entry2.o)
    0x00019218   0x00019218   0x0000001a   Code   RO         2814    .emb_text           app_error_handler_keil.o
    0x00019232   0x00019232   0x00000002   PAD
    0x00019234   0x00019234   0x000000c8   Code   RO         3500    .emb_text           nrf_atfifo.o
    0x000192fc   0x000192fc   0x000000e2   Code   RO         3636    .emb_text           nrf_atomic.o
    0x000193de   0x000193de   0x00000002   PAD
    0x000193e0   0x000193e0   0x00000054   Code   RO         5334    .text               arm_startup_nrf52810.o
    0x00019434   0x00019434   0x00000062   Code   RO         5397    .text               mc_w.l(uldiv.o)
    0x00019496   0x00019496   0x0000001e   Code   RO         5399    .text               mc_w.l(llshl.o)
    0x000194b4   0x000194b4   0x00000008   Code   RO         5401    .text               mc_w.l(ctype_o.o)
    0x000194bc   0x000194bc   0x00000024   Code   RO         5429    .text               mc_w.l(memcpya.o)
    0x000194e0   0x000194e0   0x00000024   Code   RO         5431    .text               mc_w.l(memseta.o)
    0x00019504   0x00019504   0x0000000e   Code   RO         5433    .text               mc_w.l(strlen.o)
    0x00019512   0x00019512   0x00000012   Code   RO         5437    .text               mc_w.l(strcpy.o)
    0x00019524   0x00019524   0x00000020   Code   RO         5719    .text               mc_w.l(llushr.o)
    0x00019544   0x00019544   0x00000024   Code   RO         5732    .text               mc_w.l(init.o)
    0x00019568   0x00019568   0x00000056   Code   RO         5746    .text               mc_w.l(__dczerorl2.o)
    0x000195be   0x000195be   0x00000002   PAD
    0x000195c0   0x000195c0   0x000000a4   Code   RO         1970    i.GPIOTE_IRQHandler  nrfx_gpiote.o
    0x00019664   0x00019664   0x00000058   Code   RO         1831    i.POWER_CLOCK_IRQHandler  nrfx_clock.o
    0x000196bc   0x000196bc   0x00000010   Code   RO         3286    i.RTC1_IRQHandler   drv_rtc.o
    0x000196cc   0x000196cc   0x00000004   Code   RO         4646    i.SEGGER_RTT_Init   segger_rtt.o
    0x000196d0   0x000196d0   0x0000005c   Code   RO         4660    i.SEGGER_RTT_WriteNoLock  segger_rtt.o
    0x0001972c   0x0001972c   0x00000004   Code   RO         4897    i.SWI2_IRQHandler   nrf_sdh.o
    0x00019730   0x00019730   0x00000358   Code   RO         5342    i.SystemInit        system_nrf52810.o
    0x00019a88   0x00019a88   0x0000000c   Code   RO         2275    i.UARTE0_UART0_IRQHandler  nrfx_prs.o
    0x00019a94   0x00019a94   0x00000068   Code   RO         4664    i._DoInit           segger_rtt.o
    0x00019afc   0x00019afc   0x00000016   Code   RO         4665    i._GetAvailWriteSpace  segger_rtt.o
    0x00019b12   0x00019b12   0x0000005a   Code   RO         4667    i._WriteBlocking    segger_rtt.o
    0x00019b6c   0x00019b6c   0x00000042   Code   RO         4668    i._WriteNoCheck     segger_rtt.o
    0x00019bae   0x00019bae   0x00000002   PAD
    0x00019bb0   0x00019bb0   0x00000010   Code   RO         5442    i.__0printf$bare    mc_w.l(printfb.o)
    0x00019bc0   0x00019bc0   0x00000024   Code   RO         5343    i.__NVIC_SystemReset  system_nrf52810.o
    0x00019be4   0x00019be4   0x0000000e   Code   RO         5740    i.__scatterload_copy  mc_w.l(handlers.o)
    0x00019bf2   0x00019bf2   0x00000002   Code   RO         5741    i.__scatterload_null  mc_w.l(handlers.o)
    0x00019bf4   0x00019bf4   0x0000000e   Code   RO         5742    i.__scatterload_zeroinit  mc_w.l(handlers.o)
    0x00019c02   0x00019c02   0x00000002   PAD
    0x00019c04   0x00019c04   0x00000024   Code   RO         4898    i.__sd_nvic_app_accessible_irq  nrf_sdh.o
    0x00019c28   0x00019c28   0x00000022   Code   RO         5449    i._printf_core      mc_w.l(printfb.o)
    0x00019c4a   0x00019c4a   0x00000008   Code   RO          884    i.adv_set_data_size_max_get  ble_advertising.o
    0x00019c52   0x00019c52   0x00000036   Code   RO          674    i.advertising_buttons_configure  bsp_btn_ble.o
    0x00019c88   0x00019c88   0x0000006c   Code   RO            4    i.advertising_init  main.o
    0x00019cf4   0x00019cf4   0x00000006   Code   RO          557    i.alert_timer_handler  bsp.o
    0x00019cfa   0x00019cfa   0x00000002   PAD
    0x00019cfc   0x00019cfc   0x00000024   Code   RO         2678    i.app_button_enable  app_button.o
    0x00019d20   0x00019d20   0x00000080   Code   RO         2679    i.app_button_init   app_button.o
    0x00019da0   0x00019da0   0x00000164   Code   RO         2836    i.app_error_fault_handler  app_error_weak.o
    0x00019f04   0x00019f04   0x00000064   Code   RO         2777    i.app_error_save_and_stop  app_error.o
    0x00019f68   0x00019f68   0x00000016   Code   RO         2876    i.app_fifo_get      app_fifo.o
    0x00019f7e   0x00019f7e   0x00000020   Code   RO         2877    i.app_fifo_init     app_fifo.o
    0x00019f9e   0x00019f9e   0x0000001a   Code   RO         2879    i.app_fifo_put      app_fifo.o
    0x00019fb8   0x00019fb8   0x0000000c   Code   RO         3000    i.app_timer_cnt_get  app_timer2.o
    0x00019fc4   0x00019fc4   0x00000016   Code   RO         3001    i.app_timer_create  app_timer2.o
    0x00019fda   0x00019fda   0x00000002   PAD
    0x00019fdc   0x00019fdc   0x0000005c   Code   RO         3002    i.app_timer_init    app_timer2.o
    0x0001a038   0x0001a038   0x00000030   Code   RO         3005    i.app_timer_start   app_timer2.o
    0x0001a068   0x0001a068   0x0000000c   Code   RO         3006    i.app_timer_stop    app_timer2.o
    0x0001a074   0x0001a074   0x00000074   Code   RO         3143    i.app_uart_get      app_uart_fifo.o
    0x0001a0e8   0x0001a0e8   0x000000a4   Code   RO         3144    i.app_uart_init     app_uart_fifo.o
    0x0001a18c   0x0001a18c   0x00000054   Code   RO         3145    i.app_uart_put      app_uart_fifo.o
    0x0001a1e0   0x0001a1e0   0x00000048   Code   RO         3218    i.app_util_critical_region_enter  app_util_platform.o
    0x0001a228   0x0001a228   0x00000034   Code   RO         3219    i.app_util_critical_region_exit  app_util_platform.o
    0x0001a25c   0x0001a25c   0x00000088   Code   RO         2329    i.apply_config      nrfx_uart.o
    0x0001a2e4   0x0001a2e4   0x00000088   Code   RO         2517    i.apply_config      nrfx_uarte.o
    0x0001a36c   0x0001a36c   0x00000048   Code   RO         1226    i.blcm_link_ctx_get  ble_link_ctx_manager.o
    0x0001a3b4   0x0001a3b4   0x00000182   Code   RO          778    i.ble_advdata_encode  ble_advdata.o
    0x0001a536   0x0001a536   0x00000020   Code   RO          780    i.ble_advdata_parse  ble_advdata.o
    0x0001a556   0x0001a556   0x00000046   Code   RO          781    i.ble_advdata_search  ble_advdata.o
    0x0001a59c   0x0001a59c   0x00000006   Code   RO          886    i.ble_advertising_conn_cfg_tag_set  ble_advertising.o
    0x0001a5a2   0x0001a5a2   0x000000f8   Code   RO          887    i.ble_advertising_init  ble_advertising.o
    0x0001a69a   0x0001a69a   0x00000008   Code   RO          888    i.ble_advertising_modes_config_set  ble_advertising.o
    0x0001a6a2   0x0001a6a2   0x0000006a   Code   RO          889    i.ble_advertising_on_ble_evt  ble_advertising.o
    0x0001a70c   0x0001a70c   0x0000003a   Code   RO          891    i.ble_advertising_restart_without_whitelist  ble_advertising.o
    0x0001a746   0x0001a746   0x00000202   Code   RO          892    i.ble_advertising_start  ble_advertising.o
    0x0001a948   0x0001a948   0x00000068   Code   RO          983    i.ble_conn_params_init  ble_conn_params.o
    0x0001a9b0   0x0001a9b0   0x00000012   Code   RO         1058    i.ble_conn_state_conn_idx  ble_conn_state.o
    0x0001a9c2   0x0001a9c2   0x00000002   PAD
    0x0001a9c4   0x0001a9c4   0x00000014   Code   RO         1060    i.ble_conn_state_for_each_connected  ble_conn_state.o
    0x0001a9d8   0x0001a9d8   0x00000014   Code   RO         1072    i.ble_conn_state_valid  ble_conn_state.o
    0x0001a9ec   0x0001a9ec   0x00000060   Code   RO          784    i.ble_device_addr_encode  ble_advdata.o
    0x0001aa4c   0x0001aa4c   0x00000024   Code   RO         5244    i.ble_dfu_buttonless_async_svci_init  ble_dfu_unbonded.o
    0x0001aa70   0x0001aa70   0x00000014   Code   RO         5245    i.ble_dfu_buttonless_backend_init  ble_dfu_unbonded.o
    0x0001aa84   0x0001aa84   0x0000002c   Code   RO         5107    i.ble_dfu_buttonless_bootloader_start_finalize  ble_dfu.o
    0x0001aab0   0x0001aab0   0x00000018   Code   RO         5246    i.ble_dfu_buttonless_bootloader_start_prepare  ble_dfu_unbonded.o
    0x0001aac8   0x0001aac8   0x00000050   Code   RO         5247    i.ble_dfu_buttonless_char_add  ble_dfu_unbonded.o
    0x0001ab18   0x0001ab18   0x00000070   Code   RO         5108    i.ble_dfu_buttonless_init  ble_dfu.o
    0x0001ab88   0x0001ab88   0x00000080   Code   RO         5109    i.ble_dfu_buttonless_on_ble_evt  ble_dfu.o
    0x0001ac08   0x0001ac08   0x000000dc   Code   RO         5248    i.ble_dfu_buttonless_on_ctrl_pt_write  ble_dfu_unbonded.o
    0x0001ace4   0x0001ace4   0x00000060   Code   RO         5249    i.ble_dfu_buttonless_on_sys_evt  ble_dfu_unbonded.o
    0x0001ad44   0x0001ad44   0x00000054   Code   RO         5110    i.ble_dfu_buttonless_resp_send  ble_dfu.o
    0x0001ad98   0x0001ad98   0x000001a0   Code   RO            6    i.ble_dfu_evt_handler  main.o
    0x0001af38   0x0001af38   0x00000124   Code   RO            7    i.ble_evt_handler   main.o
    0x0001b05c   0x0001b05c   0x00000070   Code   RO          675    i.ble_evt_handler   bsp_btn_ble.o
    0x0001b0cc   0x0001b0cc   0x000000fc   Code   RO          985    i.ble_evt_handler   ble_conn_params.o
    0x0001b1c8   0x0001b1c8   0x00000148   Code   RO         1073    i.ble_evt_handler   ble_conn_state.o
    0x0001b310   0x0001b310   0x00000066   Code   RO         1428    i.ble_nus_data_send  ble_nus.o
    0x0001b376   0x0001b376   0x00000002   PAD
    0x0001b378   0x0001b378   0x000000d4   Code   RO         1429    i.ble_nus_init      ble_nus.o
    0x0001b44c   0x0001b44c   0x00000078   Code   RO         1430    i.ble_nus_on_ble_evt  ble_nus.o
    0x0001b4c4   0x0001b4c4   0x00000008   Code   RO         1251    i.ble_srv_is_indication_enabled  ble_srv_common.o
    0x0001b4cc   0x0001b4cc   0x00000008   Code   RO         1252    i.ble_srv_is_notification_enabled  ble_srv_common.o
    0x0001b4d4   0x0001b4d4   0x00000044   Code   RO            8    i.ble_stack_init    main.o
    0x0001b518   0x0001b518   0x0000000c   Code   RO          444    i.bsp_board_button_idx_to_pin  boards.o
    0x0001b524   0x0001b524   0x00000020   Code   RO          445    i.bsp_board_button_state_get  boards.o
    0x0001b544   0x0001b544   0x00000054   Code   RO          446    i.bsp_board_init    boards.o
    0x0001b598   0x0001b598   0x00000024   Code   RO          448    i.bsp_board_led_invert  boards.o
    0x0001b5bc   0x0001b5bc   0x00000010   Code   RO          449    i.bsp_board_led_off  boards.o
    0x0001b5cc   0x0001b5cc   0x00000010   Code   RO          450    i.bsp_board_led_on  boards.o
    0x0001b5dc   0x0001b5dc   0x00000020   Code   RO          451    i.bsp_board_led_state_get  boards.o
    0x0001b5fc   0x0001b5fc   0x00000012   Code   RO          452    i.bsp_board_leds_off  boards.o
    0x0001b60e   0x0001b60e   0x00000012   Code   RO          453    i.bsp_board_leds_on  boards.o
    0x0001b620   0x0001b620   0x00000024   Code   RO          454    i.bsp_board_pin_to_button_idx  boards.o
    0x0001b644   0x0001b644   0x00000038   Code   RO          676    i.bsp_btn_ble_init  bsp_btn_ble.o
    0x0001b67c   0x0001b67c   0x0000001e   Code   RO          677    i.bsp_btn_ble_sleep_mode_prepare  bsp_btn_ble.o
    0x0001b69a   0x0001b69a   0x00000002   PAD
    0x0001b69c   0x0001b69c   0x00000090   Code   RO          558    i.bsp_button_event_handler  bsp.o
    0x0001b72c   0x0001b72c   0x0000000c   Code   RO          559    i.bsp_button_is_pressed  bsp.o
    0x0001b738   0x0001b738   0x00000070   Code   RO            9    i.bsp_event_handler  main.o
    0x0001b7a8   0x0001b7a8   0x00000044   Code   RO          562    i.bsp_event_to_button_action_assign  bsp.o
    0x0001b7ec   0x0001b7ec   0x00000018   Code   RO          563    i.bsp_indication_set  bsp.o
    0x0001b804   0x0001b804   0x00000094   Code   RO          564    i.bsp_init          bsp.o
    0x0001b898   0x0001b898   0x000001c8   Code   RO          565    i.bsp_led_indication  bsp.o
    0x0001ba60   0x0001ba60   0x00000006   Code   RO          567    i.bsp_wakeup_button_enable  bsp.o
    0x0001ba66   0x0001ba66   0x00000002   PAD
    0x0001ba68   0x0001ba68   0x00000094   Code   RO         4400    i.buf_prealloc      nrf_log_frontend.o
    0x0001bafc   0x0001bafc   0x0000002e   Code   RO         3848    i.buffer_add        nrf_fprintf_format.o
    0x0001bb2a   0x0001bb2a   0x00000002   PAD
    0x0001bb2c   0x0001bb2c   0x00000018   Code   RO         4401    i.buffer_is_empty   nrf_log_frontend.o
    0x0001bb44   0x0001bb44   0x00000028   Code   RO         2681    i.button_get        app_button.o
    0x0001bb6c   0x0001bb6c   0x00000008   Code   RO          568    i.button_timer_handler  bsp.o
    0x0001bb74   0x0001bb74   0x0000001c   Code   RO         1971    i.channel_free      nrfx_gpiote.o
    0x0001bb90   0x0001bb90   0x00000048   Code   RO         1972    i.channel_port_alloc  nrfx_gpiote.o
    0x0001bbd8   0x0001bbd8   0x00000010   Code   RO         1973    i.channel_port_get  nrfx_gpiote.o
    0x0001bbe8   0x0001bbe8   0x00000190   Code   RO         1254    i.characteristic_add  ble_srv_common.o
    0x0001bd78   0x0001bd78   0x00000028   Code   RO         1486    i.clock_clk_started_notify  nrf_drv_clock.o
    0x0001bda0   0x0001bda0   0x0000001c   Code   RO         1487    i.clock_irq_handler  nrf_drv_clock.o
    0x0001bdbc   0x0001bdbc   0x00000018   Code   RO         3008    i.compare_func      app_timer2.o
    0x0001bdd4   0x0001bdd4   0x0000003e   Code   RO         1074    i.conn_handle_list_get  ble_conn_state.o
    0x0001be12   0x0001be12   0x00000088   Code   RO          785    i.conn_int_encode   ble_advdata.o
    0x0001be9a   0x0001be9a   0x00000002   PAD
    0x0001be9c   0x0001be9c   0x0000001c   Code   RO           10    i.conn_params_error_handler  main.o
    0x0001beb8   0x0001beb8   0x00000048   Code   RO          986    i.conn_params_negotiation  ble_conn_params.o
    0x0001bf00   0x0001bf00   0x00000048   Code   RO         2682    i.detection_delay_timeout_handler  app_button.o
    0x0001bf48   0x0001bf48   0x00000034   Code   RO           11    i.disconnect        main.o
    0x0001bf7c   0x0001bf7c   0x00000014   Code   RO         4402    i.dropped_sat16_get  nrf_log_frontend.o
    0x0001bf90   0x0001bf90   0x00000014   Code   RO         3287    i.drv_rtc_compare_disable  drv_rtc.o
    0x0001bfa4   0x0001bfa4   0x0000000e   Code   RO         3290    i.drv_rtc_compare_pending  drv_rtc.o
    0x0001bfb2   0x0001bfb2   0x00000050   Code   RO         3291    i.drv_rtc_compare_set  drv_rtc.o
    0x0001c002   0x0001c002   0x00000008   Code   RO         3292    i.drv_rtc_counter_get  drv_rtc.o
    0x0001c00a   0x0001c00a   0x00000002   PAD
    0x0001c00c   0x0001c00c   0x000000d8   Code   RO         3293    i.drv_rtc_init      drv_rtc.o
    0x0001c0e4   0x0001c0e4   0x0000001e   Code   RO         3294    i.drv_rtc_irq_trigger  drv_rtc.o
    0x0001c102   0x0001c102   0x00000008   Code   RO         3296    i.drv_rtc_overflow_enable  drv_rtc.o
    0x0001c10a   0x0001c10a   0x00000008   Code   RO         3297    i.drv_rtc_overflow_pending  drv_rtc.o
    0x0001c112   0x0001c112   0x00000008   Code   RO         3298    i.drv_rtc_start     drv_rtc.o
    0x0001c11a   0x0001c11a   0x00000008   Code   RO         3299    i.drv_rtc_stop      drv_rtc.o
    0x0001c122   0x0001c122   0x000000de   Code   RO         3304    i.drv_rtc_windowed_compare_set  drv_rtc.o
    0x0001c200   0x0001c200   0x00000002   Code   RO         5111    i.dummy_evt_handler  ble_dfu.o
    0x0001c202   0x0001c202   0x00000012   Code   RO         3305    i.evt_enable        drv_rtc.o
    0x0001c214   0x0001c214   0x000000e0   Code   RO         2683    i.evt_handle        app_button.o
    0x0001c2f4   0x0001c2f4   0x00000014   Code   RO         3306    i.evt_pending       drv_rtc.o
    0x0001c308   0x0001c308   0x00000014   Code   RO         2882    i.fifo_get          app_fifo.o
    0x0001c31c   0x0001c31c   0x00000012   Code   RO         2883    i.fifo_put          app_fifo.o
    0x0001c32e   0x0001c32e   0x0000000a   Code   RO         1075    i.flag_toggle       ble_conn_state.o
    0x0001c338   0x0001c338   0x00000028   Code   RO          894    i.flags_set         ble_advertising.o
    0x0001c360   0x0001c360   0x00000030   Code   RO         1076    i.for_each_set_flag  ble_conn_state.o
    0x0001c390   0x0001c390   0x0000000e   Code   RO         4224    i.fputc             retarget.o
    0x0001c39e   0x0001c39e   0x00000002   PAD
    0x0001c3a0   0x0001c3a0   0x00000068   Code   RO           12    i.gap_params_init   main.o
    0x0001c408   0x0001c408   0x0000005c   Code   RO           13    i.gatt_evt_handler  main.o
    0x0001c464   0x0001c464   0x0000004c   Code   RO           14    i.gatt_init         main.o
    0x0001c4b0   0x0001c4b0   0x00000034   Code   RO         3009    i.get_now           app_timer2.o
    0x0001c4e4   0x0001c4e4   0x0000003c   Code   RO         2684    i.gpiote_event_handler  app_button.o
    0x0001c520   0x0001c520   0x00000014   Code   RO          987    i.instance_get      ble_conn_params.o
    0x0001c534   0x0001c534   0x000000a6   Code   RO         3849    i.int_print         nrf_fprintf_format.o
    0x0001c5da   0x0001c5da   0x00000002   PAD
    0x0001c5dc   0x0001c5dc   0x00000088   Code   RO         2518    i.interrupts_enable  nrfx_uarte.o
    0x0001c664   0x0001c664   0x00000034   Code   RO         4403    i.invalid_packets_omit  nrf_log_frontend.o
    0x0001c698   0x0001c698   0x00000044   Code   RO          988    i.is_conn_params_ok  ble_conn_params.o
    0x0001c6dc   0x0001c6dc   0x00000030   Code   RO          569    i.leds_off          bsp.o
    0x0001c70c   0x0001c70c   0x00000014   Code   RO          570    i.leds_timer_handler  bsp.o
    0x0001c720   0x0001c720   0x00000010   Code   RO         1312    i.link_init         nrf_ble_gatt.o
    0x0001c730   0x0001c730   0x000000a4   Code   RO         4404    i.log_skip          nrf_log_frontend.o
    0x0001c7d4   0x0001c7d4   0x000001bc   Code   RO           15    i.main              main.o
    0x0001c990   0x0001c990   0x00000064   Code   RO          786    i.manuf_specific_data_encode  ble_advdata.o
    0x0001c9f4   0x0001c9f4   0x0000007e   Code   RO         3888    i.memobj_op         nrf_memobj.o
    0x0001ca72   0x0001ca72   0x00000002   PAD
    0x0001ca74   0x0001ca74   0x00000030   Code   RO         4405    i.module_idx_get    nrf_log_frontend.o
    0x0001caa4   0x0001caa4   0x000000a6   Code   RO          787    i.name_encode       ble_advdata.o
    0x0001cb4a   0x0001cb4a   0x00000026   Code   RO         3504    i.nrf_atfifo_init   nrf_atfifo.o
    0x0001cb70   0x0001cb70   0x00000016   Code   RO         3505    i.nrf_atfifo_item_alloc  nrf_atfifo.o
    0x0001cb86   0x0001cb86   0x00000016   Code   RO         3506    i.nrf_atfifo_item_free  nrf_atfifo.o
    0x0001cb9c   0x0001cb9c   0x00000016   Code   RO         3507    i.nrf_atfifo_item_get  nrf_atfifo.o
    0x0001cbb2   0x0001cbb2   0x00000016   Code   RO         3508    i.nrf_atfifo_item_put  nrf_atfifo.o
    0x0001cbc8   0x0001cbc8   0x00000016   Code   RO         3570    i.nrf_atflags_clear  nrf_atflags.o
    0x0001cbde   0x0001cbde   0x00000016   Code   RO         3575    i.nrf_atflags_get   nrf_atflags.o
    0x0001cbf4   0x0001cbf4   0x00000014   Code   RO         3577    i.nrf_atflags_set   nrf_atflags.o
    0x0001cc08   0x0001cc08   0x00000006   Code   RO         3638    i.nrf_atomic_flag_clear_fetch  nrf_atomic.o
    0x0001cc0e   0x0001cc0e   0x00000006   Code   RO         3639    i.nrf_atomic_flag_set  nrf_atomic.o
    0x0001cc14   0x0001cc14   0x0000000c   Code   RO         3641    i.nrf_atomic_u32_add  nrf_atomic.o
    0x0001cc20   0x0001cc20   0x0000000c   Code   RO         3642    i.nrf_atomic_u32_and  nrf_atomic.o
    0x0001cc2c   0x0001cc2c   0x0000000a   Code   RO         3645    i.nrf_atomic_u32_fetch_and  nrf_atomic.o
    0x0001cc36   0x0001cc36   0x0000000a   Code   RO         3647    i.nrf_atomic_u32_fetch_store  nrf_atomic.o
    0x0001cc40   0x0001cc40   0x0000000c   Code   RO         3651    i.nrf_atomic_u32_or  nrf_atomic.o
    0x0001cc4c   0x0001cc4c   0x0000000c   Code   RO         3653    i.nrf_atomic_u32_sub  nrf_atomic.o
    0x0001cc58   0x0001cc58   0x00000044   Code   RO         3772    i.nrf_balloc_alloc  nrf_balloc.o
    0x0001cc9c   0x0001cc9c   0x00000030   Code   RO         3773    i.nrf_balloc_free   nrf_balloc.o
    0x0001cccc   0x0001cccc   0x00000030   Code   RO         3774    i.nrf_balloc_init   nrf_balloc.o
    0x0001ccfc   0x0001ccfc   0x00000010   Code   RO         1974    i.nrf_bitmask_bit_is_set  nrfx_gpiote.o
    0x0001cd0c   0x0001cd0c   0x00000018   Code   RO         1314    i.nrf_ble_gatt_att_mtu_periph_set  nrf_ble_gatt.o
    0x0001cd24   0x0001cd24   0x00000022   Code   RO         1316    i.nrf_ble_gatt_init  nrf_ble_gatt.o
    0x0001cd46   0x0001cd46   0x00000002   PAD
    0x0001cd48   0x0001cd48   0x000000f4   Code   RO         1317    i.nrf_ble_gatt_on_ble_evt  nrf_ble_gatt.o
    0x0001ce3c   0x0001ce3c   0x00000016   Code   RO         1387    i.nrf_ble_qwr_conn_handle_assign  nrf_ble_qwr.o
    0x0001ce52   0x0001ce52   0x00000024   Code   RO         1388    i.nrf_ble_qwr_init  nrf_ble_qwr.o
    0x0001ce76   0x0001ce76   0x000000b6   Code   RO         1389    i.nrf_ble_qwr_on_ble_evt  nrf_ble_qwr.o
    0x0001cf2c   0x0001cf2c   0x0000000e   Code   RO         1832    i.nrf_clock_event_check  nrfx_clock.o
    0x0001cf3a   0x0001cf3a   0x00000010   Code   RO         1833    i.nrf_clock_event_clear  nrfx_clock.o
    0x0001cf4a   0x0001cf4a   0x00000002   PAD
    0x0001cf4c   0x0001cf4c   0x000000dc   Code   RO         5304    i.nrf_dfu_svci_vector_table_set  nrf_dfu_svci.o
    0x0001d028   0x0001d028   0x000000a0   Code   RO         5305    i.nrf_dfu_svci_vector_table_unset  nrf_dfu_svci.o
    0x0001d0c8   0x0001d0c8   0x00000040   Code   RO         1494    i.nrf_drv_clock_init  nrf_drv_clock.o
    0x0001d108   0x0001d108   0x00000034   Code   RO         1498    i.nrf_drv_clock_lfclk_release  nrf_drv_clock.o
    0x0001d13c   0x0001d13c   0x00000068   Code   RO         1640    i.nrf_drv_uart_init  nrf_drv_uart.o
    0x0001d1a4   0x0001d1a4   0x00000020   Code   RO         3146    i.nrf_drv_uart_rx   app_uart_fifo.o
    0x0001d1c4   0x0001d1c4   0x00000020   Code   RO         3147    i.nrf_drv_uart_tx   app_uart_fifo.o
    0x0001d1e4   0x0001d1e4   0x0000001a   Code   RO         3809    i.nrf_fprintf       nrf_fprintf.o
    0x0001d1fe   0x0001d1fe   0x00000018   Code   RO         3810    i.nrf_fprintf_buffer_flush  nrf_fprintf.o
    0x0001d216   0x0001d216   0x000001da   Code   RO         3850    i.nrf_fprintf_fmt   nrf_fprintf_format.o
    0x0001d3f0   0x0001d3f0   0x00000024   Code   RO          456    i.nrf_gpio_cfg      boards.o
    0x0001d414   0x0001d414   0x00000024   Code   RO         1975    i.nrf_gpio_cfg      nrfx_gpiote.o
    0x0001d438   0x0001d438   0x00000024   Code   RO         2330    i.nrf_gpio_cfg      nrfx_uart.o
    0x0001d45c   0x0001d45c   0x00000024   Code   RO         2519    i.nrf_gpio_cfg      nrfx_uarte.o
    0x0001d480   0x0001d480   0x00000012   Code   RO         2332    i.nrf_gpio_cfg_input  nrfx_uart.o
    0x0001d492   0x0001d492   0x00000012   Code   RO         2521    i.nrf_gpio_cfg_input  nrfx_uarte.o
    0x0001d4a4   0x0001d4a4   0x00000014   Code   RO         2333    i.nrf_gpio_cfg_output  nrfx_uart.o
    0x0001d4b8   0x0001d4b8   0x00000014   Code   RO         2522    i.nrf_gpio_cfg_output  nrfx_uarte.o
    0x0001d4cc   0x0001d4cc   0x00000022   Code   RO         1977    i.nrf_gpio_cfg_sense_set  nrfx_gpiote.o
    0x0001d4ee   0x0001d4ee   0x00000002   PAD
    0x0001d4f0   0x0001d4f0   0x0000002c   Code   RO         1978    i.nrf_gpio_latches_read_and_clear  nrfx_gpiote.o
    0x0001d51c   0x0001d51c   0x0000001e   Code   RO         1979    i.nrf_gpio_pin_present_check  nrfx_gpiote.o
    0x0001d53a   0x0001d53a   0x00000016   Code   RO          457    i.nrf_gpio_pin_write  boards.o
    0x0001d550   0x0001d550   0x00000014   Code   RO         1980    i.nrf_gpiote_event_clear  nrfx_gpiote.o
    0x0001d564   0x0001d564   0x00000010   Code   RO         1981    i.nrf_gpiote_event_is_set  nrfx_gpiote.o
    0x0001d574   0x0001d574   0x0000005c   Code   RO         4406    i.nrf_log_backend_add  nrf_log_frontend.o
    0x0001d5d0   0x0001d5d0   0x00000002   Code   RO         4261    i.nrf_log_backend_rtt_flush  nrf_log_backend_rtt.o
    0x0001d5d2   0x0001d5d2   0x00000004   Code   RO         4262    i.nrf_log_backend_rtt_init  nrf_log_backend_rtt.o
    0x0001d5d6   0x0001d5d6   0x00000002   Code   RO         4263    i.nrf_log_backend_rtt_panic_set  nrf_log_backend_rtt.o
    0x0001d5d8   0x0001d5d8   0x00000018   Code   RO         4264    i.nrf_log_backend_rtt_put  nrf_log_backend_rtt.o
    0x0001d5f0   0x0001d5f0   0x000000c2   Code   RO         4330    i.nrf_log_backend_serial_put  nrf_log_backend_serial.o
    0x0001d6b2   0x0001d6b2   0x00000002   PAD
    0x0001d6b4   0x0001d6b4   0x00000030   Code   RO         4408    i.nrf_log_color_id_get  nrf_log_frontend.o
    0x0001d6e4   0x0001d6e4   0x0000001c   Code   RO         4364    i.nrf_log_default_backends_init  nrf_log_default_backends.o
    0x0001d700   0x0001d700   0x00000234   Code   RO         4409    i.nrf_log_frontend_dequeue  nrf_log_frontend.o
    0x0001d934   0x0001d934   0x00000008   Code   RO         4411    i.nrf_log_frontend_std_0  nrf_log_frontend.o
    0x0001d93c   0x0001d93c   0x0000000e   Code   RO         4412    i.nrf_log_frontend_std_1  nrf_log_frontend.o
    0x0001d94a   0x0001d94a   0x00000010   Code   RO         4413    i.nrf_log_frontend_std_2  nrf_log_frontend.o
    0x0001d95a   0x0001d95a   0x0000001c   Code   RO         4416    i.nrf_log_frontend_std_5  nrf_log_frontend.o
    0x0001d976   0x0001d976   0x00000002   PAD
    0x0001d978   0x0001d978   0x000000b0   Code   RO         4587    i.nrf_log_hexdump_entry_process  nrf_log_str_formatter.o
    0x0001da28   0x0001da28   0x00000028   Code   RO         4418    i.nrf_log_init      nrf_log_frontend.o
    0x0001da50   0x0001da50   0x00000014   Code   RO         4419    i.nrf_log_module_cnt_get  nrf_log_frontend.o
    0x0001da64   0x0001da64   0x0000001c   Code   RO         4422    i.nrf_log_module_name_get  nrf_log_frontend.o
    0x0001da80   0x0001da80   0x00000028   Code   RO         4423    i.nrf_log_panic     nrf_log_frontend.o
    0x0001daa8   0x0001daa8   0x000000b6   Code   RO         4588    i.nrf_log_std_entry_process  nrf_log_str_formatter.o
    0x0001db5e   0x0001db5e   0x00000060   Code   RO         3889    i.nrf_memobj_alloc  nrf_memobj.o
    0x0001dbbe   0x0001dbbe   0x00000032   Code   RO         3890    i.nrf_memobj_free   nrf_memobj.o
    0x0001dbf0   0x0001dbf0   0x00000008   Code   RO         3891    i.nrf_memobj_get    nrf_memobj.o
    0x0001dbf8   0x0001dbf8   0x00000004   Code   RO         3892    i.nrf_memobj_pool_init  nrf_memobj.o
    0x0001dbfc   0x0001dbfc   0x0000001e   Code   RO         3893    i.nrf_memobj_put    nrf_memobj.o
    0x0001dc1a   0x0001dc1a   0x00000010   Code   RO         3894    i.nrf_memobj_read   nrf_memobj.o
    0x0001dc2a   0x0001dc2a   0x00000010   Code   RO         3895    i.nrf_memobj_write  nrf_memobj.o
    0x0001dc3a   0x0001dc3a   0x00000002   PAD
    0x0001dc3c   0x0001dc3c   0x00000028   Code   RO         3967    i.nrf_pwr_mgmt_init  nrf_pwr_mgmt.o
    0x0001dc64   0x0001dc64   0x00000014   Code   RO         3968    i.nrf_pwr_mgmt_run  nrf_pwr_mgmt.o
    0x0001dc78   0x0001dc78   0x0000003c   Code   RO         3969    i.nrf_pwr_mgmt_shutdown  nrf_pwr_mgmt.o
    0x0001dcb4   0x0001dcb4   0x00000018   Code   RO           16    i.nrf_qwr_error_handler  main.o
    0x0001dccc   0x0001dccc   0x0000001c   Code   RO         4041    i.nrf_ringbuf_init  nrf_ringbuf.o
    0x0001dce8   0x0001dce8   0x0000000c   Code   RO         3307    i.nrf_rtc_event_clear  drv_rtc.o
    0x0001dcf4   0x0001dcf4   0x00000014   Code   RO         5018    i.nrf_sdh_ble_app_ram_start_get  nrf_sdh_ble.o
    0x0001dd08   0x0001dd08   0x0000012c   Code   RO         5019    i.nrf_sdh_ble_default_cfg_set  nrf_sdh_ble.o
    0x0001de34   0x0001de34   0x00000130   Code   RO         5020    i.nrf_sdh_ble_enable  nrf_sdh_ble.o
    0x0001df64   0x0001df64   0x000000a8   Code   RO         5021    i.nrf_sdh_ble_evts_poll  nrf_sdh_ble.o
    0x0001e00c   0x0001e00c   0x00000074   Code   RO         4900    i.nrf_sdh_enable_request  nrf_sdh.o
    0x0001e080   0x0001e080   0x00000024   Code   RO         4901    i.nrf_sdh_evts_poll  nrf_sdh.o
    0x0001e0a4   0x0001e0a4   0x0000000c   Code   RO         4902    i.nrf_sdh_is_enabled  nrf_sdh.o
    0x0001e0b0   0x0001e0b0   0x00000080   Code   RO         5072    i.nrf_sdh_soc_evts_poll  nrf_sdh_soc.o
    0x0001e130   0x0001e130   0x0000000a   Code   RO         4099    i.nrf_section_iter_init  nrf_section_iter.o
    0x0001e13a   0x0001e13a   0x00000024   Code   RO         4100    i.nrf_section_iter_item_set  nrf_section_iter.o
    0x0001e15e   0x0001e15e   0x00000020   Code   RO         4101    i.nrf_section_iter_next  nrf_section_iter.o
    0x0001e17e   0x0001e17e   0x00000022   Code   RO         4134    i.nrf_sortlist_add  nrf_sortlist.o
    0x0001e1a0   0x0001e1a0   0x00000006   Code   RO         4136    i.nrf_sortlist_peek  nrf_sortlist.o
    0x0001e1a6   0x0001e1a6   0x0000000e   Code   RO         4137    i.nrf_sortlist_pop  nrf_sortlist.o
    0x0001e1b4   0x0001e1b4   0x0000001e   Code   RO         4138    i.nrf_sortlist_remove  nrf_sortlist.o
    0x0001e1d2   0x0001e1d2   0x00000002   PAD
    0x0001e1d4   0x0001e1d4   0x00000038   Code   RO         4190    i.nrf_strerror_find  nrf_strerror.o
    0x0001e20c   0x0001e20c   0x00000014   Code   RO         4191    i.nrf_strerror_get  nrf_strerror.o
    0x0001e220   0x0001e220   0x0000000a   Code   RO         2334    i.nrf_uart_event_check  nrfx_uart.o
    0x0001e22a   0x0001e22a   0x0000000c   Code   RO         2335    i.nrf_uart_event_clear  nrfx_uart.o
    0x0001e236   0x0001e236   0x0000000c   Code   RO         2336    i.nrf_uart_int_enable_check  nrfx_uart.o
    0x0001e242   0x0001e242   0x0000000a   Code   RO         2523    i.nrf_uarte_event_check  nrfx_uarte.o
    0x0001e24c   0x0001e24c   0x0000000c   Code   RO         2524    i.nrf_uarte_event_clear  nrfx_uarte.o
    0x0001e258   0x0001e258   0x00000010   Code   RO         1501    i.nrf_wdt_started   nrf_drv_clock.o
    0x0001e268   0x0001e268   0x0000002c   Code   RO         1838    i.nrfx_clock_enable  nrfx_clock.o
    0x0001e294   0x0001e294   0x00000020   Code   RO         1841    i.nrfx_clock_init   nrfx_clock.o
    0x0001e2b4   0x0001e2b4   0x00000030   Code   RO         1844    i.nrfx_clock_lfclk_stop  nrfx_clock.o
    0x0001e2e4   0x0001e2e4   0x00000010   Code   RO         3308    i.nrfx_coredep_delay_us  drv_rtc.o
    0x0001e2f4   0x0001e2f4   0x000000a0   Code   RO         1987    i.nrfx_gpiote_in_event_enable  nrfx_gpiote.o
    0x0001e394   0x0001e394   0x000000cc   Code   RO         1989    i.nrfx_gpiote_in_init  nrfx_gpiote.o
    0x0001e460   0x0001e460   0x00000014   Code   RO         1990    i.nrfx_gpiote_in_is_set  nrfx_gpiote.o
    0x0001e474   0x0001e474   0x00000074   Code   RO         1992    i.nrfx_gpiote_init  nrfx_gpiote.o
    0x0001e4e8   0x0001e4e8   0x00000014   Code   RO         1993    i.nrfx_gpiote_is_init  nrfx_gpiote.o
    0x0001e4fc   0x0001e4fc   0x00000010   Code   RO         2525    i.nrfx_is_in_ram    nrfx_uarte.o
    0x0001e50c   0x0001e50c   0x0000003a   Code   RO         2276    i.nrfx_prs_acquire  nrfx_prs.o
    0x0001e546   0x0001e546   0x00000002   PAD
    0x0001e548   0x0001e548   0x00000010   Code   RO         2337    i.nrfx_uart_0_irq_handler  nrfx_uart.o
    0x0001e558   0x0001e558   0x000000d4   Code   RO         2339    i.nrfx_uart_init    nrfx_uart.o
    0x0001e62c   0x0001e62c   0x000000ec   Code   RO         2340    i.nrfx_uart_rx      nrfx_uart.o
    0x0001e718   0x0001e718   0x000000a8   Code   RO         2345    i.nrfx_uart_tx      nrfx_uart.o
    0x0001e7c0   0x0001e7c0   0x00000020   Code   RO         2347    i.nrfx_uart_tx_in_progress  nrfx_uart.o
    0x0001e7e0   0x0001e7e0   0x00000010   Code   RO         2526    i.nrfx_uarte_0_irq_handler  nrfx_uarte.o
    0x0001e7f0   0x0001e7f0   0x0000006c   Code   RO         2528    i.nrfx_uarte_init   nrfx_uarte.o
    0x0001e85c   0x0001e85c   0x00000104   Code   RO         2529    i.nrfx_uarte_rx     nrfx_uarte.o
    0x0001e960   0x0001e960   0x000000ac   Code   RO         2532    i.nrfx_uarte_tx     nrfx_uarte.o
    0x0001ea0c   0x0001ea0c   0x0000001c   Code   RO         2534    i.nrfx_uarte_tx_in_progress  nrfx_uarte.o
    0x0001ea28   0x0001ea28   0x000000a4   Code   RO           17    i.nus_data_handler  main.o
    0x0001eacc   0x0001eacc   0x0000003c   Code   RO           18    i.on_adv_evt        main.o
    0x0001eb08   0x0001eb08   0x00000034   Code   RO           19    i.on_conn_params_evt  main.o
    0x0001eb3c   0x0001eb3c   0x0000006a   Code   RO         1431    i.on_connect        ble_nus.o
    0x0001eba6   0x0001eba6   0x00000002   PAD
    0x0001eba8   0x0001eba8   0x0000008c   Code   RO         1318    i.on_connected_evt  nrf_ble_gatt.o
    0x0001ec34   0x0001ec34   0x0000006c   Code   RO         5112    i.on_ctrlpt_write   ble_dfu.o
    0x0001eca0   0x0001eca0   0x000000b0   Code   RO         1319    i.on_exchange_mtu_request_evt  nrf_ble_gatt.o
    0x0001ed50   0x0001ed50   0x00000084   Code   RO         1432    i.on_write          ble_nus.o
    0x0001edd4   0x0001edd4   0x00000012   Code   RO          895    i.phy_is_valid      ble_advertising.o
    0x0001ede6   0x0001ede6   0x00000002   PAD
    0x0001ede8   0x0001ede8   0x0000001c   Code   RO         2011    i.pin_configured_set  nrfx_gpiote.o
    0x0001ee04   0x0001ee04   0x00000018   Code   RO         2012    i.pin_in_use_by_port  nrfx_gpiote.o
    0x0001ee1c   0x0001ee1c   0x00000018   Code   RO         2013    i.pin_in_use_by_te  nrfx_gpiote.o
    0x0001ee34   0x0001ee34   0x000000b4   Code   RO         2014    i.port_event_handle  nrfx_gpiote.o
    0x0001eee8   0x0001eee8   0x00000010   Code   RO         2015    i.port_handler_polarity_get  nrfx_gpiote.o
    0x0001eef8   0x0001eef8   0x0000003c   Code   RO         4590    i.postfix_process   nrf_log_str_formatter.o
    0x0001ef34   0x0001ef34   0x00000098   Code   RO         4591    i.prefix_process    nrf_log_str_formatter.o
    0x0001efcc   0x0001efcc   0x00000018   Code   RO         2278    i.prs_box_get       nrfx_prs.o
    0x0001efe4   0x0001efe4   0x0000005c   Code   RO         3010    i.rtc_irq           app_timer2.o
    0x0001f040   0x0001f040   0x00000064   Code   RO         3011    i.rtc_schedule      app_timer2.o
    0x0001f0a4   0x0001f0a4   0x00000074   Code   RO         3012    i.rtc_update        app_timer2.o
    0x0001f118   0x0001f118   0x00000032   Code   RO         2349    i.rx_byte           nrfx_uart.o
    0x0001f14a   0x0001f14a   0x00000016   Code   RO         2350    i.rx_done_event     nrfx_uart.o
    0x0001f160   0x0001f160   0x00000016   Code   RO         2536    i.rx_done_event     nrfx_uarte.o
    0x0001f176   0x0001f176   0x00000020   Code   RO         2351    i.rx_enable         nrfx_uart.o
    0x0001f196   0x0001f196   0x00000002   PAD
    0x0001f198   0x0001f198   0x00000058   Code   RO         1502    i.sd_state_evt_handler  nrf_drv_clock.o
    0x0001f1f0   0x0001f1f0   0x00000030   Code   RO         4907    i.sdh_request_observer_notify  nrf_sdh.o
    0x0001f220   0x0001f220   0x0000002c   Code   RO         4908    i.sdh_state_observer_notify  nrf_sdh.o
    0x0001f24c   0x0001f24c   0x00000010   Code   RO          989    i.send_error_evt    ble_conn_params.o
    0x0001f25c   0x0001f25c   0x00000050   Code   RO         4265    i.serial_tx         nrf_log_backend_rtt.o
    0x0001f2ac   0x0001f2ac   0x00000088   Code   RO          788    i.service_data_encode  ble_advdata.o
    0x0001f334   0x0001f334   0x00000068   Code   RO           20    i.services_init     main.o
    0x0001f39c   0x0001f39c   0x00000030   Code   RO         1256    i.set_security_req  ble_srv_common.o
    0x0001f3cc   0x0001f3cc   0x00000080   Code   RO         3970    i.shutdown_process  nrf_pwr_mgmt.o
    0x0001f44c   0x0001f44c   0x0000004c   Code   RO           21    i.sleep_mode_enter  main.o
    0x0001f498   0x0001f498   0x00000018   Code   RO         1503    i.soc_evt_handler   nrf_drv_clock.o
    0x0001f4b0   0x0001f4b0   0x00000098   Code   RO         4910    i.softdevices_evt_irq_enable  nrf_sdh.o
    0x0001f548   0x0001f548   0x0000000c   Code   RO         3013    i.sortlist_pop      app_timer2.o
    0x0001f554   0x0001f554   0x00000030   Code   RO         2685    i.state_set         app_button.o
    0x0001f584   0x0001f584   0x00000094   Code   RO         4425    i.std_n             nrf_log_frontend.o
    0x0001f618   0x0001f618   0x00000058   Code   RO         3014    i.timer_expire      app_timer2.o
    0x0001f670   0x0001f670   0x00000078   Code   RO         3015    i.timer_req_process  app_timer2.o
    0x0001f6e8   0x0001f6e8   0x00000038   Code   RO         3016    i.timer_req_schedule  app_timer2.o
    0x0001f720   0x0001f720   0x00000018   Code   RO         2686    i.timer_start       app_button.o
    0x0001f738   0x0001f738   0x00000020   Code   RO         2352    i.tx_byte           nrfx_uart.o
    0x0001f758   0x0001f758   0x0000001a   Code   RO         2353    i.tx_done_event     nrfx_uart.o
    0x0001f772   0x0001f772   0x0000001a   Code   RO         2537    i.tx_done_event     nrfx_uarte.o
    0x0001f78c   0x0001f78c   0x000000a0   Code   RO           22    i.uart_event_handle  main.o
    0x0001f82c   0x0001f82c   0x000000a4   Code   RO         3148    i.uart_event_handler  app_uart_fifo.o
    0x0001f8d0   0x0001f8d0   0x00000030   Code   RO         1641    i.uart_evt_handler  nrf_drv_uart.o
    0x0001f900   0x0001f900   0x0000012a   Code   RO         2354    i.uart_irq_handler  nrfx_uart.o
    0x0001fa2a   0x0001fa2a   0x00000002   PAD
    0x0001fa2c   0x0001fa2c   0x00000030   Code   RO         1642    i.uarte_evt_handler  nrf_drv_uart.o
    0x0001fa5c   0x0001fa5c   0x00000112   Code   RO         2538    i.uarte_irq_handler  nrfx_uarte.o
    0x0001fb6e   0x0001fb6e   0x0000000a   Code   RO          789    i.uint16_encode     ble_advdata.o
    0x0001fb78   0x0001fb78   0x000000b4   Code   RO         3851    i.unsigned_print    nrf_fprintf_format.o
    0x0001fc2c   0x0001fc2c   0x00000068   Code   RO          990    i.update_timeout_handler  ble_conn_params.o
    0x0001fc94   0x0001fc94   0x00000018   Code   RO          896    i.use_whitelist     ble_advertising.o
    0x0001fcac   0x0001fcac   0x00000024   Code   RO         1390    i.user_mem_reply    nrf_ble_qwr.o
    0x0001fcd0   0x0001fcd0   0x00000020   Code   RO         2687    i.usr_event         app_button.o
    0x0001fcf0   0x0001fcf0   0x00000030   Code   RO          790    i.uuid_list_encode  ble_advdata.o
    0x0001fd20   0x0001fd20   0x0000009e   Code   RO          791    i.uuid_list_sized_encode  ble_advdata.o
    0x0001fdbe   0x0001fdbe   0x0000003a   Code   RO          571    i.wakeup_button_cfg  bsp.o
    0x0001fdf8   0x0001fdf8   0x00000018   Data   RO           24    .constdata          main.o
    0x0001fe10   0x0001fe10   0x00000008   Data   RO          458    .constdata          boards.o
    0x0001fe18   0x0001fe18   0x0000002c   Data   RO          576    .constdata          bsp.o
    0x0001fe44   0x0001fe44   0x0000000e   Data   RO         1320    .constdata          nrf_ble_gatt.o
    0x0001fe52   0x0001fe52   0x00000002   PAD
    0x0001fe54   0x0001fe54   0x00000010   Data   RO         1433    .constdata          ble_nus.o
    0x0001fe64   0x0001fe64   0x00000004   Data   RO         2017    .constdata          nrfx_gpiote.o
    0x0001fe68   0x0001fe68   0x00000004   Data   RO         2357    .constdata          nrfx_uart.o
    0x0001fe6c   0x0001fe6c   0x00000004   Data   RO         2541    .constdata          nrfx_uarte.o
    0x0001fe70   0x0001fe70   0x00000008   Data   RO         2690    .constdata          app_button.o
    0x0001fe78   0x0001fe78   0x00000014   Data   RO         3019    .constdata          app_timer2.o
    0x0001fe8c   0x0001fe8c   0x00000020   Data   RO         3150    .constdata          app_uart_fifo.o
    0x0001feac   0x0001feac   0x00000004   PAD
    0x0001feb0   0x0001feb0   0x00000006   Data   RO         3309    .constdata          drv_rtc.o
    0x0001feb6   0x0001feb6   0x00000010   Data   RO         3852    .constdata          nrf_fprintf_format.o
    0x0001fec6   0x0001fec6   0x00000002   PAD
    0x0001fec8   0x0001fec8   0x00000018   Data   RO         3972    .constdata          nrf_pwr_mgmt.o
    0x0001fee0   0x0001fee0   0x0000000c   Data   RO         3973    .constdata          nrf_pwr_mgmt.o
    0x0001feec   0x0001feec   0x0000013c   Data   RO         4192    .constdata          nrf_strerror.o
    0x00020028   0x00020028   0x0000000c   Data   RO         4267    .constdata          nrf_log_backend_rtt.o
    0x00020034   0x00020034   0x0000000c   PAD
    0x00020040   0x00020040   0x00000006   Data   RO         4268    .constdata          nrf_log_backend_rtt.o
    0x00020046   0x00020046   0x00000002   PAD
    0x00020048   0x00020048   0x0000000c   Data   RO         4430    .constdata          nrf_log_frontend.o
    0x00020054   0x00020054   0x00000010   Data   RO         4911    .constdata          nrf_sdh.o
    0x00020064   0x00020064   0x00000028   Data   RO         4912    .constdata          nrf_sdh.o
    0x0002008c   0x0002008c   0x00000010   Data   RO         4913    .constdata          nrf_sdh.o
    0x0002009c   0x0002009c   0x00000010   Data   RO         4914    .constdata          nrf_sdh.o
    0x000200ac   0x000200ac   0x00000020   Data   RO         5022    .constdata          nrf_sdh_ble.o
    0x000200cc   0x000200cc   0x00000010   Data   RO         5023    .constdata          nrf_sdh_ble.o
    0x000200dc   0x000200dc   0x00000010   Data   RO         5073    .constdata          nrf_sdh_soc.o
    0x000200ec   0x000200ec   0x0000000c   Data   RO         5074    .constdata          nrf_sdh_soc.o
    0x000200f8   0x000200f8   0x00000018   Data   RO         5114    .constdata          ble_dfu.o
    0x00020110   0x00020110   0x00000081   Data   RO         5402    .constdata          mc_w.l(ctype_o.o)
    0x00020191   0x00020191   0x00000003   PAD
    0x00020194   0x00020194   0x00000004   Data   RO         5403    .constdata          mc_w.l(ctype_o.o)
    0x00020198   0x00020198   0x00000041   Data   RO           25    .conststring        main.o
    0x000201d9   0x000201d9   0x00000003   PAD
    0x000201dc   0x000201dc   0x000003eb   Data   RO         4193    .conststring        nrf_strerror.o
    0x000205c7   0x000205c7   0x00000001   PAD
    0x000205c8   0x000205c8   0x00000066   Data   RO         4592    .conststring        nrf_log_str_formatter.o
    0x0002062e   0x0002062e   0x00000002   PAD
    0x00020630   0x00020630   0x000001cf   Data   RO         5024    .conststring        nrf_sdh_ble.o
    0x000207ff   0x000207ff   0x00000001   PAD
    0x00020800   0x00020800   0x000000ce   Data   RO         5251    .conststring        ble_dfu_unbonded.o
    0x000208ce   0x000208ce   0x00000002   PAD
    0x000208d0   0x000208d0   0x0000000d   Data   RO         1321    .conststrlit        nrf_ble_gatt.o
    0x000208dd   0x000208dd   0x00000003   PAD
    0x000208e0   0x000208e0   0x00000008   Data   RO         1434    .conststrlit        ble_nus.o
    0x000208e8   0x000208e8   0x00000006   Data   RO         1509    .conststrlit        nrf_drv_clock.o
    0x000208ee   0x000208ee   0x00000002   PAD
    0x000208f0   0x000208f0   0x00000006   Data   RO         1848    .conststrlit        nrfx_clock.o
    0x000208f6   0x000208f6   0x00000002   PAD
    0x000208f8   0x000208f8   0x00000007   Data   RO         2021    .conststrlit        nrfx_gpiote.o
    0x000208ff   0x000208ff   0x00000001   PAD
    0x00020900   0x00020900   0x00000004   Data   RO         2280    .conststrlit        nrfx_prs.o
    0x00020904   0x00020904   0x00000005   Data   RO         2360    .conststrlit        nrfx_uart.o
    0x00020909   0x00020909   0x00000003   PAD
    0x0002090c   0x0002090c   0x00000006   Data   RO         2544    .conststrlit        nrfx_uarte.o
    0x00020912   0x00020912   0x00000002   PAD
    0x00020914   0x00020914   0x0000000b   Data   RO         2691    .conststrlit        app_button.o
    0x0002091f   0x0002091f   0x00000001   PAD
    0x00020920   0x00020920   0x0000000a   Data   RO         3020    .conststrlit        app_timer2.o
    0x0002092a   0x0002092a   0x00000002   PAD
    0x0002092c   0x0002092c   0x00000009   Data   RO         3974    .conststrlit        nrf_pwr_mgmt.o
    0x00020935   0x00020935   0x00000003   PAD
    0x00020938   0x00020938   0x00000009   Data   RO         4139    .conststrlit        nrf_sortlist.o
    0x00020941   0x00020941   0x00000003   PAD
    0x00020944   0x00020944   0x00000010   Data   RO         4365    .conststrlit        nrf_log_default_backends.o
    0x00020954   0x00020954   0x00000004   Data   RO         4431    .conststrlit        nrf_log_frontend.o
    0x00020958   0x00020958   0x00000008   Data   RO         4915    .conststrlit        nrf_sdh.o
    0x00020960   0x00020960   0x0000000c   Data   RO         5025    .conststrlit        nrf_sdh_ble.o
    0x0002096c   0x0002096c   0x0000000c   Data   RO         5075    .conststrlit        nrf_sdh_soc.o
    0x00020978   0x00020978   0x00000020   Data   RO         5738    Region$$Table       anon$$obj.o
    0x00020998   0x00020998   0x00000010   Data   RO         4367    log_backends        nrf_log_default_backends.o
    0x000209a8   0x000209a8   0x00000008   Data   RO         1322    log_const_data      nrf_ble_gatt.o
    0x000209b0   0x000209b0   0x00000008   Data   RO         1435    log_const_data      ble_nus.o
    0x000209b8   0x000209b8   0x00000008   Data   RO         1510    log_const_data      nrf_drv_clock.o
    0x000209c0   0x000209c0   0x00000008   Data   RO         1850    log_const_data      nrfx_clock.o
    0x000209c8   0x000209c8   0x00000008   Data   RO         2022    log_const_data      nrfx_gpiote.o
    0x000209d0   0x000209d0   0x00000008   Data   RO         2282    log_const_data      nrfx_prs.o
    0x000209d8   0x000209d8   0x00000008   Data   RO         2361    log_const_data      nrfx_uart.o
    0x000209e0   0x000209e0   0x00000008   Data   RO         2545    log_const_data      nrfx_uarte.o
    0x000209e8   0x000209e8   0x00000008   Data   RO         2693    log_const_data      app_button.o
    0x000209f0   0x000209f0   0x00000008   Data   RO         3023    log_const_data      app_timer2.o
    0x000209f8   0x000209f8   0x00000008   Data   RO         3976    log_const_data      nrf_pwr_mgmt.o
    0x00020a00   0x00020a00   0x00000008   Data   RO         4140    log_const_data      nrf_sortlist.o
    0x00020a08   0x00020a08   0x00000008   Data   RO         4435    log_const_data      nrf_log_frontend.o
    0x00020a10   0x00020a10   0x00000008   Data   RO         4917    log_const_data      nrf_sdh.o
    0x00020a18   0x00020a18   0x00000008   Data   RO         5027    log_const_data      nrf_sdh_ble.o
    0x00020a20   0x00020a20   0x00000008   Data   RO         5076    log_const_data      nrf_sdh_soc.o
    0x00020a28   0x00020a28   0x00000014   Data   RO         4436    nrf_balloc          nrf_log_frontend.o
    0x00020a3c   0x00020a3c   0x00000008   Data   RO         1079    sdh_ble_observers0  ble_conn_state.o
    0x00020a44   0x00020a44   0x00000010   Data   RO           29    sdh_ble_observers1  main.o
    0x00020a54   0x00020a54   0x00000008   Data   RO          679    sdh_ble_observers1  bsp_btn_ble.o
    0x00020a5c   0x00020a5c   0x00000008   Data   RO          993    sdh_ble_observers1  ble_conn_params.o
    0x00020a64   0x00020a64   0x00000010   Data   RO           30    sdh_ble_observers2  main.o
    0x00020a74   0x00020a74   0x00000008   Data   RO         5115    sdh_ble_observers2  ble_dfu.o
    0x00020a7c   0x00020a7c   0x00000008   Data   RO           31    sdh_ble_observers3  main.o
    0x00020a84   0x00020a84   0x00000008   Data   RO         1511    sdh_soc_observers0  nrf_drv_clock.o
    0x00020a8c   0x00020a8c   0x00000008   Data   RO         5253    sdh_soc_observers1  ble_dfu_unbonded.o
    0x00020a94   0x00020a94   0x00000008   Data   RO         5028    sdh_stack_observers0  nrf_sdh_ble.o
    0x00020a9c   0x00020a9c   0x00000008   Data   RO         5077    sdh_stack_observers0  nrf_sdh_soc.o
    0x00020aa4   0x00020aa4   0x00000008   Data   RO         1512    sdh_state_observers0  nrf_drv_clock.o


    Execution Region RW_IRAM1 (Exec base: 0x20002398, Load base: 0x00020aac, Size: 0x000018d0, Max: 0x00003c68, ABSOLUTE, COMPRESSED[0x0000005c])

    Exec Addr    Load Addr    Size         Type   Attr      Idx    E Section Name        Object

    0x20002398   COMPRESSED   0x00000008   Data   RW           26    .data               main.o
    0x200023a0   COMPRESSED   0x00000028   Data   RW           27    .data               main.o
    0x200023c8   COMPRESSED   0x00000004   Data   RW           28    .data               main.o
    0x200023cc   COMPRESSED   0x00000010   Data   RW          577    .data               bsp.o
    0x200023dc   COMPRESSED   0x00000008   Data   RW          678    .data               bsp_btn_ble.o
    0x200023e4   COMPRESSED   0x00000008   Data   RW          992    .data               ble_conn_params.o
    0x200023ec   COMPRESSED   0x0000000c   Data   RW         1643    .data               nrf_drv_uart.o
    0x200023f8   COMPRESSED   0x00000008   Data   RW         1849    .data               nrfx_clock.o
    0x20002400   COMPRESSED   0x00000008   Data   RW         2281    .data               nrfx_prs.o
    0x20002408   COMPRESSED   0x00000018   Data   RW         2692    .data               app_button.o
    0x20002420   COMPRESSED   0x00000020   Data   RW         3021    .data               app_timer2.o
    0x20002440   COMPRESSED   0x00000004   Data   RW         3022    .data               app_timer2.o
    0x20002444   COMPRESSED   0x0000001c   Data   RW         3151    .data               app_uart_fifo.o
    0x20002460   COMPRESSED   0x0000000c   Data   RW         3310    .data               drv_rtc.o
    0x2000246c   COMPRESSED   0x00000008   Data   RW         3975    .data               nrf_pwr_mgmt.o
    0x20002474   COMPRESSED   0x00000004   Data   RW         4225    .data               retarget.o
    0x20002478   COMPRESSED   0x00000001   Data   RW         4269    .data               nrf_log_backend_rtt.o
    0x20002479   COMPRESSED   0x00000003   PAD
    0x2000247c   COMPRESSED   0x00000008   Data   RW         4366    .data               nrf_log_default_backends.o
    0x20002484   COMPRESSED   0x00000004   Data   RW         4432    .data               nrf_log_frontend.o
    0x20002488   COMPRESSED   0x00000008   Data   RW         4433    .data               nrf_log_frontend.o
    0x20002490   COMPRESSED   0x00000008   Data   RW         4434    .data               nrf_log_frontend.o
    0x20002498   COMPRESSED   0x00000040   Data   RW         4593    .data               nrf_log_str_formatter.o
    0x200024d8   COMPRESSED   0x00000003   Data   RW         4916    .data               nrf_sdh.o
    0x200024db   COMPRESSED   0x00000001   Data   RW         5026    .data               nrf_sdh_ble.o
    0x200024dc   COMPRESSED   0x00000004   Data   RW         5252    .data               ble_dfu_unbonded.o
    0x200024e0   COMPRESSED   0x00000004   Data   RW         5344    .data               system_nrf52810.o
    0x200024e4        -       0x00000408   Zero   RW           23    .bss                main.o
    0x200028ec   COMPRESSED   0x00000004   PAD
    0x200028f0        -       0x00000020   Zero   RW          572    .bss                bsp.o
    0x20002910        -       0x00000020   Zero   RW          573    .bss                bsp.o
    0x20002930        -       0x0000000c   Zero   RW          574    .bss                bsp.o
    0x2000293c   COMPRESSED   0x00000004   PAD
    0x20002940        -       0x00000020   Zero   RW          575    .bss                bsp.o
    0x20002960        -       0x00000050   Zero   RW          991    .bss                ble_conn_params.o
    0x200029b0        -       0x0000007c   Zero   RW         1078    .bss                ble_conn_state.o
    0x20002a2c        -       0x00000014   Zero   RW         1504    .bss                nrf_drv_clock.o
    0x20002a40        -       0x0000005c   Zero   RW         2016    .bss                nrfx_gpiote.o
    0x20002a9c        -       0x0000002c   Zero   RW         2355    .bss                nrfx_uart.o
    0x20002ac8        -       0x00000024   Zero   RW         2539    .bss                nrfx_uarte.o
    0x20002aec   COMPRESSED   0x00000004   PAD
    0x20002af0        -       0x00000020   Zero   RW         2688    .bss                app_button.o
    0x20002b10        -       0x00000010   Zero   RW         2689    .bss                app_button.o
    0x20002b20        -       0x00000020   Zero   RW         2778    .bss                app_error.o
    0x20002b40        -       0x00000010   Zero   RW         3017    .bss                app_timer2.o
    0x20002b50        -       0x00000058   Zero   RW         3018    .bss                app_timer2.o
    0x20002ba8        -       0x00000020   Zero   RW         3149    .bss                app_uart_fifo.o
    0x20002bc8        -       0x0000000c   Zero   RW         3224    .bss                app_util_platform.o
    0x20002bd4        -       0x0000000c   Zero   RW         3971    .bss                nrf_pwr_mgmt.o
    0x20002be0        -       0x00000040   Zero   RW         4266    .bss                nrf_log_backend_rtt.o
    0x20002c20        -       0x000000c0   Zero   RW         4426    .bss                nrf_log_frontend.o
    0x20002ce0        -       0x00000080   Zero   RW         4427    .bss                nrf_log_frontend.o
    0x20002d60        -       0x00000018   Zero   RW         4428    .bss                nrf_log_frontend.o
    0x20002d78        -       0x00000420   Zero   RW         4429    .bss                nrf_log_frontend.o
    0x20003198        -       0x00000288   Zero   RW         4669    .bss                segger_rtt.o
    0x20003420        -       0x0000001c   Zero   RW         5113    .bss                ble_dfu.o
    0x2000343c        -       0x00000028   Zero   RW         5250    .bss                ble_dfu_unbonded.o
    0x20003464   COMPRESSED   0x00000004   PAD
    0x20003468        -       0x00000800   Zero   RW         5331    STACK               arm_startup_nrf52810.o


==============================================================================

Image component sizes


      Code (inc. data)   RO Data    RW Data    ZI Data      Debug   Object Name

       664         66         27         24         48      17338   app_button.o
       100          4          0          0         32       3486   app_error.o
        26          0          0          0          0        524   app_error_handler_keil.o
       356        194          0          0          0       4886   app_error_weak.o
       118          0          0          0          0       4766   app_fifo.o
       846         88         38         36        104      15953   app_timer2.o
       592        120         32         28         32      15810   app_uart_fifo.o
       124         14          0          0         12      10558   app_util_platform.o
        84         22        512          0       2048        904   arm_startup_nrf52810.o
      1338          0          0          0          0      52888   ble_advdata.o
      1030          6          0          0          0      11158   ble_advertising.o
       636         44          8          8         80       8979   ble_conn_params.o
       506         76          8          0        124       9039   ble_conn_state.o
       478         36         32          0         28      18572   ble_dfu.o
         0          0          0          0          0       5328   ble_dfu_bonded.o
       476         42        214          4         40       7146   ble_dfu_unbonded.o
        72          0          0          0          0       1604   ble_link_ctx_manager.o
       672          6         32          0          0       6716   ble_nus.o
       464          6          0          0          0       3903   ble_srv_common.o
       358         40          8          0          0      13827   boards.o
       998         84         44         16        108      15403   bsp.o
       252         10          8          8          0       4612   bsp_btn_ble.o
       704         76          6         12          0      47833   drv_rtc.o
      2432        824        129         52       1032     184821   main.o
       326          0          0          0          0       5655   nrf_atfifo.o
        64          0          0          0          0       2888   nrf_atflags.o
       306          0          0          0          0       7599   nrf_atomic.o
       164          0          0          0          0       3488   nrf_balloc.o
       634        186         35          0          0       8153   nrf_ble_gatt.o
       276          0          0          0          0       4501   nrf_ble_qwr.o
       380        236          0          0          0       1630   nrf_dfu_svci.o
       312         36         30          0         20      43332   nrf_drv_clock.o
       200         26          0         12          0      17684   nrf_drv_uart.o
        50          0          0          0          0       3433   nrf_fprintf.o
       866          4         16          0          0       6362   nrf_fprintf_format.o
       112         18         18          1         64       5889   nrf_log_backend_rtt.o
       194          0          0          0          0      10873   nrf_log_backend_serial.o
        28          4         32          8          0       3289   nrf_log_default_backends.o
      1502        128         44         20       1400      29807   nrf_log_frontend.o
       570        108        102         64          0       5468   nrf_log_str_formatter.o
       346          0          0          0          0       9187   nrf_memobj.o
       248         38         53          8         12      36834   nrf_pwr_mgmt.o
        28          0          0          0          0       2315   nrf_ringbuf.o
       448        106        104          3          0      42398   nrf_sdh.o
       792        298        539          1          0       5729   nrf_sdh_ble.o
       128         68         56          0          0       2424   nrf_sdh_soc.o
        78          0          0          0          0       2640   nrf_section_iter.o
        84          0         17          0          0       3921   nrf_sortlist.o
        76         10       1319          0          0       2647   nrf_strerror.o
       242         32         14          8          0      46672   nrfx_clock.o
      1268        106         19          0         92      64845   nrfx_gpiote.o
        94         16         12          8          0       3617   nrfx_prs.o
      1368         38         17          0         44      29685   nrfx_uart.o
      1290         36         18          0         36      24423   nrfx_uarte.o
        14          0          0          4          0       2826   retarget.o
       378         34          0          0        648       8705   segger_rtt.o
       892         78          0          4          0      14363   system_nrf52810.o

    ----------------------------------------------------------------------
     27138       3364       3628        332       6020     929336   Object Totals
         0          0         32          0          0          0   (incl. Generated)
        54          0         53          3         16          0   (incl. Padding)

    ----------------------------------------------------------------------

      Code (inc. data)   RO Data    RW Data    ZI Data      Debug   Library Member Name

        86          0          0          0          0          0   __dczerorl2.o
         8          4        133          0          0         68   ctype_o.o
         0          0          0          0          0          0   entry.o
         0          0          0          0          0          0   entry10a.o
         0          0          0          0          0          0   entry11a.o
         4          0          0          0          0          0   entry12b.o
         8          4          0          0          0          0   entry2.o
         4          0          0          0          0          0   entry5.o
         0          0          0          0          0          0   entry7b.o
         0          0          0          0          0          0   entry8b.o
         8          4          0          0          0          0   entry9a.o
        30          0          0          0          0          0   handlers.o
        36          8          0          0          0         68   init.o
        30          0          0          0          0         68   llshl.o
        32          0          0          0          0         68   llushr.o
        36          0          0          0          0         68   memcpya.o
        36          0          0          0          0        108   memseta.o
        50          8          0          0          0        152   printfb.o
        18          0          0          0          0         68   strcpy.o
        14          0          0          0          0         68   strlen.o
        98          0          0          0          0         92   uldiv.o

    ----------------------------------------------------------------------
       502         28        136          0          0        828   Library Totals
         4          0          3          0          0          0   (incl. Padding)

    ----------------------------------------------------------------------

      Code (inc. data)   RO Data    RW Data    ZI Data      Debug   Library Name

       498         28        133          0          0        828   mc_w.l

    ----------------------------------------------------------------------
       502         28        136          0          0        828   Library Totals

    ----------------------------------------------------------------------

==============================================================================


      Code (inc. data)   RO Data    RW Data    ZI Data      Debug   

     27640       3392       3764        332       6020     912248   Grand Totals
     27640       3392       3764         92       6020     912248   ELF Image Totals (compressed)
     27640       3392       3764         92          0          0   ROM Totals

==============================================================================

    Total RO  Size (Code + RO Data)                31404 (  30.67kB)
    Total RW  Size (RW Data + ZI Data)              6352 (   6.20kB)
    Total ROM Size (Code + RO Data + RW Data)      31496 (  30.76kB)

==============================================================================

